Jan 16 07:06:08 2019 172.19.25.105 stm[701]: <501100> <NOTI> |AP AP105-D_Base-08@172.19.25.105 stm|  Assoc success @ 07:06:08.973151: 48:4b:aa:0a:2c:a4: AP 172.19.25.105-9c:1c:12:1c:1b:e9-AP105-D_Base-08
Jan 16 07:06:08 2019 Aruba3600 stm[1984]: <501100> <NOTI> <Aruba3600 172.19.0.30>  Assoc success @ 07:06:08.988508: 48:4b:aa:0a:2c:a4: AP 172.19.25.105-9c:1c:12:1c:1b:e9-AP105-D_Base-08
Jan 16 07:06:08 2019 Aruba3600 authmgr[2326]: <522035> <INFO> <Aruba3600 172.19.0.30>  MAC=48:4b:aa:0a:2c:a4 Station UP: BSSID=9c:1c:12:1c:1b:e9 ESSID=PSU WiFi (802.1x) @PKT VLAN=807 AP-name=AP105-D_Base-08
Jan 16 07:06:08 2019 Aruba3600 authmgr[2326]: <522049> <INFO> <Aruba3600 172.19.0.30>  MAC=00:00:00:00:00:00,IP=N/A User role updated, existing Role=none/none, new Role=logon/none, reason=mac user created
Jan 16 07:06:08 2019 Aruba3600 authmgr[2326]: <522050> <INFO> <Aruba3600 172.19.0.30>  MAC=48:4b:aa:0a:2c:a4,IP=N/A User data downloaded to datapath, new Role=logon/2, bw Contract=0/0, reason=layer 2 event driven download, idle-timeout=300
Jan 16 07:06:09 2019 172.19.25.105 stm[701]: <501102> <NOTI> |AP AP105-D_Base-08@172.19.25.105 stm|  Disassoc from sta: 48:4b:aa:0a:2c:a4: AP 172.19.25.105-9c:1c:12:1c:1b:e9-AP105-D_Base-08 Reason STA has left and is disassociated
Jan 16 07:06:09 2019 Aruba3600 authmgr[2326]: <522036> <INFO> <Aruba3600 172.19.0.30>  MAC=48:4b:aa:0a:2c:a4 Station DN: BSSID=9c:1c:12:1c:1b:e9 ESSID=PSU WiFi (802.1x) @PKT VLAN=807 AP-name=AP105-D_Base-08
Jan 16 07:06:09 2019 Aruba3600 mdns[2066]: <527004> <INFO> <Aruba3600 172.19.0.30>  mdns_parse_auth_useridle_message 169 Auth User Idle Timeout: MAC:48:4b:aa:0a:2c:a4
Jan 16 07:06:12 2019 172.19.25.97 stm[698]: <501109> <NOTI> |AP AP105-D1H4@172.19.25.97 stm|  Auth request: 6c:96:cf:c7:4b:4c: AP 172.19.25.97-9c:1c:12:1c:17:51-AP105-D1H4 auth_alg 0
Jan 16 07:06:12 2019 172.19.25.97 stm[698]: <501093> <NOTI> |AP AP105-D1H4@172.19.25.97 stm|  Auth success: 6c:96:cf:c7:4b:4c: AP 172.19.25.97-9c:1c:12:1c:17:51-AP105-D1H4
Jan 16 07:06:12 2019 172.19.25.97 stm[698]: <501095> <NOTI> |AP AP105-D1H4@172.19.25.97 stm|  Assoc request @ 07:06:12.136651: 6c:96:cf:c7:4b:4c (SN 201): AP 172.19.25.97-9c:1c:12:1c:17:51-AP105-D1H4
Jan 16 07:06:12 2019 172.19.25.97 stm[698]: <501100> <NOTI> |AP AP105-D1H4@172.19.25.97 stm|  Assoc success @ 07:06:12.138159: 6c:96:cf:c7:4b:4c: AP 172.19.25.97-9c:1c:12:1c:17:51-AP105-D1H4
Jan 16 07:06:12 2019 Aruba3600 authmgr[2326]: <522036> <INFO> <Aruba3600 172.19.0.30>  MAC=6c:96:cf:c7:4b:4c Station DN: BSSID=9c:1c:12:29:59:39 ESSID=PSU WiFi (802.1x) @PKT VLAN=804 AP-name=AP105-D1G4
Jan 16 07:06:12 2019 Aruba3600 stm[1984]: <501080> <NOTI> <Aruba3600 172.19.0.30>  Deauth to sta: 6c:96:cf:c7:4b:4c: Ageout AP 172.19.25.93-9c:1c:12:29:59:39-AP105-D1G4 STA has roamed to another AP
Jan 16 07:06:12 2019 172.19.25.93 stm[702]: <501105> <NOTI> |AP AP105-D1G4@172.19.25.93 stm|  Deauth from sta: 6c:96:cf:c7:4b:4c: AP 172.19.25.93-9c:1c:12:29:59:39-AP105-D1G4 Reason STA has roamed to another AP
Jan 16 07:06:12 2019 Aruba3600 stm[1984]: <501100> <NOTI> <Aruba3600 172.19.0.30>  Assoc success @ 07:06:12.166877: 6c:96:cf:c7:4b:4c: AP 172.19.25.97-9c:1c:12:1c:17:51-AP105-D1H4
Jan 16 07:06:12 2019 Aruba3600 authmgr[2326]: <522035> <INFO> <Aruba3600 172.19.0.30>  MAC=6c:96:cf:c7:4b:4c Station UP: BSSID=9c:1c:12:1c:17:51 ESSID=PSU WiFi (802.1x) @PKT VLAN=804 AP-name=AP105-D1H4
Jan 16 07:06:12 2019 Aruba3600 authmgr[1960]: <522038> <INFO> <Aruba3600 172.19.0.30>  username=6130112025 MAC=6c:96:cf:c7:4b:4c IP=0.0.0.0 Authentication result=Authentication Successful method=802.1x server=radius.phuket
Jan 16 07:06:12 2019 Aruba3600 authmgr[1960]: <522044> <INFO> <Aruba3600 172.19.0.30>  MAC=6c:96:cf:c7:4b:4c Station authenticate(start): method=802.1x, role=authenticated/authenticated//logon, VLAN=804/804, Derivation=7/1, Value Pair=1, flags=0x8 
Jan 16 07:06:12 2019 Aruba3600 authmgr[1960]: <522049> <INFO> <Aruba3600 172.19.0.30>  MAC=6c:96:cf:c7:4b:4c,IP=N/A User role updated, existing Role=authenticated/none, new Role=authenticated/none, reason=station Authenticated with auth type:  802.1x
Jan 16 07:06:12 2019 Aruba3600 authmgr[1960]: <522050> <INFO> <Aruba3600 172.19.0.30>  MAC=6c:96:cf:c7:4b:4c,IP=N/A User data downloaded to datapath, new Role=authenticated/68, bw Contract=0/0, reason=Download driven by user role setting, idle-timeout=300
Jan 16 07:06:12 2019 172.19.25.105 stm[701]: <501109> <NOTI> |AP AP105-D_Base-08@172.19.25.105 stm|  Auth request: 48:4b:aa:0a:2c:a4: AP 172.19.25.105-9c:1c:12:1c:1b:e9-AP105-D_Base-08 auth_alg 0
Jan 16 07:06:12 2019 Aruba3600 authmgr[1960]: <522029> <INFO> <Aruba3600 172.19.0.30>  MAC=6c:96:cf:c7:4b:4c Station authenticate: method=802.1x, role=authenticated///logon, VLAN=804/804, Derivation=7/1, Value Pair=1 
Jan 16 07:06:12 2019 Aruba3600 authmgr[1960]: <522008> <NOTI> <Aruba3600 172.19.0.30>  User Authentication Successful: username=6130112025 MAC=6c:96:cf:c7:4b:4c IP=172.19.29.22 role=authenticated VLAN=804 AP=AP105-D1H4 SSID=PSU WiFi (802.1x) @PKT AAA profile=dot1x_aaa auth method=802.1x auth server=radius.phuket
Jan 16 07:06:12 2019 Aruba3600 authmgr[1960]: <522008> <NOTI> <Aruba3600 172.19.0.30>  User Authentication Successful: username=6130112025 MAC=6c:96:cf:c7:4b:4c IP=172.19.27.137 role=authenticated VLAN=804 AP=AP105-D1H4 SSID=PSU WiFi (802.1x) @PKT AAA profile=dot1x_aaa auth method=802.1x auth server=radius.phuket
Jan 16 07:06:12 2019 172.19.25.105 stm[701]: <501093> <NOTI> |AP AP105-D_Base-08@172.19.25.105 stm|  Auth success: 48:4b:aa:0a:2c:a4: AP 172.19.25.105-9c:1c:12:1c:1b:e9-AP105-D_Base-08
Jan 16 07:06:12 2019 172.19.25.105 stm[701]: <501095> <NOTI> |AP AP105-D_Base-08@172.19.25.105 stm|  Assoc request @ 07:06:12.547880: 48:4b:aa:0a:2c:a4 (SN 2773): AP 172.19.25.105-9c:1c:12:1c:1b:e9-AP105-D_Base-08
Jan 16 07:06:12 2019 172.19.25.105 stm[701]: <501100> <NOTI> |AP AP105-D_Base-08@172.19.25.105 stm|  Assoc success @ 07:06:12.549136: 48:4b:aa:0a:2c:a4: AP 172.19.25.105-9c:1c:12:1c:1b:e9-AP105-D_Base-08
Jan 16 07:06:12 2019 Aruba3600 stm[1984]: <501100> <NOTI> <Aruba3600 172.19.0.30>  Assoc success @ 07:06:12.564368: 48:4b:aa:0a:2c:a4: AP 172.19.25.105-9c:1c:12:1c:1b:e9-AP105-D_Base-08
Jan 16 07:06:12 2019 Aruba3600 authmgr[2326]: <522035> <INFO> <Aruba3600 172.19.0.30>  MAC=48:4b:aa:0a:2c:a4 Station UP: BSSID=9c:1c:12:1c:1b:e9 ESSID=PSU WiFi (802.1x) @PKT VLAN=807 AP-name=AP105-D_Base-08
Jan 16 07:06:12 2019 Aruba3600 authmgr[2326]: <522049> <INFO> <Aruba3600 172.19.0.30>  MAC=00:00:00:00:00:00,IP=N/A User role updated, existing Role=none/none, new Role=logon/none, reason=mac user created
Jan 16 07:06:12 2019 Aruba3600 authmgr[2326]: <522050> <INFO> <Aruba3600 172.19.0.30>  MAC=48:4b:aa:0a:2c:a4,IP=N/A User data downloaded to datapath, new Role=logon/2, bw Contract=0/0, reason=layer 2 event driven download, idle-timeout=300
Jan 16 07:06:12 2019 172.19.25.105 stm[701]: <501102> <NOTI> |AP AP105-D_Base-08@172.19.25.105 stm|  Disassoc from sta: 48:4b:aa:0a:2c:a4: AP 172.19.25.105-9c:1c:12:1c:1b:e9-AP105-D_Base-08 Reason STA has left and is disassociated
Jan 16 07:06:12 2019 Aruba3600 authmgr[2326]: <522036> <INFO> <Aruba3600 172.19.0.30>  MAC=48:4b:aa:0a:2c:a4 Station DN: BSSID=9c:1c:12:1c:1b:e9 ESSID=PSU WiFi (802.1x) @PKT VLAN=807 AP-name=AP105-D_Base-08
Jan 16 07:06:12 2019 Aruba3600 mdns[2066]: <527004> <INFO> <Aruba3600 172.19.0.30>  mdns_parse_auth_useridle_message 169 Auth User Idle Timeout: MAC:48:4b:aa:0a:2c:a4
Jan 16 07:06:16 2019 172.19.25.105 stm[701]: <501109> <NOTI> |AP AP105-D_Base-08@172.19.25.105 stm|  Auth request: 48:4b:aa:0a:2c:a4: AP 172.19.25.105-9c:1c:12:1c:1b:e9-AP105-D_Base-08 auth_alg 0
Jan 16 07:06:16 2019 172.19.25.105 stm[701]: <501093> <NOTI> |AP AP105-D_Base-08@172.19.25.105 stm|  Auth success: 48:4b:aa:0a:2c:a4: AP 172.19.25.105-9c:1c:12:1c:1b:e9-AP105-D_Base-08
Jan 16 07:06:16 2019 172.19.25.105 stm[701]: <501095> <NOTI> |AP AP105-D_Base-08@172.19.25.105 stm|  Assoc request @ 07:06:16.133415: 48:4b:aa:0a:2c:a4 (SN 2819): AP 172.19.25.105-9c:1c:12:1c:1b:e9-AP105-D_Base-08
Jan 16 07:06:16 2019 172.19.25.105 stm[701]: <501100> <NOTI> |AP AP105-D_Base-08@172.19.25.105 stm|  Assoc success @ 07:06:16.134713: 48:4b:aa:0a:2c:a4: AP 172.19.25.105-9c:1c:12:1c:1b:e9-AP105-D_Base-08
Jan 16 07:06:16 2019 Aruba3600 stm[1984]: <501100> <NOTI> <Aruba3600 172.19.0.30>  Assoc success @ 07:06:16.150643: 48:4b:aa:0a:2c:a4: AP 172.19.25.105-9c:1c:12:1c:1b:e9-AP105-D_Base-08
Jan 16 07:06:16 2019 Aruba3600 authmgr[2326]: <522035> <INFO> <Aruba3600 172.19.0.30>  MAC=48:4b:aa:0a:2c:a4 Station UP: BSSID=9c:1c:12:1c:1b:e9 ESSID=PSU WiFi (802.1x) @PKT VLAN=807 AP-name=AP105-D_Base-08
Jan 16 07:06:16 2019 Aruba3600 authmgr[2326]: <522049> <INFO> <Aruba3600 172.19.0.30>  MAC=00:00:00:00:00:00,IP=N/A User role updated, existing Role=none/none, new Role=logon/none, reason=mac user created
Jan 16 07:06:16 2019 Aruba3600 authmgr[2326]: <522050> <INFO> <Aruba3600 172.19.0.30>  MAC=48:4b:aa:0a:2c:a4,IP=N/A User data downloaded to datapath, new Role=logon/2, bw Contract=0/0, reason=layer 2 event driven download, idle-timeout=300
Jan 16 07:06:16 2019 172.19.25.105 stm[701]: <501102> <NOTI> |AP AP105-D_Base-08@172.19.25.105 stm|  Disassoc from sta: 48:4b:aa:0a:2c:a4: AP 172.19.25.105-9c:1c:12:1c:1b:e9-AP105-D_Base-08 Reason STA has left and is disassociated
Jan 16 07:06:16 2019 Aruba3600 authmgr[2326]: <522036> <INFO> <Aruba3600 172.19.0.30>  MAC=48:4b:aa:0a:2c:a4 Station DN: BSSID=9c:1c:12:1c:1b:e9 ESSID=PSU WiFi (802.1x) @PKT VLAN=807 AP-name=AP105-D_Base-08
Jan 16 07:06:16 2019 Aruba3600 mdns[2066]: <527004> <INFO> <Aruba3600 172.19.0.30>  mdns_parse_auth_useridle_message 169 Auth User Idle Timeout: MAC:48:4b:aa:0a:2c:a4
Jan 16 07:06:16 2019 172.19.25.78 stm[703]: <501109> <NOTI> |AP AP105-D1D1@172.19.25.78 stm|  Auth request: e0:66:78:96:5f:0b: AP 172.19.25.78-9c:1c:12:24:7e:68-AP105-D1D1 auth_alg 0
Jan 16 07:06:16 2019 172.19.25.78 stm[703]: <501093> <NOTI> |AP AP105-D1D1@172.19.25.78 stm|  Auth success: e0:66:78:96:5f:0b: AP 172.19.25.78-9c:1c:12:24:7e:68-AP105-D1D1
Jan 16 07:06:16 2019 172.19.25.78 stm[703]: <501095> <NOTI> |AP AP105-D1D1@172.19.25.78 stm|  Assoc request @ 07:06:16.828711: e0:66:78:96:5f:0b (SN 482): AP 172.19.25.78-9c:1c:12:24:7e:68-AP105-D1D1
Jan 16 07:06:16 2019 172.19.25.78 stm[703]: <501100> <NOTI> |AP AP105-D1D1@172.19.25.78 stm|  Assoc success @ 07:06:16.829936: e0:66:78:96:5f:0b: AP 172.19.25.78-9c:1c:12:24:7e:68-AP105-D1D1
Jan 16 07:06:16 2019 Aruba3600 stm[1984]: <501100> <NOTI> <Aruba3600 172.19.0.30>  Assoc success @ 07:06:16.951049: e0:66:78:96:5f:0b: AP 172.19.25.78-9c:1c:12:24:7e:68-AP105-D1D1
Jan 16 07:06:16 2019 Aruba3600 authmgr[2326]: <522035> <INFO> <Aruba3600 172.19.0.30>  MAC=e0:66:78:96:5f:0b Station UP: BSSID=9c:1c:12:24:7e:68 ESSID=PSU WiFi (Web Login) @PKT VLAN=803 AP-name=AP105-D1D1
Jan 16 07:06:38 2019 172.19.25.78 stm[703]: <501109> <NOTI> |AP AP105-D1D1@172.19.25.78 stm|  Auth request: e0:66:78:96:5f:0b: AP 172.19.25.78-9c:1c:12:24:7e:68-AP105-D1D1 auth_alg 0
Jan 16 07:06:38 2019 172.19.25.78 stm[703]: <501093> <NOTI> |AP AP105-D1D1@172.19.25.78 stm|  Auth success: e0:66:78:96:5f:0b: AP 172.19.25.78-9c:1c:12:24:7e:68-AP105-D1D1
Jan 16 07:06:38 2019 172.19.25.78 stm[703]: <501095> <NOTI> |AP AP105-D1D1@172.19.25.78 stm|  Assoc request @ 07:06:38.640005: e0:66:78:96:5f:0b (SN 45): AP 172.19.25.78-9c:1c:12:24:7e:68-AP105-D1D1
Jan 16 07:06:38 2019 172.19.25.78 stm[703]: <501100> <NOTI> |AP AP105-D1D1@172.19.25.78 stm|  Assoc success @ 07:06:38.641888: e0:66:78:96:5f:0b: AP 172.19.25.78-9c:1c:12:24:7e:68-AP105-D1D1
Jan 16 07:06:38 2019 Aruba3600 stm[1984]: <501100> <NOTI> <Aruba3600 172.19.0.30>  Assoc success @ 07:06:38.762221: e0:66:78:96:5f:0b: AP 172.19.25.78-9c:1c:12:24:7e:68-AP105-D1D1
Jan 16 07:06:38 2019 Aruba3600 authmgr[2326]: <522035> <INFO> <Aruba3600 172.19.0.30>  MAC=e0:66:78:96:5f:0b Station UP: BSSID=9c:1c:12:24:7e:68 ESSID=PSU WiFi (Web Login) @PKT VLAN=803 AP-name=AP105-D1D1
Jan 16 07:06:38 2019 Aruba3600 authmgr[1960]: <522038> <INFO> <Aruba3600 172.19.0.30>  username=5730213092 MAC=88:63:df:62:b8:c2 IP=172.19.29.196 Authentication result=Authentication Successful method=radius-accounting server=radius.phuket
Jan 16 07:06:38 2019 Aruba3600 authmgr[1960]: <522038> <INFO> <Aruba3600 172.19.0.30>  username=5835512011 MAC=2c:61:f6:bb:d2:9e IP=172.19.39.131 Authentication result=Authentication Successful method=radius-accounting server=radius.phuket
Jan 16 07:06:38 2019 Aruba3600 authmgr[1960]: <522038> <INFO> <Aruba3600 172.19.0.30>  username=6030212022 MAC=a0:32:99:4d:18:ed IP=172.19.29.43 Authentication result=Authentication Successful method=radius-accounting server=radius.phuket
Jan 16 07:06:38 2019 Aruba3600 authmgr[1960]: <522038> <INFO> <Aruba3600 172.19.0.30>  username=6130311001 MAC=04:d6:aa:dd:f2:8c IP=172.19.39.147 Authentication result=Authentication Successful method=radius-accounting server=radius.phuket
Jan 16 07:06:38 2019 Aruba3600 authmgr[1960]: <522038> <INFO> <Aruba3600 172.19.0.30>  username=5830214009 MAC=58:40:4e:18:1e:93 IP=172.19.29.59 Authentication result=Authentication Successful method=radius-accounting server=radius.phuket
Jan 16 07:06:38 2019 Aruba3600 authmgr[1960]: <522038> <INFO> <Aruba3600 172.19.0.30>  username=5930211026 MAC=b0:70:2d:b7:67:d1 IP=172.19.27.142 Authentication result=Authentication Successful method=radius-accounting server=radius.phuket
Jan 16 07:06:38 2019 Aruba3600 authmgr[1960]: <522038> <INFO> <Aruba3600 172.19.0.30>  username=6030213047 MAC=58:e6:ba:44:22:74 IP=172.19.29.172 Authentication result=Authentication Successful method=radius-accounting server=radius.phuket
Jan 16 07:06:39 2019 Aruba3600 authmgr[1960]: <522038> <INFO> <Aruba3600 172.19.0.30>  username=6130611020 MAC=04:92:26:7b:a0:32 IP=172.19.29.99 Authentication result=Authentication Successful method=radius-accounting server=radius.phuket
Jan 16 07:06:39 2019 Aruba3600 authmgr[1960]: <522038> <INFO> <Aruba3600 172.19.0.30>  username=6030214011 MAC=4c:1a:3d:76:25:d3 IP=172.19.29.228 Authentication result=Authentication Successful method=radius-accounting server=radius.phuket
Jan 16 07:06:39 2019 Aruba3600 authmgr[1960]: <522038> <INFO> <Aruba3600 172.19.0.30>  username=5730112153 MAC=44:d3:ad:1c:b7:97 IP=172.19.27.65 Authentication result=Authentication Successful method=radius-accounting server=radius.phuket
Jan 16 07:06:39 2019 Aruba3600 authmgr[1960]: <522038> <INFO> <Aruba3600 172.19.0.30>  username=5830112063 MAC=88:e8:7f:74:75:31 IP=172.19.27.174 Authentication result=Authentication Successful method=radius-accounting server=radius.phuket
Jan 16 07:06:39 2019 Aruba3600 authmgr[1960]: <522038> <INFO> <Aruba3600 172.19.0.30>  username=6035512053 MAC=24:92:0e:5f:9e:56 IP=172.19.29.244 Authentication result=Authentication Successful method=radius-accounting server=radius.phuket
Jan 16 07:06:39 2019 Aruba3600 authmgr[1960]: <522038> <INFO> <Aruba3600 172.19.0.30>  username=5830112085 MAC=78:67:d7:52:9b:80 IP=172.19.27.190 Authentication result=Authentication Successful method=radius-accounting server=radius.phuket
Jan 16 07:06:39 2019 Aruba3600 authmgr[1960]: <522038> <INFO> <Aruba3600 172.19.0.30>  username=6035512033 MAC=48:a9:1c:21:16:3a IP=172.19.27.198 Authentication result=Authentication Successful method=radius-accounting server=radius.phuket
Jan 16 07:06:44 2019 172.19.25.73 stm[701]: <501109> <NOTI> |AP AP105-D1B4@172.19.25.73 stm|  Auth request: 08:4a:cf:b3:a4:61: AP 172.19.25.73-9c:1c:12:24:8b:b0-AP105-D1B4 auth_alg 0
Jan 16 07:06:44 2019 172.19.25.73 stm[701]: <501093> <NOTI> |AP AP105-D1B4@172.19.25.73 stm|  Auth success: 08:4a:cf:b3:a4:61: AP 172.19.25.73-9c:1c:12:24:8b:b0-AP105-D1B4
Jan 16 07:06:44 2019 172.19.25.73 stm[701]: <501095> <NOTI> |AP AP105-D1B4@172.19.25.73 stm|  Assoc request @ 07:06:44.524227: 08:4a:cf:b3:a4:61 (SN 2313): AP 172.19.25.73-9c:1c:12:24:8b:b0-AP105-D1B4
Jan 16 07:06:44 2019 172.19.25.73 stm[701]: <501100> <NOTI> |AP AP105-D1B4@172.19.25.73 stm|  Assoc success @ 07:06:44.525586: 08:4a:cf:b3:a4:61: AP 172.19.25.73-9c:1c:12:24:8b:b0-AP105-D1B4
Jan 16 07:06:44 2019 Aruba3600 stm[1984]: <501100> <NOTI> <Aruba3600 172.19.0.30>  Assoc success @ 07:06:44.543599: 08:4a:cf:b3:a4:61: AP 172.19.25.73-9c:1c:12:24:8b:b0-AP105-D1B4
Jan 16 07:06:44 2019 Aruba3600 authmgr[2326]: <522035> <INFO> <Aruba3600 172.19.0.30>  MAC=08:4a:cf:b3:a4:61 Station UP: BSSID=9c:1c:12:24:8b:b0 ESSID=PSU WiFi (Web Login) @PKT VLAN=801 AP-name=AP105-D1B4
Jan 16 07:06:44 2019 Aruba3600 authmgr[2326]: <522049> <INFO> <Aruba3600 172.19.0.30>  MAC=00:00:00:00:00:00,IP=N/A User role updated, existing Role=none/none, new Role=logon/none, reason=mac user created
Jan 16 07:06:44 2019 Aruba3600 authmgr[2326]: <522049> <INFO> <Aruba3600 172.19.0.30>  MAC=08:4a:cf:b3:a4:61,IP=N/A User role updated, existing Role=logon/none, new Role=guest-logon/none, reason=Set AAA profile defaults
Jan 16 07:06:44 2019 Aruba3600 authmgr[2326]: <522050> <INFO> <Aruba3600 172.19.0.30>  MAC=08:4a:cf:b3:a4:61,IP=N/A User data downloaded to datapath, new Role=guest-logon/9, bw Contract=0/0, reason=layer 2 event driven download, idle-timeout=300
Jan 16 07:06:47 2019 Aruba3600 authmgr[1960]: <522026> <INFO> <Aruba3600 172.19.0.30>  MAC=08:4a:cf:b3:a4:61 IP=172.19.26.199 User miss: ingress=0x10092, VLAN=801 flags=0x8040
Jan 16 07:06:47 2019 Aruba3600 authmgr[1960]: <522006> <INFO> <Aruba3600 172.19.0.30>  MAC=08:4a:cf:b3:a4:61 IP=172.19.26.199 User entry added: reason=Sibtye
Jan 16 07:06:47 2019 Aruba3600 mdns[2066]: <527004> <INFO> <Aruba3600 172.19.0.30>  mdns_parse_auth_useradd_message 226 Auth User ADD: MAC:08:4a:cf:b3:a4:61, IP:172.19.26.199, VLAN:801, Role:guest-logon Name: APName:AP105-D1B4 Type:1. Groups: 
Jan 16 07:06:47 2019 Aruba3600 authmgr[1960]: <522050> <INFO> <Aruba3600 172.19.0.30>  MAC=08:4a:cf:b3:a4:61,IP=172.19.26.199 User data downloaded to datapath, new Role=guest-logon/9, bw Contract=0/0, reason=New user IP processing, idle-timeout=300
Jan 16 07:06:52 2019 172.19.25.78 stm[703]: <501109> <NOTI> |AP AP105-D1D1@172.19.25.78 stm|  Auth request: e0:66:78:96:5f:0b: AP 172.19.25.78-9c:1c:12:24:7e:68-AP105-D1D1 auth_alg 0
Jan 16 07:06:52 2019 172.19.25.78 stm[703]: <501093> <NOTI> |AP AP105-D1D1@172.19.25.78 stm|  Auth success: e0:66:78:96:5f:0b: AP 172.19.25.78-9c:1c:12:24:7e:68-AP105-D1D1
Jan 16 07:06:52 2019 172.19.25.78 stm[703]: <501095> <NOTI> |AP AP105-D1D1@172.19.25.78 stm|  Assoc request @ 07:06:52.771359: e0:66:78:96:5f:0b (SN 136): AP 172.19.25.78-9c:1c:12:24:7e:68-AP105-D1D1
Jan 16 07:06:52 2019 Aruba3600 stm[1984]: <501100> <NOTI> <Aruba3600 172.19.0.30>  Assoc success @ 07:06:52.892402: e0:66:78:96:5f:0b: AP 172.19.25.78-9c:1c:12:24:7e:68-AP105-D1D1
Jan 16 07:06:52 2019 172.19.25.78 stm[703]: <501100> <NOTI> |AP AP105-D1D1@172.19.25.78 stm|  Assoc success @ 07:06:52.772655: e0:66:78:96:5f:0b: AP 172.19.25.78-9c:1c:12:24:7e:68-AP105-D1D1
Jan 16 07:06:52 2019 Aruba3600 authmgr[2326]: <522035> <INFO> <Aruba3600 172.19.0.30>  MAC=e0:66:78:96:5f:0b Station UP: BSSID=9c:1c:12:24:7e:68 ESSID=PSU WiFi (Web Login) @PKT VLAN=803 AP-name=AP105-D1D1
Jan 16 07:06:55 2019 172.19.25.67 stm[700]: <501109> <NOTI> |AP AP105-D1A2@172.19.25.67 stm|  Auth request: 6c:ab:31:ae:fa:d8: AP 172.19.25.67-9c:1c:12:24:85:91-AP105-D1A2 auth_alg 0
Jan 16 07:06:55 2019 172.19.25.67 stm[700]: <501093> <NOTI> |AP AP105-D1A2@172.19.25.67 stm|  Auth success: 6c:ab:31:ae:fa:d8: AP 172.19.25.67-9c:1c:12:24:85:91-AP105-D1A2
Jan 16 07:06:55 2019 Aruba3600 authmgr[2326]: <522036> <INFO> <Aruba3600 172.19.0.30>  MAC=6c:ab:31:ae:fa:d8 Station DN: BSSID=9c:1c:12:24:85:99 ESSID=PSU WiFi (802.1x) @PKT VLAN=802 AP-name=AP105-D1A2
Jan 16 07:06:55 2019 172.19.25.67 stm[700]: <501095> <NOTI> |AP AP105-D1A2@172.19.25.67 stm|  Assoc request @ 07:06:55.837374: 6c:ab:31:ae:fa:d8 (SN 1216): AP 172.19.25.67-9c:1c:12:24:85:91-AP105-D1A2
Jan 16 07:06:55 2019 172.19.25.67 stm[700]: <501080> <NOTI> |AP AP105-D1A2@172.19.25.67 stm|  Deauth to sta: 6c:ab:31:ae:fa:d8: Ageout AP 172.19.25.67-9c:1c:12:24:85:99-AP105-D1A2 STA has roamed to another AP
Jan 16 07:06:55 2019 172.19.25.67 stm[700]: <501100> <NOTI> |AP AP105-D1A2@172.19.25.67 stm|  Assoc success @ 07:06:55.843122: 6c:ab:31:ae:fa:d8: AP 172.19.25.67-9c:1c:12:24:85:91-AP105-D1A2
Jan 16 07:06:55 2019 Aruba3600 stm[1984]: <501100> <NOTI> <Aruba3600 172.19.0.30>  Assoc success @ 07:06:55.961163: 6c:ab:31:ae:fa:d8: AP 172.19.25.67-9c:1c:12:24:85:91-AP105-D1A2
Jan 16 07:06:55 2019 Aruba3600 authmgr[2326]: <522035> <INFO> <Aruba3600 172.19.0.30>  MAC=6c:ab:31:ae:fa:d8 Station UP: BSSID=9c:1c:12:24:85:91 ESSID=PSU WiFi (802.1x) @PKT VLAN=802 AP-name=AP105-D1A2
Jan 16 07:06:55 2019 Aruba3600 authmgr[2326]: <522044> <INFO> <Aruba3600 172.19.0.30>  MAC=6c:ab:31:ae:fa:d8 Station authenticate(start): method=802.1x, role=authenticated/authenticated//logon, VLAN=802/802, Derivation=7/1, Value Pair=0, flags=0x8 
Jan 16 07:06:55 2019 Aruba3600 authmgr[2326]: <522049> <INFO> <Aruba3600 172.19.0.30>  MAC=6c:ab:31:ae:fa:d8,IP=N/A User role updated, existing Role=authenticated/none, new Role=authenticated/none, reason=station Authenticated with auth type:  802.1x
Jan 16 07:06:55 2019 Aruba3600 authmgr[2326]: <522050> <INFO> <Aruba3600 172.19.0.30>  MAC=6c:ab:31:ae:fa:d8,IP=N/A User data downloaded to datapath, new Role=authenticated/68, bw Contract=0/0, reason=Download driven by user role setting, idle-timeout=300
Jan 16 07:06:55 2019 Aruba3600 authmgr[2326]: <522029> <INFO> <Aruba3600 172.19.0.30>  MAC=6c:ab:31:ae:fa:d8 Station authenticate: method=802.1x, role=authenticated/authenticated//logon, VLAN=802/802, Derivation=7/1, Value Pair=0 
Jan 16 07:06:55 2019 Aruba3600 authmgr[2326]: <522008> <NOTI> <Aruba3600 172.19.0.30>  User Authentication Successful: username=6035512044 MAC=6c:ab:31:ae:fa:d8 IP=172.19.27.245 role=authenticated VLAN=802 AP=AP105-D1A2 SSID=PSU WiFi (802.1x) @PKT AAA profile=dot1x_aaa auth method=802.1x auth server=radius.phuket
Jan 16 07:06:56 2019 172.19.25.100 stm[701]: <501109> <NOTI> |AP AP105-D_Base-03@172.19.25.100 stm|  Auth request: bc:54:51:c8:df:fc: AP 172.19.25.100-9c:1c:12:1c:1a:48-AP105-D_Base-03 auth_alg 0
Jan 16 07:06:56 2019 172.19.25.100 stm[701]: <501093> <NOTI> |AP AP105-D_Base-03@172.19.25.100 stm|  Auth success: bc:54:51:c8:df:fc: AP 172.19.25.100-9c:1c:12:1c:1a:48-AP105-D_Base-03
Jan 16 07:06:56 2019 172.19.25.100 stm[701]: <501095> <NOTI> |AP AP105-D_Base-03@172.19.25.100 stm|  Assoc request @ 07:06:56.033093: bc:54:51:c8:df:fc (SN 2): AP 172.19.25.100-9c:1c:12:1c:1a:48-AP105-D_Base-03
Jan 16 07:06:56 2019 172.19.25.100 stm[701]: <501100> <NOTI> |AP AP105-D_Base-03@172.19.25.100 stm|  Assoc success @ 07:06:56.034656: bc:54:51:c8:df:fc: AP 172.19.25.100-9c:1c:12:1c:1a:48-AP105-D_Base-03
Jan 16 07:06:56 2019 Aruba3600 stm[1984]: <501100> <NOTI> <Aruba3600 172.19.0.30>  Assoc success @ 07:06:56.041844: bc:54:51:c8:df:fc: AP 172.19.25.100-9c:1c:12:1c:1a:48-AP105-D_Base-03
Jan 16 07:06:56 2019 Aruba3600 authmgr[2326]: <522035> <INFO> <Aruba3600 172.19.0.30>  MAC=bc:54:51:c8:df:fc Station UP: BSSID=9c:1c:12:1c:1a:48 ESSID=PSU WiFi (Web Login) @PKT VLAN=806 AP-name=AP105-D_Base-03
Jan 16 07:06:56 2019 Aruba3600 authmgr[2326]: <522049> <INFO> <Aruba3600 172.19.0.30>  MAC=00:00:00:00:00:00,IP=N/A User role updated, existing Role=none/none, new Role=logon/none, reason=mac user created
Jan 16 07:06:56 2019 Aruba3600 authmgr[2326]: <522049> <INFO> <Aruba3600 172.19.0.30>  MAC=bc:54:51:c8:df:fc,IP=N/A User role updated, existing Role=logon/none, new Role=guest-logon/none, reason=Set AAA profile defaults
Jan 16 07:06:56 2019 Aruba3600 authmgr[2326]: <522050> <INFO> <Aruba3600 172.19.0.30>  MAC=bc:54:51:c8:df:fc,IP=N/A User data downloaded to datapath, new Role=guest-logon/9, bw Contract=0/0, reason=layer 2 event driven download, idle-timeout=300
Jan 16 07:06:57 2019 Aruba3600 authmgr[1960]: <522026> <INFO> <Aruba3600 172.19.0.30>  MAC=bc:54:51:c8:df:fc IP=172.19.38.114 User miss: ingress=0x10159, VLAN=806 flags=0x8040
Jan 16 07:06:57 2019 Aruba3600 authmgr[1960]: <522006> <INFO> <Aruba3600 172.19.0.30>  MAC=bc:54:51:c8:df:fc IP=172.19.38.114 User entry added: reason=Sibtye
Jan 16 07:06:57 2019 Aruba3600 authmgr[1960]: <522050> <INFO> <Aruba3600 172.19.0.30>  MAC=bc:54:51:c8:df:fc,IP=172.19.38.114 User data downloaded to datapath, new Role=guest-logon/9, bw Contract=0/0, reason=New user IP processing, idle-timeout=300
Jan 16 07:06:57 2019 Aruba3600 mdns[2066]: <527004> <INFO> <Aruba3600 172.19.0.30>  mdns_parse_auth_useradd_message 226 Auth User ADD: MAC:bc:54:51:c8:df:fc, IP:172.19.38.114, VLAN:806, Role:guest-logon Name: APName:AP105-D_Base-03 Type:1. Groups: 
Jan 16 07:07:00 2019 172.19.25.82 stm[701]: <501109> <NOTI> |AP AP105-D1E1@172.19.25.82 stm|  Auth request: 48:74:6e:94:9e:b8: AP 172.19.25.82-9c:1c:12:24:7d:c1-AP105-D1E1 auth_alg 0
Jan 16 07:07:00 2019 172.19.25.82 stm[701]: <501093> <NOTI> |AP AP105-D1E1@172.19.25.82 stm|  Auth success: 48:74:6e:94:9e:b8: AP 172.19.25.82-9c:1c:12:24:7d:c1-AP105-D1E1
Jan 16 07:07:00 2019 172.19.25.82 stm[701]: <501095> <NOTI> |AP AP105-D1E1@172.19.25.82 stm|  Assoc request @ 07:07:00.277002: 48:74:6e:94:9e:b8 (SN 3): AP 172.19.25.82-9c:1c:12:24:7d:c1-AP105-D1E1
Jan 16 07:07:00 2019 172.19.25.82 stm[701]: <501100> <NOTI> |AP AP105-D1E1@172.19.25.82 stm|  Assoc success @ 07:07:00.278394: 48:74:6e:94:9e:b8: AP 172.19.25.82-9c:1c:12:24:7d:c1-AP105-D1E1
Jan 16 07:07:00 2019 Aruba3600 stm[1984]: <501100> <NOTI> <Aruba3600 172.19.0.30>  Assoc success @ 07:07:00.296815: 48:74:6e:94:9e:b8: AP 172.19.25.82-9c:1c:12:24:7d:c1-AP105-D1E1
Jan 16 07:07:00 2019 Aruba3600 authmgr[2326]: <522035> <INFO> <Aruba3600 172.19.0.30>  MAC=48:74:6e:94:9e:b8 Station UP: BSSID=9c:1c:12:24:7d:c1 ESSID=PSU WiFi (802.1x) @PKT VLAN=802 AP-name=AP105-D1E1
Jan 16 07:07:00 2019 Aruba3600 authmgr[2326]: <522049> <INFO> <Aruba3600 172.19.0.30>  MAC=00:00:00:00:00:00,IP=N/A User role updated, existing Role=none/none, new Role=logon/none, reason=mac user created
Jan 16 07:07:00 2019 Aruba3600 authmgr[2326]: <522050> <INFO> <Aruba3600 172.19.0.30>  MAC=48:74:6e:94:9e:b8,IP=N/A User data downloaded to datapath, new Role=logon/2, bw Contract=0/0, reason=layer 2 event driven download, idle-timeout=300
Jan 16 07:07:00 2019 Aruba3600 authmgr[1960]: <522038> <INFO> <Aruba3600 172.19.0.30>  username=5735512153 MAC=48:74:6e:94:9e:b8 IP=0.0.0.0 Authentication result=Authentication Successful method=802.1x server=radius.phuket
Jan 16 07:07:00 2019 Aruba3600 authmgr[1960]: <522044> <INFO> <Aruba3600 172.19.0.30>  MAC=48:74:6e:94:9e:b8 Station authenticate(start): method=802.1x, role=logon///logon, VLAN=802/802, Derivation=0/0, Value Pair=1, flags=0x8 
Jan 16 07:07:00 2019 Aruba3600 authmgr[1960]: <522049> <INFO> <Aruba3600 172.19.0.30>  MAC=48:74:6e:94:9e:b8,IP=N/A User role updated, existing Role=logon/none, new Role=authenticated/none, reason=station Authenticated with auth type:  802.1x
Jan 16 07:07:00 2019 Aruba3600 authmgr[1960]: <522050> <INFO> <Aruba3600 172.19.0.30>  MAC=48:74:6e:94:9e:b8,IP=N/A User data downloaded to datapath, new Role=authenticated/68, bw Contract=0/0, reason=Download driven by user role setting, idle-timeout=300
Jan 16 07:07:00 2019 Aruba3600 authmgr[1960]: <522029> <INFO> <Aruba3600 172.19.0.30>  MAC=48:74:6e:94:9e:b8 Station authenticate: method=802.1x, role=authenticated///logon, VLAN=802/802, Derivation=7/1, Value Pair=1 
Jan 16 07:07:00 2019 Aruba3600 authmgr[1960]: <522005> <INFO> <Aruba3600 172.19.0.30>  MAC=68:64:4b:5e:e6:b5 IP=172.19.27.207 User entry deleted: reason=user request
Jan 16 07:07:00 2019 Aruba3600 authmgr[1960]: <522050> <INFO> <Aruba3600 172.19.0.30>  MAC=68:64:4b:5e:e6:b5,IP=N/A User data downloaded to datapath, new Role=authenticated/68, bw Contract=0/0, reason=Station resetting role, idle-timeout=300
Jan 16 07:07:00 2019 Aruba3600 mdns[2066]: <527004> <INFO> <Aruba3600 172.19.0.30>  mdns_parse_auth_useridle_message 169 Auth User Idle Timeout: MAC:68:64:4b:5e:e6:b5
Jan 16 07:07:00 2019 Aruba3600 authmgr[1960]: <522038> <INFO> <Aruba3600 172.19.0.30>  username=5835512069 MAC=68:64:4b:5e:e6:b5 IP=172.19.27.207 Authentication result=Authentication Successful method=radius-accounting server=radius.phuket
Jan 16 07:07:02 2019 Aruba3600 authmgr[1960]: <522026> <INFO> <Aruba3600 172.19.0.30>  MAC=48:74:6e:94:9e:b8 IP=172.19.27.108 User miss: ingress=0x10171, VLAN=802 flags=0x8040
Jan 16 07:07:02 2019 Aruba3600 authmgr[1960]: <522006> <INFO> <Aruba3600 172.19.0.30>  MAC=48:74:6e:94:9e:b8 IP=172.19.27.108 User entry added: reason=Sibtye
Jan 16 07:07:02 2019 Aruba3600 mdns[2066]: <527004> <INFO> <Aruba3600 172.19.0.30>  mdns_parse_auth_useradd_message 226 Auth User ADD: MAC:48:74:6e:94:9e:b8, IP:172.19.27.108, VLAN:802, Role:authenticated Name:5735512153 APName:AP105-D1E1 Type:1. Groups: 
Jan 16 07:07:02 2019 Aruba3600 authmgr[1960]: <522050> <INFO> <Aruba3600 172.19.0.30>  MAC=48:74:6e:94:9e:b8,IP=172.19.27.108 User data downloaded to datapath, new Role=authenticated/68, bw Contract=0/0, reason=New user IP processing, idle-timeout=300
Jan 16 07:07:02 2019 Aruba3600 authmgr[1960]: <522038> <INFO> <Aruba3600 172.19.0.30>  username=5735512153 MAC=48:74:6e:94:9e:b8 IP=172.19.27.108 Authentication result=Authentication Successful method=radius-accounting server=radius.phuket
Jan 16 07:07:06 2019 172.19.25.78 stm[703]: <501109> <NOTI> |AP AP105-D1D1@172.19.25.78 stm|  Auth request: e0:66:78:96:5f:0b: AP 172.19.25.78-9c:1c:12:24:7e:68-AP105-D1D1 auth_alg 0
Jan 16 07:07:06 2019 172.19.25.78 stm[703]: <501093> <NOTI> |AP AP105-D1D1@172.19.25.78 stm|  Auth success: e0:66:78:96:5f:0b: AP 172.19.25.78-9c:1c:12:24:7e:68-AP105-D1D1
Jan 16 07:07:06 2019 172.19.25.78 stm[703]: <501095> <NOTI> |AP AP105-D1D1@172.19.25.78 stm|  Assoc request @ 07:07:06.687682: e0:66:78:96:5f:0b (SN 228): AP 172.19.25.78-9c:1c:12:24:7e:68-AP105-D1D1
Jan 16 07:07:06 2019 172.19.25.78 stm[703]: <501100> <NOTI> |AP AP105-D1D1@172.19.25.78 stm|  Assoc success @ 07:07:06.689554: e0:66:78:96:5f:0b: AP 172.19.25.78-9c:1c:12:24:7e:68-AP105-D1D1
Jan 16 07:07:06 2019 Aruba3600 stm[1984]: <501100> <NOTI> <Aruba3600 172.19.0.30>  Assoc success @ 07:07:06.810455: e0:66:78:96:5f:0b: AP 172.19.25.78-9c:1c:12:24:7e:68-AP105-D1D1
Jan 16 07:07:06 2019 Aruba3600 authmgr[2326]: <522035> <INFO> <Aruba3600 172.19.0.30>  MAC=e0:66:78:96:5f:0b Station UP: BSSID=9c:1c:12:24:7e:68 ESSID=PSU WiFi (Web Login) @PKT VLAN=803 AP-name=AP105-D1D1
Jan 16 07:07:07 2019 172.19.25.66 stm[702]: <501109> <NOTI> |AP AP105-D1A1@172.19.25.66 stm|  Auth request: cc:25:ef:53:6a:46: AP 172.19.25.66-9c:1c:12:24:8a:59-AP105-D1A1 auth_alg 0
Jan 16 07:07:07 2019 172.19.25.66 stm[702]: <501093> <NOTI> |AP AP105-D1A1@172.19.25.66 stm|  Auth success: cc:25:ef:53:6a:46: AP 172.19.25.66-9c:1c:12:24:8a:59-AP105-D1A1
Jan 16 07:07:07 2019 Aruba3600 authmgr[2326]: <522036> <INFO> <Aruba3600 172.19.0.30>  MAC=cc:25:ef:53:6a:46 Station DN: BSSID=9c:1c:12:24:8a:51 ESSID=PSU WiFi (802.1x) @PKT VLAN=802 AP-name=AP105-D1A1
Jan 16 07:07:07 2019 172.19.25.66 stm[702]: <501095> <NOTI> |AP AP105-D1A1@172.19.25.66 stm|  Assoc request @ 07:07:07.312210: cc:25:ef:53:6a:46 (SN 3339): AP 172.19.25.66-9c:1c:12:24:8a:59-AP105-D1A1
Jan 16 07:07:07 2019 172.19.25.66 stm[702]: <501080> <NOTI> |AP AP105-D1A1@172.19.25.66 stm|  Deauth to sta: cc:25:ef:53:6a:46: Ageout AP 172.19.25.66-9c:1c:12:24:8a:51-AP105-D1A1 STA has roamed to another AP
Jan 16 07:07:07 2019 Aruba3600 stm[1984]: <501100> <NOTI> <Aruba3600 172.19.0.30>  Assoc success @ 07:07:07.371137: cc:25:ef:53:6a:46: AP 172.19.25.66-9c:1c:12:24:8a:59-AP105-D1A1
Jan 16 07:07:07 2019 172.19.25.66 stm[702]: <501100> <NOTI> |AP AP105-D1A1@172.19.25.66 stm|  Assoc success @ 07:07:07.316829: cc:25:ef:53:6a:46: AP 172.19.25.66-9c:1c:12:24:8a:59-AP105-D1A1
Jan 16 07:07:07 2019 Aruba3600 authmgr[2326]: <522035> <INFO> <Aruba3600 172.19.0.30>  MAC=cc:25:ef:53:6a:46 Station UP: BSSID=9c:1c:12:24:8a:59 ESSID=PSU WiFi (802.1x) @PKT VLAN=802 AP-name=AP105-D1A1
Jan 16 07:07:07 2019 Aruba3600 authmgr[2326]: <522044> <INFO> <Aruba3600 172.19.0.30>  MAC=cc:25:ef:53:6a:46 Station authenticate(start): method=802.1x, role=authenticated/authenticated//logon, VLAN=802/802, Derivation=7/1, Value Pair=0, flags=0x8 
Jan 16 07:07:07 2019 Aruba3600 authmgr[2326]: <522049> <INFO> <Aruba3600 172.19.0.30>  MAC=cc:25:ef:53:6a:46,IP=N/A User role updated, existing Role=authenticated/none, new Role=authenticated/none, reason=station Authenticated with auth type:  802.1x
Jan 16 07:07:07 2019 Aruba3600 authmgr[2326]: <522050> <INFO> <Aruba3600 172.19.0.30>  MAC=cc:25:ef:53:6a:46,IP=N/A User data downloaded to datapath, new Role=authenticated/68, bw Contract=0/0, reason=Download driven by user role setting, idle-timeout=300
Jan 16 07:07:07 2019 Aruba3600 authmgr[2326]: <522029> <INFO> <Aruba3600 172.19.0.30>  MAC=cc:25:ef:53:6a:46 Station authenticate: method=802.1x, role=authenticated/authenticated//logon, VLAN=802/802, Derivation=7/1, Value Pair=0 
Jan 16 07:07:07 2019 Aruba3600 authmgr[2326]: <522008> <NOTI> <Aruba3600 172.19.0.30>  User Authentication Successful: username=6030112051 MAC=cc:25:ef:53:6a:46 IP=172.19.27.37 role=authenticated VLAN=802 AP=AP105-D1A1 SSID=PSU WiFi (802.1x) @PKT AAA profile=dot1x_aaa auth method=802.1x auth server=radius.phuket
Jan 16 07:07:09 2019 172.19.55.28 stm[1699]: <501093> <NOTI> |AP ap215-5101A@172.19.55.28 stm|  Auth success: b8:57:d8:78:f9:a5: AP 172.19.55.28-a8:bd:27:76:dc:e0-ap215-5101A
Jan 16 07:07:09 2019 172.19.55.28 stm[1699]: <501095> <NOTI> |AP ap215-5101A@172.19.55.28 stm|  Assoc request @ 07:07:09.108362: b8:57:d8:78:f9:a5 (SN 1988): AP 172.19.55.28-a8:bd:27:76:dc:e0-ap215-5101A
Jan 16 07:07:09 2019 172.19.55.28 stm[1699]: <501100> <NOTI> |AP ap215-5101A@172.19.55.28 stm|  Assoc success @ 07:07:09.109150: b8:57:d8:78:f9:a5: AP 172.19.55.28-a8:bd:27:76:dc:e0-ap215-5101A
Jan 16 07:07:09 2019 Aruba3600 authmgr[2326]: <522036> <INFO> <Aruba3600 172.19.0.30>  MAC=b8:57:d8:78:f9:a5 Station DN: BSSID=a8:bd:27:76:e6:00 ESSID=PSU WiFi (Web Login) @PKT VLAN=503 AP-name=ap215-theater2_5A
Jan 16 07:07:09 2019 Aruba3600 stm[1984]: <501080> <NOTI> <Aruba3600 172.19.0.30>  Deauth to sta: b8:57:d8:78:f9:a5: Ageout AP 172.19.55.30-a8:bd:27:76:e6:00-ap215-theater2_5A STA has roamed to another AP
Jan 16 07:07:09 2019 172.19.55.30 stm[1699]: <501105> <NOTI> |AP ap215-theater2_5A@172.19.55.30 stm|  Deauth from sta: b8:57:d8:78:f9:a5: AP 172.19.55.30-a8:bd:27:76:e6:00-ap215-theater2_5A Reason STA has roamed to another AP
Jan 16 07:07:09 2019 Aruba3600 stm[1984]: <501100> <NOTI> <Aruba3600 172.19.0.30>  Assoc success @ 07:07:09.122597: b8:57:d8:78:f9:a5: AP 172.19.55.28-a8:bd:27:76:dc:e0-ap215-5101A
Jan 16 07:07:09 2019 Aruba3600 authmgr[2326]: <522035> <INFO> <Aruba3600 172.19.0.30>  MAC=b8:57:d8:78:f9:a5 Station UP: BSSID=a8:bd:27:76:dc:e0 ESSID=PSU WiFi (Web Login) @PKT VLAN=503 AP-name=ap215-5101A
Jan 16 07:07:13 2019 172.19.25.83 stm[700]: <501102> <NOTI> |AP AP105-D1E2@172.19.25.83 stm|  Disassoc from sta: c0:1a:da:51:db:b6: AP 172.19.25.83-9c:1c:12:24:7e:81-AP105-D1E2 Reason STA has left and is disassociated
Jan 16 07:07:13 2019 Aruba3600 authmgr[2326]: <522036> <INFO> <Aruba3600 172.19.0.30>  MAC=c0:1a:da:51:db:b6 Station DN: BSSID=9c:1c:12:24:7e:81 ESSID=PSU WiFi (802.1x) @PKT VLAN=802 AP-name=AP105-D1E2
Jan 16 07:07:13 2019 Aruba3600 authmgr[1960]: <522038> <INFO> <Aruba3600 172.19.0.30>  username=6030213025 MAC=20:47:da:0a:50:ad IP=172.19.29.11 Authentication result=Authentication Successful method=radius-accounting server=radius.phuket
Jan 16 07:07:14 2019 Aruba3600 authmgr[1960]: <522038> <INFO> <Aruba3600 172.19.0.30>  username=6030213008 MAC=04:b1:67:3f:52:70 IP=172.19.29.35 Authentication result=Authentication Successful method=radius-accounting server=radius.phuket
Jan 16 07:07:14 2019 Aruba3600 authmgr[1960]: <522038> <INFO> <Aruba3600 172.19.0.30>  username=6130613023 MAC=96:53:01:57:f2:63 IP=172.19.28.211 Authentication result=Authentication Successful method=radius-accounting server=radius.phuket
Jan 16 07:07:14 2019 Aruba3600 authmgr[1960]: <522038> <INFO> <Aruba3600 172.19.0.30>  username=6130613053 MAC=cc:2d:83:4f:af:22 IP=172.19.28.195 Authentication result=Authentication Successful method=radius-accounting server=radius.phuket
Jan 16 07:07:14 2019 Aruba3600 authmgr[1960]: <522038> <INFO> <Aruba3600 172.19.0.30>  username=5735512151 MAC=48:a9:1c:51:c9:3c IP=172.19.27.150 Authentication result=Authentication Successful method=radius-accounting server=radius.phuket
Jan 16 07:07:14 2019 Aruba3600 authmgr[1960]: <522038> <INFO> <Aruba3600 172.19.0.30>  username=6130212005 MAC=00:12:36:ce:7e:34 IP=172.19.54.155 Authentication result=Authentication Successful method=radius-accounting server=radius.phuket
Jan 16 07:07:14 2019 Aruba3600 authmgr[1960]: <522038> <INFO> <Aruba3600 172.19.0.30>  username=5635512041 MAC=84:be:52:fe:ad:f0 IP=172.19.26.153 Authentication result=Authentication Successful method=radius-accounting server=radius.phuket
Jan 16 07:07:14 2019 Aruba3600 authmgr[1960]: <522038> <INFO> <Aruba3600 172.19.0.30>  username=5935512095 MAC=88:ad:d2:3a:c7:5c IP=172.19.29.220 Authentication result=Authentication Successful method=radius-accounting server=radius.phuket
Jan 16 07:07:18 2019 172.19.25.106 stm[704]: <501109> <NOTI> |AP AP105-D_Base-09@172.19.25.106 stm|  Auth request: 04:d6:aa:dd:f2:8c: AP 172.19.25.106-9c:1c:12:29:53:31-AP105-D_Base-09 auth_alg 0
Jan 16 07:07:18 2019 172.19.25.106 stm[704]: <501093> <NOTI> |AP AP105-D_Base-09@172.19.25.106 stm|  Auth success: 04:d6:aa:dd:f2:8c: AP 172.19.25.106-9c:1c:12:29:53:31-AP105-D_Base-09
Jan 16 07:07:18 2019 Aruba3600 authmgr[2326]: <522036> <INFO> <Aruba3600 172.19.0.30>  MAC=04:d6:aa:dd:f2:8c Station DN: BSSID=9c:1c:12:29:53:39 ESSID=PSU WiFi (802.1x) @PKT VLAN=807 AP-name=AP105-D_Base-09
Jan 16 07:07:18 2019 172.19.25.106 stm[704]: <501095> <NOTI> |AP AP105-D_Base-09@172.19.25.106 stm|  Assoc request @ 07:07:18.241288: 04:d6:aa:dd:f2:8c (SN 2982): AP 172.19.25.106-9c:1c:12:29:53:31-AP105-D_Base-09
Jan 16 07:07:18 2019 172.19.25.106 stm[704]: <501080> <NOTI> |AP AP105-D_Base-09@172.19.25.106 stm|  Deauth to sta: 04:d6:aa:dd:f2:8c: Ageout AP 172.19.25.106-9c:1c:12:29:53:39-AP105-D_Base-09 STA has roamed to another AP
Jan 16 07:07:18 2019 172.19.25.106 stm[704]: <501100> <NOTI> |AP AP105-D_Base-09@172.19.25.106 stm|  Assoc success @ 07:07:18.246362: 04:d6:aa:dd:f2:8c: AP 172.19.25.106-9c:1c:12:29:53:31-AP105-D_Base-09
Jan 16 07:07:18 2019 Aruba3600 stm[1984]: <501100> <NOTI> <Aruba3600 172.19.0.30>  Assoc success @ 07:07:18.315304: 04:d6:aa:dd:f2:8c: AP 172.19.25.106-9c:1c:12:29:53:31-AP105-D_Base-09
Jan 16 07:07:18 2019 Aruba3600 authmgr[2326]: <522035> <INFO> <Aruba3600 172.19.0.30>  MAC=04:d6:aa:dd:f2:8c Station UP: BSSID=9c:1c:12:29:53:31 ESSID=PSU WiFi (802.1x) @PKT VLAN=807 AP-name=AP105-D_Base-09
Jan 16 07:07:18 2019 Aruba3600 authmgr[2326]: <522044> <INFO> <Aruba3600 172.19.0.30>  MAC=04:d6:aa:dd:f2:8c Station authenticate(start): method=802.1x, role=authenticated/authenticated//logon, VLAN=807/807, Derivation=7/1, Value Pair=0, flags=0x8 
Jan 16 07:07:18 2019 Aruba3600 authmgr[2326]: <522049> <INFO> <Aruba3600 172.19.0.30>  MAC=04:d6:aa:dd:f2:8c,IP=N/A User role updated, existing Role=authenticated/none, new Role=authenticated/none, reason=station Authenticated with auth type:  802.1x
Jan 16 07:07:18 2019 Aruba3600 authmgr[2326]: <522050> <INFO> <Aruba3600 172.19.0.30>  MAC=04:d6:aa:dd:f2:8c,IP=N/A User data downloaded to datapath, new Role=authenticated/68, bw Contract=0/0, reason=Download driven by user role setting, idle-timeout=300
Jan 16 07:07:18 2019 Aruba3600 authmgr[2326]: <522029> <INFO> <Aruba3600 172.19.0.30>  MAC=04:d6:aa:dd:f2:8c Station authenticate: method=802.1x, role=authenticated/authenticated//logon, VLAN=807/807, Derivation=7/1, Value Pair=0 
Jan 16 07:07:18 2019 Aruba3600 authmgr[2326]: <522008> <NOTI> <Aruba3600 172.19.0.30>  User Authentication Successful: username=6130311001 MAC=04:d6:aa:dd:f2:8c IP=172.19.39.147 role=authenticated VLAN=807 AP=AP105-D_Base-09 SSID=PSU WiFi (802.1x) @PKT AAA profile=dot1x_aaa auth method=802.1x auth server=radius.phuket
Jan 16 07:07:20 2019 172.19.25.78 stm[703]: <501109> <NOTI> |AP AP105-D1D1@172.19.25.78 stm|  Auth request: e0:66:78:96:5f:0b: AP 172.19.25.78-9c:1c:12:24:7e:68-AP105-D1D1 auth_alg 0
Jan 16 07:07:20 2019 172.19.25.78 stm[703]: <501093> <NOTI> |AP AP105-D1D1@172.19.25.78 stm|  Auth success: e0:66:78:96:5f:0b: AP 172.19.25.78-9c:1c:12:24:7e:68-AP105-D1D1
Jan 16 07:07:20 2019 172.19.25.78 stm[703]: <501095> <NOTI> |AP AP105-D1D1@172.19.25.78 stm|  Assoc request @ 07:07:20.624102: e0:66:78:96:5f:0b (SN 317): AP 172.19.25.78-9c:1c:12:24:7e:68-AP105-D1D1
Jan 16 07:07:20 2019 172.19.25.78 stm[703]: <501100> <NOTI> |AP AP105-D1D1@172.19.25.78 stm|  Assoc success @ 07:07:20.625342: e0:66:78:96:5f:0b: AP 172.19.25.78-9c:1c:12:24:7e:68-AP105-D1D1
Jan 16 07:07:20 2019 Aruba3600 stm[1984]: <501100> <NOTI> <Aruba3600 172.19.0.30>  Assoc success @ 07:07:20.746085: e0:66:78:96:5f:0b: AP 172.19.25.78-9c:1c:12:24:7e:68-AP105-D1D1
Jan 16 07:07:20 2019 Aruba3600 authmgr[2326]: <522035> <INFO> <Aruba3600 172.19.0.30>  MAC=e0:66:78:96:5f:0b Station UP: BSSID=9c:1c:12:24:7e:68 ESSID=PSU WiFi (Web Login) @PKT VLAN=803 AP-name=AP105-D1D1
Jan 16 07:07:31 2019 172.19.25.89 stm[701]: <501109> <NOTI> |AP AP105-D1F4@172.19.25.89 stm|  Auth request: 80:ea:96:34:0d:e1: AP 172.19.25.89-9c:1c:12:29:5b:71-AP105-D1F4 auth_alg 0
Jan 16 07:07:31 2019 172.19.25.89 stm[701]: <501093> <NOTI> |AP AP105-D1F4@172.19.25.89 stm|  Auth success: 80:ea:96:34:0d:e1: AP 172.19.25.89-9c:1c:12:29:5b:71-AP105-D1F4
Jan 16 07:07:31 2019 172.19.25.89 stm[701]: <501095> <NOTI> |AP AP105-D1F4@172.19.25.89 stm|  Assoc request @ 07:07:31.812094: 80:ea:96:34:0d:e1 (SN 903): AP 172.19.25.89-9c:1c:12:29:5b:71-AP105-D1F4
Jan 16 07:07:31 2019 172.19.25.89 stm[701]: <501100> <NOTI> |AP AP105-D1F4@172.19.25.89 stm|  Assoc success @ 07:07:31.813424: 80:ea:96:34:0d:e1: AP 172.19.25.89-9c:1c:12:29:5b:71-AP105-D1F4
Jan 16 07:07:31 2019 Aruba3600 authmgr[2326]: <522036> <INFO> <Aruba3600 172.19.0.30>  MAC=80:ea:96:34:0d:e1 Station DN: BSSID=9c:1c:12:1c:17:51 ESSID=PSU WiFi (802.1x) @PKT VLAN=804 AP-name=AP105-D1H4
Jan 16 07:07:31 2019 Aruba3600 stm[1984]: <501080> <NOTI> <Aruba3600 172.19.0.30>  Deauth to sta: 80:ea:96:34:0d:e1: Ageout AP 172.19.25.97-9c:1c:12:1c:17:51-AP105-D1H4 STA has roamed to another AP
Jan 16 07:07:31 2019 Aruba3600 stm[1984]: <501100> <NOTI> <Aruba3600 172.19.0.30>  Assoc success @ 07:07:31.828593: 80:ea:96:34:0d:e1: AP 172.19.25.89-9c:1c:12:29:5b:71-AP105-D1F4
Jan 16 07:07:31 2019 Aruba3600 authmgr[2326]: <522035> <INFO> <Aruba3600 172.19.0.30>  MAC=80:ea:96:34:0d:e1 Station UP: BSSID=9c:1c:12:29:5b:71 ESSID=PSU WiFi (802.1x) @PKT VLAN=802 AP-name=AP105-D1F4
Jan 16 07:07:31 2019 172.19.25.97 stm[698]: <501105> <NOTI> |AP AP105-D1H4@172.19.25.97 stm|  Deauth from sta: 80:ea:96:34:0d:e1: AP 172.19.25.97-9c:1c:12:1c:17:51-AP105-D1H4 Reason STA has roamed to another AP
Jan 16 07:07:32 2019 Aruba3600 authmgr[1960]: <522038> <INFO> <Aruba3600 172.19.0.30>  username=6130112102 MAC=80:ea:96:34:0d:e1 IP=0.0.0.0 Authentication result=Authentication Successful method=802.1x server=radius.phuket
Jan 16 07:07:32 2019 Aruba3600 authmgr[1960]: <522044> <INFO> <Aruba3600 172.19.0.30>  MAC=80:ea:96:34:0d:e1 Station authenticate(start): method=802.1x, role=authenticated/authenticated//logon, VLAN=802/802, Derivation=7/1, Value Pair=1, flags=0x8 
Jan 16 07:07:32 2019 Aruba3600 authmgr[1960]: <522049> <INFO> <Aruba3600 172.19.0.30>  MAC=80:ea:96:34:0d:e1,IP=N/A User role updated, existing Role=authenticated/none, new Role=authenticated/none, reason=station Authenticated with auth type:  802.1x
Jan 16 07:07:32 2019 Aruba3600 authmgr[1960]: <522050> <INFO> <Aruba3600 172.19.0.30>  MAC=80:ea:96:34:0d:e1,IP=N/A User data downloaded to datapath, new Role=authenticated/68, bw Contract=0/0, reason=Download driven by user role setting, idle-timeout=300
Jan 16 07:07:32 2019 Aruba3600 authmgr[1960]: <522029> <INFO> <Aruba3600 172.19.0.30>  MAC=80:ea:96:34:0d:e1 Station authenticate: method=802.1x, role=authenticated///logon, VLAN=802/802, Derivation=7/1, Value Pair=1 
Jan 16 07:07:32 2019 Aruba3600 authmgr[1960]: <522008> <NOTI> <Aruba3600 172.19.0.30>  User Authentication Successful: username=6130112102 MAC=80:ea:96:34:0d:e1 IP=172.19.29.223 role=authenticated VLAN=802 AP=AP105-D1F4 SSID=PSU WiFi (802.1x) @PKT AAA profile=dot1x_aaa auth method=802.1x auth server=radius.phuket
Jan 16 07:07:32 2019 Aruba3600 authmgr[1960]: <522008> <NOTI> <Aruba3600 172.19.0.30>  User Authentication Successful: username=6130112102 MAC=80:ea:96:34:0d:e1 IP=172.19.27.186 role=authenticated VLAN=802 AP=AP105-D1F4 SSID=PSU WiFi (802.1x) @PKT AAA profile=dot1x_aaa auth method=802.1x auth server=radius.phuket
Jan 16 07:07:34 2019 172.19.25.78 stm[703]: <501109> <NOTI> |AP AP105-D1D1@172.19.25.78 stm|  Auth request: e0:66:78:96:5f:0b: AP 172.19.25.78-9c:1c:12:24:7e:68-AP105-D1D1 auth_alg 0
Jan 16 07:07:34 2019 172.19.25.78 stm[703]: <501093> <NOTI> |AP AP105-D1D1@172.19.25.78 stm|  Auth success: e0:66:78:96:5f:0b: AP 172.19.25.78-9c:1c:12:24:7e:68-AP105-D1D1
Jan 16 07:07:34 2019 172.19.25.78 stm[703]: <501095> <NOTI> |AP AP105-D1D1@172.19.25.78 stm|  Assoc request @ 07:07:34.550875: e0:66:78:96:5f:0b (SN 405): AP 172.19.25.78-9c:1c:12:24:7e:68-AP105-D1D1
Jan 16 07:07:34 2019 172.19.25.78 stm[703]: <501100> <NOTI> |AP AP105-D1D1@172.19.25.78 stm|  Assoc success @ 07:07:34.552104: e0:66:78:96:5f:0b: AP 172.19.25.78-9c:1c:12:24:7e:68-AP105-D1D1
Jan 16 07:07:34 2019 Aruba3600 stm[1984]: <501100> <NOTI> <Aruba3600 172.19.0.30>  Assoc success @ 07:07:34.672653: e0:66:78:96:5f:0b: AP 172.19.25.78-9c:1c:12:24:7e:68-AP105-D1D1
Jan 16 07:07:34 2019 Aruba3600 authmgr[2326]: <522035> <INFO> <Aruba3600 172.19.0.30>  MAC=e0:66:78:96:5f:0b Station UP: BSSID=9c:1c:12:24:7e:68 ESSID=PSU WiFi (Web Login) @PKT VLAN=803 AP-name=AP105-D1D1
Jan 16 07:07:37 2019 172.19.25.104 stm[702]: <501109> <NOTI> |AP AP105-D_Base-07@172.19.25.104 stm|  Auth request: 00:cd:fe:b7:e8:07: AP 172.19.25.104-9c:1c:12:1c:18:31-AP105-D_Base-07 auth_alg 0
Jan 16 07:07:37 2019 172.19.25.104 stm[702]: <501093> <NOTI> |AP AP105-D_Base-07@172.19.25.104 stm|  Auth success: 00:cd:fe:b7:e8:07: AP 172.19.25.104-9c:1c:12:1c:18:31-AP105-D_Base-07
Jan 16 07:07:37 2019 172.19.25.104 stm[702]: <501095> <NOTI> |AP AP105-D_Base-07@172.19.25.104 stm|  Assoc request @ 07:07:37.572594: 00:cd:fe:b7:e8:07 (SN 63): AP 172.19.25.104-9c:1c:12:1c:18:31-AP105-D_Base-07
Jan 16 07:07:37 2019 172.19.25.104 stm[702]: <501100> <NOTI> |AP AP105-D_Base-07@172.19.25.104 stm|  Assoc success @ 07:07:37.573863: 00:cd:fe:b7:e8:07: AP 172.19.25.104-9c:1c:12:1c:18:31-AP105-D_Base-07
Jan 16 07:07:37 2019 Aruba3600 authmgr[2326]: <522036> <INFO> <Aruba3600 172.19.0.30>  MAC=00:cd:fe:b7:e8:07 Station DN: BSSID=9c:1c:12:29:53:f9 ESSID=PSU WiFi (802.1x) @PKT VLAN=807 AP-name=AP105-D_Base-10
Jan 16 07:07:37 2019 Aruba3600 stm[1984]: <501080> <NOTI> <Aruba3600 172.19.0.30>  Deauth to sta: 00:cd:fe:b7:e8:07: Ageout AP 172.19.25.107-9c:1c:12:29:53:f9-AP105-D_Base-10 STA has roamed to another AP
Jan 16 07:07:37 2019 172.19.25.107 stm[705]: <501105> <NOTI> |AP AP105-D_Base-10@172.19.25.107 stm|  Deauth from sta: 00:cd:fe:b7:e8:07: AP 172.19.25.107-9c:1c:12:29:53:f9-AP105-D_Base-10 Reason STA has roamed to another AP
Jan 16 07:07:37 2019 Aruba3600 stm[1984]: <501100> <NOTI> <Aruba3600 172.19.0.30>  Assoc success @ 07:07:37.695842: 00:cd:fe:b7:e8:07: AP 172.19.25.104-9c:1c:12:1c:18:31-AP105-D_Base-07
Jan 16 07:07:37 2019 Aruba3600 authmgr[2326]: <522035> <INFO> <Aruba3600 172.19.0.30>  MAC=00:cd:fe:b7:e8:07 Station UP: BSSID=9c:1c:12:1c:18:31 ESSID=PSU WiFi (802.1x) @PKT VLAN=807 AP-name=AP105-D_Base-07
Jan 16 07:07:42 2019 172.19.55.57 stm[833]: <501109> <NOTI> |AP AP105-B5AHALL@172.19.55.57 stm|  Auth request: b8:57:d8:78:f9:a5: AP 172.19.55.57-d8:c7:c8:6c:44:80-AP105-B5AHALL auth_alg 0
Jan 16 07:07:42 2019 172.19.55.57 stm[833]: <501093> <NOTI> |AP AP105-B5AHALL@172.19.55.57 stm|  Auth success: b8:57:d8:78:f9:a5: AP 172.19.55.57-d8:c7:c8:6c:44:80-AP105-B5AHALL
Jan 16 07:07:42 2019 172.19.55.57 stm[833]: <501095> <NOTI> |AP AP105-B5AHALL@172.19.55.57 stm|  Assoc request @ 07:07:42.614333: b8:57:d8:78:f9:a5 (SN 2050): AP 172.19.55.57-d8:c7:c8:6c:44:80-AP105-B5AHALL
Jan 16 07:07:42 2019 172.19.55.57 stm[833]: <501100> <NOTI> |AP AP105-B5AHALL@172.19.55.57 stm|  Assoc success @ 07:07:42.615782: b8:57:d8:78:f9:a5: AP 172.19.55.57-d8:c7:c8:6c:44:80-AP105-B5AHALL
Jan 16 07:07:42 2019 Aruba3600 authmgr[2326]: <522036> <INFO> <Aruba3600 172.19.0.30>  MAC=b8:57:d8:78:f9:a5 Station DN: BSSID=a8:bd:27:76:dc:e0 ESSID=PSU WiFi (Web Login) @PKT VLAN=503 AP-name=ap215-5101A
Jan 16 07:07:42 2019 Aruba3600 stm[1984]: <501080> <NOTI> <Aruba3600 172.19.0.30>  Deauth to sta: b8:57:d8:78:f9:a5: Ageout AP 172.19.55.28-a8:bd:27:76:dc:e0-ap215-5101A STA has roamed to another AP
Jan 16 07:07:42 2019 172.19.55.28 stm[1699]: <501105> <NOTI> |AP ap215-5101A@172.19.55.28 stm|  Deauth from sta: b8:57:d8:78:f9:a5: AP 172.19.55.28-a8:bd:27:76:dc:e0-ap215-5101A Reason STA has roamed to another AP
Jan 16 07:07:42 2019 Aruba3600 stm[1984]: <501100> <NOTI> <Aruba3600 172.19.0.30>  Assoc success @ 07:07:42.652837: b8:57:d8:78:f9:a5: AP 172.19.55.57-d8:c7:c8:6c:44:80-AP105-B5AHALL
Jan 16 07:07:42 2019 Aruba3600 authmgr[2326]: <522035> <INFO> <Aruba3600 172.19.0.30>  MAC=b8:57:d8:78:f9:a5 Station UP: BSSID=d8:c7:c8:6c:44:80 ESSID=PSU WiFi (Web Login) @PKT VLAN=503 AP-name=AP105-B5AHALL
Jan 16 07:07:45 2019 Aruba3600 authmgr[1960]: <522005> <INFO> <Aruba3600 172.19.0.30>  MAC=48:4b:aa:c5:0a:a5 IP=172.19.28.169 User entry deleted: reason=user request
Jan 16 07:07:45 2019 Aruba3600 authmgr[1960]: <522050> <INFO> <Aruba3600 172.19.0.30>  MAC=48:4b:aa:c5:0a:a5,IP=N/A User data downloaded to datapath, new Role=authenticated/68, bw Contract=0/0, reason=Station resetting role, idle-timeout=300
