Jan 16 07:00:05 2019 Aruba3600 authmgr[1960]: <522038> <INFO> <Aruba3600 172.19.0.30>  username=6030311056 MAC=a0:56:f3:77:72:1c IP=172.19.29.82 Authentication result=Authentication Successful method=radius-accounting server=radius.phuket
Jan 16 07:00:05 2019 Aruba3600 authmgr[1960]: <522026> <INFO> <Aruba3600 172.19.0.30>  MAC=4c:32:75:ea:40:02 IP=172.19.39.206 User miss: ingress=0x1000d, VLAN=807 flags=0xc040
Jan 16 07:00:05 2019 Aruba3600 authmgr[1960]: <522006> <INFO> <Aruba3600 172.19.0.30>  MAC=4c:32:75:ea:40:02 IP=172.19.39.206 User entry added: reason=Sibtye
Jan 16 07:00:05 2019 Aruba3600 mdns[2066]: <527004> <INFO> <Aruba3600 172.19.0.30>  mdns_parse_auth_useradd_message 226 Auth User ADD: MAC:4c:32:75:ea:40:02, IP:172.19.39.206, VLAN:807, Role:authenticated Name:5930311139 APName:AP105-D_Base-03 Type:1. Groups: 
Jan 16 07:00:05 2019 Aruba3600 authmgr[1960]: <522050> <INFO> <Aruba3600 172.19.0.30>  MAC=4c:32:75:ea:40:02,IP=172.19.39.206 User data downloaded to datapath, new Role=authenticated/68, bw Contract=0/0, reason=New user IP processing, idle-timeout=300
Jan 16 07:00:05 2019 Aruba3600 authmgr[1960]: <522038> <INFO> <Aruba3600 172.19.0.30>  username=5930311139 MAC=4c:32:75:ea:40:02 IP=172.19.39.206 Authentication result=Authentication Successful method=radius-accounting server=radius.phuket
Jan 16 07:00:05 2019 Aruba3600 authmgr[1960]: <522026> <INFO> <Aruba3600 172.19.0.30>  MAC=c0:1a:da:51:db:b6 IP=172.19.27.23 User miss: ingress=0x10101, VLAN=802 flags=0x8040
Jan 16 07:00:05 2019 Aruba3600 authmgr[1960]: <522006> <INFO> <Aruba3600 172.19.0.30>  MAC=c0:1a:da:51:db:b6 IP=172.19.27.23 User entry added: reason=Sibtye
Jan 16 07:00:05 2019 Aruba3600 mdns[2066]: <527004> <INFO> <Aruba3600 172.19.0.30>  mdns_parse_auth_useradd_message 226 Auth User ADD: MAC:c0:1a:da:51:db:b6, IP:172.19.27.23, VLAN:802, Role:authenticated Name:5935512044 APName:AP105-D1E2 Type:1. Groups: 
Jan 16 07:00:05 2019 Aruba3600 authmgr[1960]: <522050> <INFO> <Aruba3600 172.19.0.30>  MAC=c0:1a:da:51:db:b6,IP=172.19.27.23 User data downloaded to datapath, new Role=authenticated/68, bw Contract=0/0, reason=New user IP processing, idle-timeout=300
Jan 16 07:00:05 2019 Aruba3600 authmgr[1960]: <522038> <INFO> <Aruba3600 172.19.0.30>  username=5935512044 MAC=c0:1a:da:51:db:b6 IP=172.19.27.23 Authentication result=Authentication Successful method=radius-accounting server=radius.phuket
Jan 16 07:00:07 2019 172.19.25.78 stm[703]: <501109> <NOTI> |AP AP105-D1D1@172.19.25.78 stm|  Auth request: a0:56:f3:77:72:1c: AP 172.19.25.78-9c:1c:12:24:7e:69-AP105-D1D1 auth_alg 0
Jan 16 07:00:07 2019 172.19.25.78 stm[703]: <501093> <NOTI> |AP AP105-D1D1@172.19.25.78 stm|  Auth success: a0:56:f3:77:72:1c: AP 172.19.25.78-9c:1c:12:24:7e:69-AP105-D1D1
Jan 16 07:00:07 2019 Aruba3600 authmgr[2326]: <522036> <INFO> <Aruba3600 172.19.0.30>  MAC=a0:56:f3:77:72:1c Station DN: BSSID=9c:1c:12:24:7e:61 ESSID=PSU WiFi (802.1x) @PKT VLAN=804 AP-name=AP105-D1D1
Jan 16 07:00:07 2019 172.19.25.78 stm[703]: <501095> <NOTI> |AP AP105-D1D1@172.19.25.78 stm|  Assoc request @ 07:00:07.381484: a0:56:f3:77:72:1c (SN 1002): AP 172.19.25.78-9c:1c:12:24:7e:69-AP105-D1D1
Jan 16 07:00:07 2019 172.19.25.78 stm[703]: <501080> <NOTI> |AP AP105-D1D1@172.19.25.78 stm|  Deauth to sta: a0:56:f3:77:72:1c: Ageout AP 172.19.25.78-9c:1c:12:24:7e:61-AP105-D1D1 STA has roamed to another AP
Jan 16 07:00:07 2019 172.19.25.78 stm[703]: <501100> <NOTI> |AP AP105-D1D1@172.19.25.78 stm|  Assoc success @ 07:00:07.386443: a0:56:f3:77:72:1c: AP 172.19.25.78-9c:1c:12:24:7e:69-AP105-D1D1
Jan 16 07:00:07 2019 Aruba3600 stm[1984]: <501100> <NOTI> <Aruba3600 172.19.0.30>  Assoc success @ 07:00:07.445820: a0:56:f3:77:72:1c: AP 172.19.25.78-9c:1c:12:24:7e:69-AP105-D1D1
Jan 16 07:00:07 2019 Aruba3600 authmgr[2326]: <522035> <INFO> <Aruba3600 172.19.0.30>  MAC=a0:56:f3:77:72:1c Station UP: BSSID=9c:1c:12:24:7e:69 ESSID=PSU WiFi (802.1x) @PKT VLAN=804 AP-name=AP105-D1D1
Jan 16 07:00:07 2019 Aruba3600 authmgr[1960]: <522038> <INFO> <Aruba3600 172.19.0.30>  username=6030311056 MAC=a0:56:f3:77:72:1c IP=0.0.0.0 Authentication result=Authentication Successful method=802.1x server=radius.phuket
Jan 16 07:00:07 2019 Aruba3600 authmgr[1960]: <522044> <INFO> <Aruba3600 172.19.0.30>  MAC=a0:56:f3:77:72:1c Station authenticate(start): method=802.1x, role=authenticated/authenticated//logon, VLAN=804/804, Derivation=7/1, Value Pair=1, flags=0x8 
Jan 16 07:00:07 2019 Aruba3600 authmgr[1960]: <522049> <INFO> <Aruba3600 172.19.0.30>  MAC=a0:56:f3:77:72:1c,IP=N/A User role updated, existing Role=authenticated/none, new Role=authenticated/none, reason=station Authenticated with auth type:  802.1x
Jan 16 07:00:07 2019 Aruba3600 authmgr[1960]: <522050> <INFO> <Aruba3600 172.19.0.30>  MAC=a0:56:f3:77:72:1c,IP=N/A User data downloaded to datapath, new Role=authenticated/68, bw Contract=0/0, reason=Download driven by user role setting, idle-timeout=300
Jan 16 07:00:07 2019 Aruba3600 authmgr[1960]: <522029> <INFO> <Aruba3600 172.19.0.30>  MAC=a0:56:f3:77:72:1c Station authenticate: method=802.1x, role=authenticated///logon, VLAN=804/804, Derivation=7/1, Value Pair=1 
Jan 16 07:00:07 2019 Aruba3600 authmgr[1960]: <522008> <NOTI> <Aruba3600 172.19.0.30>  User Authentication Successful: username=6030311056 MAC=a0:56:f3:77:72:1c IP=172.19.29.82 role=authenticated VLAN=804 AP=AP105-D1D1 SSID=PSU WiFi (802.1x) @PKT AAA profile=dot1x_aaa auth method=802.1x auth server=radius.phuket
Jan 16 07:00:09 2019 Aruba3600 authmgr[1960]: <522038> <INFO> <Aruba3600 172.19.0.30>  username=6035512044 MAC=6c:ab:31:ae:fa:d8 IP=172.19.27.245 Authentication result=Authentication Successful method=radius-accounting server=radius.phuket
Jan 16 07:00:09 2019 Aruba3600 authmgr[1960]: <522038> <INFO> <Aruba3600 172.19.0.30>  username=6130612024 MAC=f8:27:93:2f:41:09 IP=172.19.29.64 Authentication result=Authentication Successful method=radius-accounting server=radius.phuket
Jan 16 07:00:10 2019 172.19.25.93 stm[702]: <501109> <NOTI> |AP AP105-D1G4@172.19.25.93 stm|  Auth request: 88:66:a5:09:04:5b: AP 172.19.25.93-9c:1c:12:29:59:39-AP105-D1G4 auth_alg 0
Jan 16 07:00:10 2019 172.19.25.93 stm[702]: <501093> <NOTI> |AP AP105-D1G4@172.19.25.93 stm|  Auth success: 88:66:a5:09:04:5b: AP 172.19.25.93-9c:1c:12:29:59:39-AP105-D1G4
Jan 16 07:00:10 2019 172.19.25.93 stm[702]: <501095> <NOTI> |AP AP105-D1G4@172.19.25.93 stm|  Assoc request @ 07:00:10.485935: 88:66:a5:09:04:5b (SN 3989): AP 172.19.25.93-9c:1c:12:29:59:39-AP105-D1G4
Jan 16 07:00:10 2019 172.19.25.93 stm[702]: <501100> <NOTI> |AP AP105-D1G4@172.19.25.93 stm|  Assoc success @ 07:00:10.487162: 88:66:a5:09:04:5b: AP 172.19.25.93-9c:1c:12:29:59:39-AP105-D1G4
Jan 16 07:00:10 2019 Aruba3600 authmgr[2326]: <522036> <INFO> <Aruba3600 172.19.0.30>  MAC=88:66:a5:09:04:5b Station DN: BSSID=9c:1c:12:1c:17:51 ESSID=PSU WiFi (802.1x) @PKT VLAN=804 AP-name=AP105-D1H4
Jan 16 07:00:10 2019 Aruba3600 stm[1984]: <501080> <NOTI> <Aruba3600 172.19.0.30>  Deauth to sta: 88:66:a5:09:04:5b: Ageout AP 172.19.25.97-9c:1c:12:1c:17:51-AP105-D1H4 STA has roamed to another AP
Jan 16 07:00:10 2019 Aruba3600 stm[1984]: <501100> <NOTI> <Aruba3600 172.19.0.30>  Assoc success @ 07:00:10.498741: 88:66:a5:09:04:5b: AP 172.19.25.93-9c:1c:12:29:59:39-AP105-D1G4
Jan 16 07:00:10 2019 Aruba3600 authmgr[2326]: <522035> <INFO> <Aruba3600 172.19.0.30>  MAC=88:66:a5:09:04:5b Station UP: BSSID=9c:1c:12:29:59:39 ESSID=PSU WiFi (802.1x) @PKT VLAN=804 AP-name=AP105-D1G4
Jan 16 07:00:10 2019 172.19.25.97 stm[698]: <501105> <NOTI> |AP AP105-D1H4@172.19.25.97 stm|  Deauth from sta: 88:66:a5:09:04:5b: AP 172.19.25.97-9c:1c:12:1c:17:51-AP105-D1H4 Reason STA has roamed to another AP
Jan 16 07:00:10 2019 Aruba3600 authmgr[1960]: <522038> <INFO> <Aruba3600 172.19.0.30>  username=6130112086 MAC=88:66:a5:09:04:5b IP=0.0.0.0 Authentication result=Authentication Successful method=802.1x server=radius.phuket
Jan 16 07:00:10 2019 Aruba3600 authmgr[1960]: <522044> <INFO> <Aruba3600 172.19.0.30>  MAC=88:66:a5:09:04:5b Station authenticate(start): method=802.1x, role=authenticated/authenticated//logon, VLAN=804/804, Derivation=7/1, Value Pair=1, flags=0x8 
Jan 16 07:00:10 2019 Aruba3600 authmgr[1960]: <522049> <INFO> <Aruba3600 172.19.0.30>  MAC=88:66:a5:09:04:5b,IP=N/A User role updated, existing Role=authenticated/none, new Role=authenticated/none, reason=station Authenticated with auth type:  802.1x
Jan 16 07:00:10 2019 Aruba3600 authmgr[1960]: <522050> <INFO> <Aruba3600 172.19.0.30>  MAC=88:66:a5:09:04:5b,IP=N/A User data downloaded to datapath, new Role=authenticated/68, bw Contract=0/0, reason=Download driven by user role setting, idle-timeout=300
Jan 16 07:00:10 2019 Aruba3600 authmgr[1960]: <522029> <INFO> <Aruba3600 172.19.0.30>  MAC=88:66:a5:09:04:5b Station authenticate: method=802.1x, role=authenticated///logon, VLAN=804/804, Derivation=7/1, Value Pair=1 
Jan 16 07:00:10 2019 Aruba3600 authmgr[1960]: <522008> <NOTI> <Aruba3600 172.19.0.30>  User Authentication Successful: username=6130112086 MAC=88:66:a5:09:04:5b IP=172.19.29.15 role=authenticated VLAN=804 AP=AP105-D1G4 SSID=PSU WiFi (802.1x) @PKT AAA profile=dot1x_aaa auth method=802.1x auth server=radius.phuket
Jan 16 07:00:10 2019 Aruba3600 authmgr[1960]: <522038> <INFO> <Aruba3600 172.19.0.30>  username=5930311118 MAC=24:18:1d:e3:7b:a0 IP=172.19.39.192 Authentication result=Authentication Successful method=radius-accounting server=radius.phuket
Jan 16 07:00:10 2019 Aruba3600 authmgr[1960]: <522038> <INFO> <Aruba3600 172.19.0.30>  username=6030112022 MAC=c0:bd:d1:f0:50:d2 IP=172.19.27.50 Authentication result=Authentication Successful method=radius-accounting server=radius.phuket
Jan 16 07:00:10 2019 Aruba3600 authmgr[1960]: <522038> <INFO> <Aruba3600 172.19.0.30>  username=5730213009 MAC=cc:20:e8:86:6b:cc IP=172.19.27.34 Authentication result=Authentication Successful method=radius-accounting server=radius.phuket
Jan 16 07:00:10 2019 Aruba3600 authmgr[1960]: <522038> <INFO> <Aruba3600 172.19.0.30>  username=6030213033 MAC=1c:23:2c:31:8f:43 IP=172.19.27.74 Authentication result=Authentication Successful method=radius-accounting server=radius.phuket
Jan 16 07:00:10 2019 Aruba3600 authmgr[1960]: <522038> <INFO> <Aruba3600 172.19.0.30>  username=5835512099 MAC=ac:5f:3e:56:b2:2c IP=172.19.39.71 Authentication result=Authentication Successful method=radius-accounting server=radius.phuket
Jan 16 07:00:10 2019 Aruba3600 authmgr[1960]: <522038> <INFO> <Aruba3600 172.19.0.30>  username=5930213010 MAC=d4:a3:3d:8c:91:f5 IP=172.19.39.87 Authentication result=Authentication Successful method=radius-accounting server=radius.phuket
Jan 16 07:00:10 2019 Aruba3600 authmgr[1960]: <522038> <INFO> <Aruba3600 172.19.0.30>  username=6030111039 MAC=f0:79:e8:ca:ee:fd IP=172.19.29.120 Authentication result=Authentication Successful method=radius-accounting server=radius.phuket
Jan 16 07:00:10 2019 Aruba3600 authmgr[1960]: <522038> <INFO> <Aruba3600 172.19.0.30>  username=6130613008 MAC=f0:18:98:1c:48:85 IP=172.19.29.239 Authentication result=Authentication Successful method=radius-accounting server=radius.phuket
Jan 16 07:00:11 2019 Aruba3600 authmgr[1960]: <522038> <INFO> <Aruba3600 172.19.0.30>  username=5930214061 MAC=40:33:1a:a0:80:af IP=172.19.29.88 Authentication result=Authentication Successful method=radius-accounting server=radius.phuket
Jan 16 07:00:11 2019 Aruba3600 authmgr[1960]: <522038> <INFO> <Aruba3600 172.19.0.30>  username=5935512036 MAC=68:fb:7e:a7:a9:f2 IP=172.19.27.149 Authentication result=Authentication Successful method=radius-accounting server=radius.phuket
Jan 16 07:00:13 2019 Aruba3600 authmgr[1960]: <522005> <INFO> <Aruba3600 172.19.0.30>  MAC=64:70:33:17:6b:ad IP=172.19.27.130 User entry deleted: reason=user request
Jan 16 07:00:13 2019 Aruba3600 authmgr[1960]: <522050> <INFO> <Aruba3600 172.19.0.30>  MAC=64:70:33:17:6b:ad,IP=N/A User data downloaded to datapath, new Role=authenticated/68, bw Contract=0/0, reason=Station resetting role, idle-timeout=300
Jan 16 07:00:13 2019 Aruba3600 mdns[2066]: <527004> <INFO> <Aruba3600 172.19.0.30>  mdns_parse_auth_useridle_message 169 Auth User Idle Timeout: MAC:64:70:33:17:6b:ad
Jan 16 07:00:13 2019 Aruba3600 authmgr[1960]: <522038> <INFO> <Aruba3600 172.19.0.30>  username=5930213034 MAC=64:70:33:17:6b:ad IP=172.19.27.130 Authentication result=Authentication Successful method=radius-accounting server=radius.phuket
Jan 16 07:00:13 2019 172.19.25.93 stm[702]: <501109> <NOTI> |AP AP105-D1G4@172.19.25.93 stm|  Auth request: 88:66:a5:09:04:5b: AP 172.19.25.93-9c:1c:12:29:59:31-AP105-D1G4 auth_alg 0
Jan 16 07:00:13 2019 172.19.25.93 stm[702]: <501093> <NOTI> |AP AP105-D1G4@172.19.25.93 stm|  Auth success: 88:66:a5:09:04:5b: AP 172.19.25.93-9c:1c:12:29:59:31-AP105-D1G4
Jan 16 07:00:13 2019 Aruba3600 authmgr[2326]: <522036> <INFO> <Aruba3600 172.19.0.30>  MAC=88:66:a5:09:04:5b Station DN: BSSID=9c:1c:12:29:59:39 ESSID=PSU WiFi (802.1x) @PKT VLAN=804 AP-name=AP105-D1G4
Jan 16 07:00:13 2019 172.19.25.93 stm[702]: <501095> <NOTI> |AP AP105-D1G4@172.19.25.93 stm|  Assoc request @ 07:00:13.708657: 88:66:a5:09:04:5b (SN 4011): AP 172.19.25.93-9c:1c:12:29:59:31-AP105-D1G4
Jan 16 07:00:13 2019 172.19.25.93 stm[702]: <501080> <NOTI> |AP AP105-D1G4@172.19.25.93 stm|  Deauth to sta: 88:66:a5:09:04:5b: Ageout AP 172.19.25.93-9c:1c:12:29:59:39-AP105-D1G4 STA has roamed to another AP
Jan 16 07:00:13 2019 172.19.25.93 stm[702]: <501100> <NOTI> |AP AP105-D1G4@172.19.25.93 stm|  Assoc success @ 07:00:13.713132: 88:66:a5:09:04:5b: AP 172.19.25.93-9c:1c:12:29:59:31-AP105-D1G4
Jan 16 07:00:13 2019 Aruba3600 stm[1984]: <501100> <NOTI> <Aruba3600 172.19.0.30>  Assoc success @ 07:00:13.769882: 88:66:a5:09:04:5b: AP 172.19.25.93-9c:1c:12:29:59:31-AP105-D1G4
Jan 16 07:00:13 2019 Aruba3600 authmgr[2326]: <522035> <INFO> <Aruba3600 172.19.0.30>  MAC=88:66:a5:09:04:5b Station UP: BSSID=9c:1c:12:29:59:31 ESSID=PSU WiFi (802.1x) @PKT VLAN=804 AP-name=AP105-D1G4
Jan 16 07:00:13 2019 Aruba3600 authmgr[2326]: <522044> <INFO> <Aruba3600 172.19.0.30>  MAC=88:66:a5:09:04:5b Station authenticate(start): method=802.1x, role=authenticated/authenticated//logon, VLAN=804/804, Derivation=7/1, Value Pair=0, flags=0x8 
Jan 16 07:00:13 2019 Aruba3600 authmgr[2326]: <522049> <INFO> <Aruba3600 172.19.0.30>  MAC=88:66:a5:09:04:5b,IP=N/A User role updated, existing Role=authenticated/none, new Role=authenticated/none, reason=station Authenticated with auth type:  802.1x
Jan 16 07:00:13 2019 Aruba3600 authmgr[2326]: <522050> <INFO> <Aruba3600 172.19.0.30>  MAC=88:66:a5:09:04:5b,IP=N/A User data downloaded to datapath, new Role=authenticated/68, bw Contract=0/0, reason=Download driven by user role setting, idle-timeout=300
Jan 16 07:00:13 2019 Aruba3600 authmgr[2326]: <522029> <INFO> <Aruba3600 172.19.0.30>  MAC=88:66:a5:09:04:5b Station authenticate: method=802.1x, role=authenticated/authenticated//logon, VLAN=804/804, Derivation=7/1, Value Pair=0 
Jan 16 07:00:13 2019 Aruba3600 authmgr[2326]: <522008> <NOTI> <Aruba3600 172.19.0.30>  User Authentication Successful: username=6130112086 MAC=88:66:a5:09:04:5b IP=172.19.29.15 role=authenticated VLAN=804 AP=AP105-D1G4 SSID=PSU WiFi (802.1x) @PKT AAA profile=dot1x_aaa auth method=802.1x auth server=radius.phuket
Jan 16 07:00:19 2019 172.19.25.104 stm[702]: <501109> <NOTI> |AP AP105-D_Base-07@172.19.25.104 stm|  Auth request: 08:23:b2:e2:3f:08: AP 172.19.25.104-9c:1c:12:1c:18:39-AP105-D_Base-07 auth_alg 0
Jan 16 07:00:19 2019 172.19.25.104 stm[702]: <501093> <NOTI> |AP AP105-D_Base-07@172.19.25.104 stm|  Auth success: 08:23:b2:e2:3f:08: AP 172.19.25.104-9c:1c:12:1c:18:39-AP105-D_Base-07
Jan 16 07:00:19 2019 172.19.25.93 stm[702]: <501109> <NOTI> |AP AP105-D1G4@172.19.25.93 stm|  Auth request: 88:66:a5:09:04:5b: AP 172.19.25.93-9c:1c:12:29:59:39-AP105-D1G4 auth_alg 0
Jan 16 07:00:19 2019 Aruba3600 authmgr[2326]: <522036> <INFO> <Aruba3600 172.19.0.30>  MAC=88:66:a5:09:04:5b Station DN: BSSID=9c:1c:12:29:59:31 ESSID=PSU WiFi (802.1x) @PKT VLAN=804 AP-name=AP105-D1G4
Jan 16 07:00:19 2019 172.19.25.104 stm[702]: <501095> <NOTI> |AP AP105-D_Base-07@172.19.25.104 stm|  Assoc request @ 07:00:19.629762: 08:23:b2:e2:3f:08 (SN 2684): AP 172.19.25.104-9c:1c:12:1c:18:39-AP105-D_Base-07
Jan 16 07:00:19 2019 Aruba3600 authmgr[2326]: <522036> <INFO> <Aruba3600 172.19.0.30>  MAC=08:23:b2:e2:3f:08 Station DN: BSSID=9c:1c:12:1c:18:31 ESSID=PSU WiFi (802.1x) @PKT VLAN=807 AP-name=AP105-D_Base-07
Jan 16 07:00:19 2019 172.19.25.93 stm[702]: <501093> <NOTI> |AP AP105-D1G4@172.19.25.93 stm|  Auth success: 88:66:a5:09:04:5b: AP 172.19.25.93-9c:1c:12:29:59:39-AP105-D1G4
Jan 16 07:00:19 2019 172.19.25.93 stm[702]: <501095> <NOTI> |AP AP105-D1G4@172.19.25.93 stm|  Assoc request @ 07:00:19.550329: 88:66:a5:09:04:5b (SN 4042): AP 172.19.25.93-9c:1c:12:29:59:39-AP105-D1G4
Jan 16 07:00:19 2019 172.19.25.93 stm[702]: <501080> <NOTI> |AP AP105-D1G4@172.19.25.93 stm|  Deauth to sta: 88:66:a5:09:04:5b: Ageout AP 172.19.25.93-9c:1c:12:29:59:31-AP105-D1G4 STA has roamed to another AP
Jan 16 07:00:19 2019 Aruba3600 stm[1984]: <501100> <NOTI> <Aruba3600 172.19.0.30>  Assoc success @ 07:00:19.660264: 88:66:a5:09:04:5b: AP 172.19.25.93-9c:1c:12:29:59:39-AP105-D1G4
Jan 16 07:00:19 2019 172.19.25.93 stm[702]: <501100> <NOTI> |AP AP105-D1G4@172.19.25.93 stm|  Assoc success @ 07:00:19.554756: 88:66:a5:09:04:5b: AP 172.19.25.93-9c:1c:12:29:59:39-AP105-D1G4
Jan 16 07:00:19 2019 Aruba3600 authmgr[2326]: <522035> <INFO> <Aruba3600 172.19.0.30>  MAC=88:66:a5:09:04:5b Station UP: BSSID=9c:1c:12:29:59:39 ESSID=PSU WiFi (802.1x) @PKT VLAN=804 AP-name=AP105-D1G4
Jan 16 07:00:19 2019 Aruba3600 authmgr[2326]: <522044> <INFO> <Aruba3600 172.19.0.30>  MAC=88:66:a5:09:04:5b Station authenticate(start): method=802.1x, role=authenticated/authenticated//logon, VLAN=804/804, Derivation=7/1, Value Pair=0, flags=0x8 
Jan 16 07:00:19 2019 Aruba3600 authmgr[2326]: <522049> <INFO> <Aruba3600 172.19.0.30>  MAC=88:66:a5:09:04:5b,IP=N/A User role updated, existing Role=authenticated/none, new Role=authenticated/none, reason=station Authenticated with auth type:  802.1x
Jan 16 07:00:19 2019 Aruba3600 authmgr[2326]: <522050> <INFO> <Aruba3600 172.19.0.30>  MAC=88:66:a5:09:04:5b,IP=N/A User data downloaded to datapath, new Role=authenticated/68, bw Contract=0/0, reason=Download driven by user role setting, idle-timeout=300
Jan 16 07:00:19 2019 Aruba3600 authmgr[2326]: <522029> <INFO> <Aruba3600 172.19.0.30>  MAC=88:66:a5:09:04:5b Station authenticate: method=802.1x, role=authenticated/authenticated//logon, VLAN=804/804, Derivation=7/1, Value Pair=0 
Jan 16 07:00:19 2019 Aruba3600 authmgr[2326]: <522008> <NOTI> <Aruba3600 172.19.0.30>  User Authentication Successful: username=6130112086 MAC=88:66:a5:09:04:5b IP=172.19.29.15 role=authenticated VLAN=804 AP=AP105-D1G4 SSID=PSU WiFi (802.1x) @PKT AAA profile=dot1x_aaa auth method=802.1x auth server=radius.phuket
Jan 16 07:00:19 2019 172.19.25.104 stm[702]: <501080> <NOTI> |AP AP105-D_Base-07@172.19.25.104 stm|  Deauth to sta: 08:23:b2:e2:3f:08: Ageout AP 172.19.25.104-9c:1c:12:1c:18:31-AP105-D_Base-07 STA has roamed to another AP
Jan 16 07:00:19 2019 172.19.25.104 stm[702]: <501100> <NOTI> |AP AP105-D_Base-07@172.19.25.104 stm|  Assoc success @ 07:00:19.634512: 08:23:b2:e2:3f:08: AP 172.19.25.104-9c:1c:12:1c:18:39-AP105-D_Base-07
Jan 16 07:00:19 2019 Aruba3600 stm[1984]: <501100> <NOTI> <Aruba3600 172.19.0.30>  Assoc success @ 07:00:19.697352: 08:23:b2:e2:3f:08: AP 172.19.25.104-9c:1c:12:1c:18:39-AP105-D_Base-07
Jan 16 07:00:19 2019 Aruba3600 authmgr[2326]: <522035> <INFO> <Aruba3600 172.19.0.30>  MAC=08:23:b2:e2:3f:08 Station UP: BSSID=9c:1c:12:1c:18:39 ESSID=PSU WiFi (802.1x) @PKT VLAN=807 AP-name=AP105-D_Base-07
Jan 16 07:00:19 2019 Aruba3600 authmgr[2326]: <522044> <INFO> <Aruba3600 172.19.0.30>  MAC=08:23:b2:e2:3f:08 Station authenticate(start): method=802.1x, role=authenticated/authenticated//logon, VLAN=807/807, Derivation=7/1, Value Pair=0, flags=0x8 
Jan 16 07:00:19 2019 Aruba3600 authmgr[2326]: <522049> <INFO> <Aruba3600 172.19.0.30>  MAC=08:23:b2:e2:3f:08,IP=N/A User role updated, existing Role=authenticated/none, new Role=authenticated/none, reason=station Authenticated with auth type:  802.1x
Jan 16 07:00:19 2019 Aruba3600 authmgr[2326]: <522050> <INFO> <Aruba3600 172.19.0.30>  MAC=08:23:b2:e2:3f:08,IP=N/A User data downloaded to datapath, new Role=authenticated/68, bw Contract=0/0, reason=Download driven by user role setting, idle-timeout=300
Jan 16 07:00:19 2019 Aruba3600 authmgr[2326]: <522029> <INFO> <Aruba3600 172.19.0.30>  MAC=08:23:b2:e2:3f:08 Station authenticate: method=802.1x, role=authenticated/authenticated//logon, VLAN=807/807, Derivation=7/1, Value Pair=0 
Jan 16 07:00:19 2019 Aruba3600 authmgr[2326]: <522008> <NOTI> <Aruba3600 172.19.0.30>  User Authentication Successful: username=6030212025 MAC=08:23:b2:e2:3f:08 IP=172.19.39.129 role=authenticated VLAN=807 AP=AP105-D_Base-07 SSID=PSU WiFi (802.1x) @PKT AAA profile=dot1x_aaa auth method=802.1x auth server=radius.phuket
Jan 16 07:00:20 2019 172.19.25.87 stm[702]: <501109> <NOTI> |AP AP105-D1F2@172.19.25.87 stm|  Auth request: 68:64:4b:5e:e6:b5: AP 172.19.25.87-9c:1c:12:29:5b:89-AP105-D1F2 auth_alg 0
Jan 16 07:00:20 2019 172.19.25.87 stm[702]: <501093> <NOTI> |AP AP105-D1F2@172.19.25.87 stm|  Auth success: 68:64:4b:5e:e6:b5: AP 172.19.25.87-9c:1c:12:29:5b:89-AP105-D1F2
Jan 16 07:00:20 2019 172.19.25.87 stm[702]: <501095> <NOTI> |AP AP105-D1F2@172.19.25.87 stm|  Assoc request @ 07:00:20.184570: 68:64:4b:5e:e6:b5 (SN 4): AP 172.19.25.87-9c:1c:12:29:5b:89-AP105-D1F2
Jan 16 07:00:20 2019 172.19.25.87 stm[702]: <501100> <NOTI> |AP AP105-D1F2@172.19.25.87 stm|  Assoc success @ 07:00:20.185830: 68:64:4b:5e:e6:b5: AP 172.19.25.87-9c:1c:12:29:5b:89-AP105-D1F2
Jan 16 07:00:20 2019 Aruba3600 stm[1984]: <501100> <NOTI> <Aruba3600 172.19.0.30>  Assoc success @ 07:00:20.194621: 68:64:4b:5e:e6:b5: AP 172.19.25.87-9c:1c:12:29:5b:89-AP105-D1F2
Jan 16 07:00:20 2019 Aruba3600 authmgr[2326]: <522035> <INFO> <Aruba3600 172.19.0.30>  MAC=68:64:4b:5e:e6:b5 Station UP: BSSID=9c:1c:12:29:5b:89 ESSID=PSU WiFi (802.1x) @PKT VLAN=802 AP-name=AP105-D1F2
Jan 16 07:00:20 2019 Aruba3600 authmgr[1960]: <522038> <INFO> <Aruba3600 172.19.0.30>  username=5835512069 MAC=68:64:4b:5e:e6:b5 IP=0.0.0.0 Authentication result=Authentication Successful method=802.1x server=radius.phuket
Jan 16 07:00:20 2019 Aruba3600 authmgr[1960]: <522044> <INFO> <Aruba3600 172.19.0.30>  MAC=68:64:4b:5e:e6:b5 Station authenticate(start): method=802.1x, role=authenticated/authenticated//logon, VLAN=802/802, Derivation=7/1, Value Pair=1, flags=0x8 
Jan 16 07:00:20 2019 Aruba3600 authmgr[1960]: <522049> <INFO> <Aruba3600 172.19.0.30>  MAC=68:64:4b:5e:e6:b5,IP=N/A User role updated, existing Role=authenticated/none, new Role=authenticated/none, reason=station Authenticated with auth type:  802.1x
Jan 16 07:00:20 2019 Aruba3600 authmgr[1960]: <522050> <INFO> <Aruba3600 172.19.0.30>  MAC=68:64:4b:5e:e6:b5,IP=N/A User data downloaded to datapath, new Role=authenticated/68, bw Contract=0/0, reason=Download driven by user role setting, idle-timeout=300
Jan 16 07:00:20 2019 Aruba3600 authmgr[1960]: <522029> <INFO> <Aruba3600 172.19.0.30>  MAC=68:64:4b:5e:e6:b5 Station authenticate: method=802.1x, role=authenticated///logon, VLAN=802/802, Derivation=7/1, Value Pair=1 
Jan 16 07:00:20 2019 Aruba3600 authmgr[1960]: <522008> <NOTI> <Aruba3600 172.19.0.30>  User Authentication Successful: username=5835512069 MAC=68:64:4b:5e:e6:b5 IP=172.19.27.207 role=authenticated VLAN=802 AP=AP105-D1F2 SSID=PSU WiFi (802.1x) @PKT AAA profile=dot1x_aaa auth method=802.1x auth server=radius.phuket
Jan 16 07:00:24 2019 172.19.25.78 stm[703]: <501109> <NOTI> |AP AP105-D1D1@172.19.25.78 stm|  Auth request: e0:66:78:96:5f:0b: AP 172.19.25.78-9c:1c:12:24:7e:68-AP105-D1D1 auth_alg 0
Jan 16 07:00:24 2019 172.19.25.78 stm[703]: <501093> <NOTI> |AP AP105-D1D1@172.19.25.78 stm|  Auth success: e0:66:78:96:5f:0b: AP 172.19.25.78-9c:1c:12:24:7e:68-AP105-D1D1
Jan 16 07:00:24 2019 172.19.25.78 stm[703]: <501095> <NOTI> |AP AP105-D1D1@172.19.25.78 stm|  Assoc request @ 07:00:24.116937: e0:66:78:96:5f:0b (SN 576): AP 172.19.25.78-9c:1c:12:24:7e:68-AP105-D1D1
Jan 16 07:00:24 2019 172.19.25.78 stm[703]: <501100> <NOTI> |AP AP105-D1D1@172.19.25.78 stm|  Assoc success @ 07:00:24.118167: e0:66:78:96:5f:0b: AP 172.19.25.78-9c:1c:12:24:7e:68-AP105-D1D1
Jan 16 07:00:24 2019 Aruba3600 stm[1984]: <501100> <NOTI> <Aruba3600 172.19.0.30>  Assoc success @ 07:00:24.174566: e0:66:78:96:5f:0b: AP 172.19.25.78-9c:1c:12:24:7e:68-AP105-D1D1
Jan 16 07:00:24 2019 Aruba3600 authmgr[2326]: <522035> <INFO> <Aruba3600 172.19.0.30>  MAC=e0:66:78:96:5f:0b Station UP: BSSID=9c:1c:12:24:7e:68 ESSID=PSU WiFi (Web Login) @PKT VLAN=803 AP-name=AP105-D1D1
Jan 16 07:00:25 2019 172.19.25.95 stm[701]: <501109> <NOTI> |AP AP105-D1H2@172.19.25.95 stm|  Auth request: 48:a9:1c:14:02:a8: AP 172.19.25.95-9c:1c:12:29:5b:21-AP105-D1H2 auth_alg 0
Jan 16 07:00:25 2019 172.19.25.95 stm[701]: <501093> <NOTI> |AP AP105-D1H2@172.19.25.95 stm|  Auth success: 48:a9:1c:14:02:a8: AP 172.19.25.95-9c:1c:12:29:5b:21-AP105-D1H2
Jan 16 07:00:25 2019 172.19.25.95 stm[701]: <501095> <NOTI> |AP AP105-D1H2@172.19.25.95 stm|  Assoc request @ 07:00:25.026077: 48:a9:1c:14:02:a8 (SN 1642): AP 172.19.25.95-9c:1c:12:29:5b:21-AP105-D1H2
Jan 16 07:00:25 2019 172.19.25.95 stm[701]: <501100> <NOTI> |AP AP105-D1H2@172.19.25.95 stm|  Assoc success @ 07:00:25.027724: 48:a9:1c:14:02:a8: AP 172.19.25.95-9c:1c:12:29:5b:21-AP105-D1H2
Jan 16 07:00:25 2019 Aruba3600 authmgr[2326]: <522036> <INFO> <Aruba3600 172.19.0.30>  MAC=48:a9:1c:14:02:a8 Station DN: BSSID=9c:1c:12:29:5b:51 ESSID=PSU WiFi (802.1x) @PKT VLAN=804 AP-name=AP105-D1H1
Jan 16 07:00:25 2019 Aruba3600 stm[1984]: <501080> <NOTI> <Aruba3600 172.19.0.30>  Deauth to sta: 48:a9:1c:14:02:a8: Ageout AP 172.19.25.94-9c:1c:12:29:5b:51-AP105-D1H1 STA has roamed to another AP
Jan 16 07:00:25 2019 172.19.25.94 stm[701]: <501105> <NOTI> |AP AP105-D1H1@172.19.25.94 stm|  Deauth from sta: 48:a9:1c:14:02:a8: AP 172.19.25.94-9c:1c:12:29:5b:51-AP105-D1H1 Reason STA has roamed to another AP
Jan 16 07:00:25 2019 Aruba3600 stm[1984]: <501100> <NOTI> <Aruba3600 172.19.0.30>  Assoc success @ 07:00:25.058795: 48:a9:1c:14:02:a8: AP 172.19.25.95-9c:1c:12:29:5b:21-AP105-D1H2
Jan 16 07:00:25 2019 Aruba3600 authmgr[2326]: <522035> <INFO> <Aruba3600 172.19.0.30>  MAC=48:a9:1c:14:02:a8 Station UP: BSSID=9c:1c:12:29:5b:21 ESSID=PSU WiFi (802.1x) @PKT VLAN=804 AP-name=AP105-D1H2
Jan 16 07:00:25 2019 Aruba3600 authmgr[2326]: <522044> <INFO> <Aruba3600 172.19.0.30>  MAC=48:a9:1c:14:02:a8 Station authenticate(start): method=802.1x, role=authenticated/authenticated//logon, VLAN=804/804, Derivation=7/1, Value Pair=0, flags=0x8 
Jan 16 07:00:25 2019 Aruba3600 authmgr[2326]: <522049> <INFO> <Aruba3600 172.19.0.30>  MAC=48:a9:1c:14:02:a8,IP=N/A User role updated, existing Role=authenticated/none, new Role=authenticated/none, reason=station Authenticated with auth type:  802.1x
Jan 16 07:00:25 2019 Aruba3600 authmgr[2326]: <522050> <INFO> <Aruba3600 172.19.0.30>  MAC=48:a9:1c:14:02:a8,IP=N/A User data downloaded to datapath, new Role=authenticated/68, bw Contract=0/0, reason=Download driven by user role setting, idle-timeout=300
Jan 16 07:00:25 2019 Aruba3600 authmgr[2326]: <522029> <INFO> <Aruba3600 172.19.0.30>  MAC=48:a9:1c:14:02:a8 Station authenticate: method=802.1x, role=authenticated/authenticated//logon, VLAN=804/804, Derivation=7/1, Value Pair=0 
Jan 16 07:00:25 2019 Aruba3600 authmgr[2326]: <522008> <NOTI> <Aruba3600 172.19.0.30>  User Authentication Successful: username=6135512045 MAC=48:a9:1c:14:02:a8 IP=172.19.29.236 role=authenticated VLAN=804 AP=AP105-D1H2 SSID=PSU WiFi (802.1x) @PKT AAA profile=dot1x_aaa auth method=802.1x auth server=radius.phuket
Jan 16 07:00:26 2019 172.19.25.74 stm[701]: <501109> <NOTI> |AP AP105-D1C1@172.19.25.74 stm|  Auth request: 6c:96:cf:71:f1:ef: AP 172.19.25.74-9c:1c:12:24:8b:a1-AP105-D1C1 auth_alg 0
Jan 16 07:00:26 2019 172.19.25.74 stm[701]: <501093> <NOTI> |AP AP105-D1C1@172.19.25.74 stm|  Auth success: 6c:96:cf:71:f1:ef: AP 172.19.25.74-9c:1c:12:24:8b:a1-AP105-D1C1
Jan 16 07:00:26 2019 172.19.25.74 stm[701]: <501095> <NOTI> |AP AP105-D1C1@172.19.25.74 stm|  Assoc request @ 07:00:26.829953: 6c:96:cf:71:f1:ef (SN 1906): AP 172.19.25.74-9c:1c:12:24:8b:a1-AP105-D1C1
Jan 16 07:00:26 2019 172.19.25.74 stm[701]: <501100> <NOTI> |AP AP105-D1C1@172.19.25.74 stm|  Assoc success @ 07:00:26.831558: 6c:96:cf:71:f1:ef: AP 172.19.25.74-9c:1c:12:24:8b:a1-AP105-D1C1
Jan 16 07:00:26 2019 Aruba3600 authmgr[2326]: <522036> <INFO> <Aruba3600 172.19.0.30>  MAC=6c:96:cf:71:f1:ef Station DN: BSSID=9c:1c:12:24:7e:69 ESSID=PSU WiFi (802.1x) @PKT VLAN=804 AP-name=AP105-D1D1
Jan 16 07:00:26 2019 Aruba3600 stm[1984]: <501080> <NOTI> <Aruba3600 172.19.0.30>  Deauth to sta: 6c:96:cf:71:f1:ef: Ageout AP 172.19.25.78-9c:1c:12:24:7e:69-AP105-D1D1 STA has roamed to another AP
Jan 16 07:00:26 2019 Aruba3600 stm[1984]: <501100> <NOTI> <Aruba3600 172.19.0.30>  Assoc success @ 07:00:26.852363: 6c:96:cf:71:f1:ef: AP 172.19.25.74-9c:1c:12:24:8b:a1-AP105-D1C1
Jan 16 07:00:26 2019 Aruba3600 authmgr[2326]: <522035> <INFO> <Aruba3600 172.19.0.30>  MAC=6c:96:cf:71:f1:ef Station UP: BSSID=9c:1c:12:24:8b:a1 ESSID=PSU WiFi (802.1x) @PKT VLAN=804 AP-name=AP105-D1C1
Jan 16 07:00:26 2019 172.19.25.78 stm[703]: <501105> <NOTI> |AP AP105-D1D1@172.19.25.78 stm|  Deauth from sta: 6c:96:cf:71:f1:ef: AP 172.19.25.78-9c:1c:12:24:7e:69-AP105-D1D1 Reason STA has roamed to another AP
Jan 16 07:00:27 2019 Aruba3600 authmgr[1960]: <522038> <INFO> <Aruba3600 172.19.0.30>  username=6130112070 MAC=48:4b:aa:c5:0a:a5 IP=172.19.28.169 Authentication result=Authentication Successful method=Web server=radius.phuket
Jan 16 07:00:27 2019 Aruba3600 authmgr[1960]: <522049> <INFO> <Aruba3600 172.19.0.30>  MAC=48:4b:aa:c5:0a:a5,IP=172.19.28.169 User role updated, existing Role=guest-logon/none, new Role=guest-logon/authenticated, reason=User authenticated with auth type:captive portal role derivation:15
Jan 16 07:00:27 2019 Aruba3600 authmgr[1960]: <522050> <INFO> <Aruba3600 172.19.0.30>  MAC=48:4b:aa:c5:0a:a5,IP=172.19.28.169 User data downloaded to datapath, new Role=authenticated/68, bw Contract=0/0, reason=Download driven by user role setting, idle-timeout=300
Jan 16 07:00:27 2019 Aruba3600 authmgr[1960]: <522008> <NOTI> <Aruba3600 172.19.0.30>  User Authentication Successful: username=6130112070 MAC=48:4b:aa:c5:0a:a5 IP=172.19.28.169 role=authenticated VLAN=803 AP=AP105-D1G4 SSID=PSU WiFi (Web Login) @PKT AAA profile=captive_aaa auth method=Web auth server=radius.phuket
Jan 16 07:00:27 2019 Aruba3600 authmgr[1960]: <522038> <INFO> <Aruba3600 172.19.0.30>  username=6030311082 MAC=6c:96:cf:71:f1:ef IP=0.0.0.0 Authentication result=Authentication Successful method=802.1x server=radius.phuket
Jan 16 07:00:27 2019 Aruba3600 authmgr[1960]: <522044> <INFO> <Aruba3600 172.19.0.30>  MAC=6c:96:cf:71:f1:ef Station authenticate(start): method=802.1x, role=authenticated/authenticated//logon, VLAN=804/804, Derivation=7/1, Value Pair=1, flags=0x8 
Jan 16 07:00:27 2019 Aruba3600 authmgr[1960]: <522049> <INFO> <Aruba3600 172.19.0.30>  MAC=6c:96:cf:71:f1:ef,IP=N/A User role updated, existing Role=authenticated/none, new Role=authenticated/none, reason=station Authenticated with auth type:  802.1x
Jan 16 07:00:27 2019 Aruba3600 authmgr[1960]: <522050> <INFO> <Aruba3600 172.19.0.30>  MAC=6c:96:cf:71:f1:ef,IP=N/A User data downloaded to datapath, new Role=authenticated/68, bw Contract=0/0, reason=Download driven by user role setting, idle-timeout=300
Jan 16 07:00:27 2019 Aruba3600 authmgr[1960]: <522029> <INFO> <Aruba3600 172.19.0.30>  MAC=6c:96:cf:71:f1:ef Station authenticate: method=802.1x, role=authenticated///logon, VLAN=804/804, Derivation=7/1, Value Pair=1 
Jan 16 07:00:27 2019 Aruba3600 authmgr[1960]: <522008> <NOTI> <Aruba3600 172.19.0.30>  User Authentication Successful: username=6030311082 MAC=6c:96:cf:71:f1:ef IP=172.19.39.172 role=authenticated VLAN=804 AP=AP105-D1C1 SSID=PSU WiFi (802.1x) @PKT AAA profile=dot1x_aaa auth method=802.1x auth server=radius.phuket
Jan 16 07:00:27 2019 Aruba3600 authmgr[1960]: <522008> <NOTI> <Aruba3600 172.19.0.30>  User Authentication Successful: username=6030311082 MAC=6c:96:cf:71:f1:ef IP=172.19.29.173 role=authenticated VLAN=804 AP=AP105-D1C1 SSID=PSU WiFi (802.1x) @PKT AAA profile=dot1x_aaa auth method=802.1x auth server=radius.phuket
Jan 16 07:00:27 2019 Aruba3600 authmgr[1960]: <522038> <INFO> <Aruba3600 172.19.0.30>  username=6130112070 MAC=48:4b:aa:c5:0a:a5 IP=172.19.28.169 Authentication result=Authentication Successful method=radius-accounting server=radius.phuket
Jan 16 07:00:27 2019 172.19.25.79 stm[703]: <501109> <NOTI> |AP AP105-D1D2@172.19.25.79 stm|  Auth request: 88:ad:d2:3a:c7:5c: AP 172.19.25.79-9c:1c:12:24:7c:a1-AP105-D1D2 auth_alg 0
Jan 16 07:00:27 2019 172.19.25.79 stm[703]: <501093> <NOTI> |AP AP105-D1D2@172.19.25.79 stm|  Auth success: 88:ad:d2:3a:c7:5c: AP 172.19.25.79-9c:1c:12:24:7c:a1-AP105-D1D2
Jan 16 07:00:27 2019 172.19.25.79 stm[703]: <501095> <NOTI> |AP AP105-D1D2@172.19.25.79 stm|  Assoc request @ 07:00:27.977915: 88:ad:d2:3a:c7:5c (SN 3828): AP 172.19.25.79-9c:1c:12:24:7c:a1-AP105-D1D2
Jan 16 07:00:27 2019 172.19.25.79 stm[703]: <501100> <NOTI> |AP AP105-D1D2@172.19.25.79 stm|  Assoc success @ 07:00:27.979644: 88:ad:d2:3a:c7:5c: AP 172.19.25.79-9c:1c:12:24:7c:a1-AP105-D1D2
Jan 16 07:00:28 2019 Aruba3600 authmgr[2326]: <522036> <INFO> <Aruba3600 172.19.0.30>  MAC=88:ad:d2:3a:c7:5c Station DN: BSSID=9c:1c:12:24:7c:b1 ESSID=PSU WiFi (802.1x) @PKT VLAN=804 AP-name=AP105-D1D3
Jan 16 07:00:28 2019 Aruba3600 stm[1984]: <501080> <NOTI> <Aruba3600 172.19.0.30>  Deauth to sta: 88:ad:d2:3a:c7:5c: Ageout AP 172.19.25.80-9c:1c:12:24:7c:b1-AP105-D1D3 STA has roamed to another AP
Jan 16 07:00:28 2019 172.19.25.80 stm[699]: <501105> <NOTI> |AP AP105-D1D3@172.19.25.80 stm|  Deauth from sta: 88:ad:d2:3a:c7:5c: AP 172.19.25.80-9c:1c:12:24:7c:b1-AP105-D1D3 Reason STA has roamed to another AP
Jan 16 07:00:28 2019 Aruba3600 stm[1984]: <501100> <NOTI> <Aruba3600 172.19.0.30>  Assoc success @ 07:00:28.088559: 88:ad:d2:3a:c7:5c: AP 172.19.25.79-9c:1c:12:24:7c:a1-AP105-D1D2
Jan 16 07:00:28 2019 Aruba3600 authmgr[2326]: <522035> <INFO> <Aruba3600 172.19.0.30>  MAC=88:ad:d2:3a:c7:5c Station UP: BSSID=9c:1c:12:24:7c:a1 ESSID=PSU WiFi (802.1x) @PKT VLAN=804 AP-name=AP105-D1D2
Jan 16 07:00:28 2019 Aruba3600 authmgr[2326]: <522044> <INFO> <Aruba3600 172.19.0.30>  MAC=88:ad:d2:3a:c7:5c Station authenticate(start): method=802.1x, role=authenticated/authenticated//logon, VLAN=804/804, Derivation=7/1, Value Pair=0, flags=0x8 
Jan 16 07:00:28 2019 Aruba3600 authmgr[2326]: <522049> <INFO> <Aruba3600 172.19.0.30>  MAC=88:ad:d2:3a:c7:5c,IP=N/A User role updated, existing Role=authenticated/none, new Role=authenticated/none, reason=station Authenticated with auth type:  802.1x
Jan 16 07:00:28 2019 Aruba3600 authmgr[2326]: <522050> <INFO> <Aruba3600 172.19.0.30>  MAC=88:ad:d2:3a:c7:5c,IP=N/A User data downloaded to datapath, new Role=authenticated/68, bw Contract=0/0, reason=Download driven by user role setting, idle-timeout=300
Jan 16 07:00:28 2019 Aruba3600 authmgr[2326]: <522029> <INFO> <Aruba3600 172.19.0.30>  MAC=88:ad:d2:3a:c7:5c Station authenticate: method=802.1x, role=authenticated/authenticated//logon, VLAN=804/804, Derivation=7/1, Value Pair=0 
Jan 16 07:00:28 2019 Aruba3600 authmgr[2326]: <522008> <NOTI> <Aruba3600 172.19.0.30>  User Authentication Successful: username=5935512095 MAC=88:ad:d2:3a:c7:5c IP=172.19.29.220 role=authenticated VLAN=804 AP=AP105-D1D2 SSID=PSU WiFi (802.1x) @PKT AAA profile=dot1x_aaa auth method=802.1x auth server=radius.phuket
Jan 16 07:00:36 2019 Aruba3600 authmgr[2326]: <522036> <INFO> <Aruba3600 172.19.0.30>  MAC=68:64:4b:5e:e6:b5 Station DN: BSSID=9c:1c:12:29:5b:89 ESSID=PSU WiFi (802.1x) @PKT VLAN=802 AP-name=AP105-D1F2
Jan 16 07:00:36 2019 172.19.25.87 stm[702]: <501102> <NOTI> |AP AP105-D1F2@172.19.25.87 stm|  Disassoc from sta: 68:64:4b:5e:e6:b5: AP 172.19.25.87-9c:1c:12:29:5b:89-AP105-D1F2 Reason STA has left and is disassociated
Jan 16 07:00:36 2019 Aruba3600 authmgr[1960]: <522005> <INFO> <Aruba3600 172.19.0.30>  MAC=80:ea:96:44:81:8b IP=172.19.29.25 User entry deleted: reason=user request
Jan 16 07:00:36 2019 Aruba3600 authmgr[1960]: <522050> <INFO> <Aruba3600 172.19.0.30>  MAC=80:ea:96:44:81:8b,IP=N/A User data downloaded to datapath, new Role=authenticated/68, bw Contract=0/0, reason=Station resetting role, idle-timeout=300
Jan 16 07:00:36 2019 Aruba3600 mdns[2066]: <527004> <INFO> <Aruba3600 172.19.0.30>  mdns_parse_auth_useridle_message 169 Auth User Idle Timeout: MAC:80:ea:96:44:81:8b
Jan 16 07:00:36 2019 Aruba3600 authmgr[1960]: <522038> <INFO> <Aruba3600 172.19.0.30>  username=5835512090 MAC=80:ea:96:44:81:8b IP=172.19.29.25 Authentication result=Authentication Successful method=radius-accounting server=radius.phuket
Jan 16 07:00:37 2019 172.19.25.78 stm[703]: <501109> <NOTI> |AP AP105-D1D1@172.19.25.78 stm|  Auth request: e0:66:78:96:5f:0b: AP 172.19.25.78-9c:1c:12:24:7e:68-AP105-D1D1 auth_alg 0
Jan 16 07:00:37 2019 172.19.25.78 stm[703]: <501093> <NOTI> |AP AP105-D1D1@172.19.25.78 stm|  Auth success: e0:66:78:96:5f:0b: AP 172.19.25.78-9c:1c:12:24:7e:68-AP105-D1D1
Jan 16 07:00:37 2019 172.19.25.78 stm[703]: <501095> <NOTI> |AP AP105-D1D1@172.19.25.78 stm|  Assoc request @ 07:00:37.826155: e0:66:78:96:5f:0b (SN 662): AP 172.19.25.78-9c:1c:12:24:7e:68-AP105-D1D1
Jan 16 07:00:37 2019 172.19.25.78 stm[703]: <501100> <NOTI> |AP AP105-D1D1@172.19.25.78 stm|  Assoc success @ 07:00:37.827402: e0:66:78:96:5f:0b: AP 172.19.25.78-9c:1c:12:24:7e:68-AP105-D1D1
Jan 16 07:00:37 2019 Aruba3600 stm[1984]: <501100> <NOTI> <Aruba3600 172.19.0.30>  Assoc success @ 07:00:37.886446: e0:66:78:96:5f:0b: AP 172.19.25.78-9c:1c:12:24:7e:68-AP105-D1D1
Jan 16 07:00:37 2019 Aruba3600 authmgr[2326]: <522035> <INFO> <Aruba3600 172.19.0.30>  MAC=e0:66:78:96:5f:0b Station UP: BSSID=9c:1c:12:24:7e:68 ESSID=PSU WiFi (Web Login) @PKT VLAN=803 AP-name=AP105-D1D1
Jan 16 07:00:38 2019 Aruba3600 authmgr[2326]: <522036> <INFO> <Aruba3600 172.19.0.30>  MAC=4c:74:bf:b4:07:9e Station DN: BSSID=9c:1c:12:24:7c:b1 ESSID=PSU WiFi (802.1x) @PKT VLAN=804 AP-name=AP105-D1D3
Jan 16 07:00:38 2019 Aruba3600 stm[1984]: <501100> <NOTI> <Aruba3600 172.19.0.30>  Assoc success @ 07:00:38.924016: 4c:74:bf:b4:07:9e: AP 172.19.25.80-9c:1c:12:24:7c:b9-AP105-D1D3
Jan 16 07:00:38 2019 Aruba3600 authmgr[2326]: <522035> <INFO> <Aruba3600 172.19.0.30>  MAC=4c:74:bf:b4:07:9e Station UP: BSSID=9c:1c:12:24:7c:b9 ESSID=PSU WiFi (802.1x) @PKT VLAN=804 AP-name=AP105-D1D3
Jan 16 07:00:38 2019 172.19.25.80 stm[699]: <501109> <NOTI> |AP AP105-D1D3@172.19.25.80 stm|  Auth request: 4c:74:bf:b4:07:9e: AP 172.19.25.80-9c:1c:12:24:7c:b9-AP105-D1D3 auth_alg 0
Jan 16 07:00:38 2019 172.19.25.80 stm[699]: <501093> <NOTI> |AP AP105-D1D3@172.19.25.80 stm|  Auth success: 4c:74:bf:b4:07:9e: AP 172.19.25.80-9c:1c:12:24:7c:b9-AP105-D1D3
Jan 16 07:00:38 2019 Aruba3600 authmgr[2326]: <522044> <INFO> <Aruba3600 172.19.0.30>  MAC=4c:74:bf:b4:07:9e Station authenticate(start): method=802.1x, role=authenticated/authenticated//logon, VLAN=804/804, Derivation=7/1, Value Pair=0, flags=0x8 
Jan 16 07:00:38 2019 172.19.25.80 stm[699]: <501095> <NOTI> |AP AP105-D1D3@172.19.25.80 stm|  Assoc request @ 07:00:38.863103: 4c:74:bf:b4:07:9e (SN 2797): AP 172.19.25.80-9c:1c:12:24:7c:b9-AP105-D1D3
Jan 16 07:00:38 2019 Aruba3600 authmgr[2326]: <522049> <INFO> <Aruba3600 172.19.0.30>  MAC=4c:74:bf:b4:07:9e,IP=N/A User role updated, existing Role=authenticated/none, new Role=authenticated/none, reason=station Authenticated with auth type:  802.1x
Jan 16 07:00:38 2019 172.19.25.80 stm[699]: <501080> <NOTI> |AP AP105-D1D3@172.19.25.80 stm|  Deauth to sta: 4c:74:bf:b4:07:9e: Ageout AP 172.19.25.80-9c:1c:12:24:7c:b1-AP105-D1D3 STA has roamed to another AP
Jan 16 07:00:38 2019 Aruba3600 authmgr[2326]: <522050> <INFO> <Aruba3600 172.19.0.30>  MAC=4c:74:bf:b4:07:9e,IP=N/A User data downloaded to datapath, new Role=authenticated/68, bw Contract=0/0, reason=Download driven by user role setting, idle-timeout=300
Jan 16 07:00:38 2019 172.19.25.80 stm[699]: <501100> <NOTI> |AP AP105-D1D3@172.19.25.80 stm|  Assoc success @ 07:00:38.867473: 4c:74:bf:b4:07:9e: AP 172.19.25.80-9c:1c:12:24:7c:b9-AP105-D1D3
Jan 16 07:00:38 2019 Aruba3600 authmgr[2326]: <522029> <INFO> <Aruba3600 172.19.0.30>  MAC=4c:74:bf:b4:07:9e Station authenticate: method=802.1x, role=authenticated/authenticated//logon, VLAN=804/804, Derivation=7/1, Value Pair=0 
Jan 16 07:00:38 2019 Aruba3600 authmgr[2326]: <522008> <NOTI> <Aruba3600 172.19.0.30>  User Authentication Successful: username=6035512013 MAC=4c:74:bf:b4:07:9e IP=172.19.29.3 role=authenticated VLAN=804 AP=AP105-D1D3 SSID=PSU WiFi (802.1x) @PKT AAA profile=dot1x_aaa auth method=802.1x auth server=radius.phuket
Jan 16 07:00:42 2019 172.19.25.98 stm[704]: <501109> <NOTI> |AP AP105-D_Base-01@172.19.25.98 stm|  Auth request: 70:81:eb:6f:a7:92: AP 172.19.25.98-9c:1c:12:1c:12:b9-AP105-D_Base-01 auth_alg 0
Jan 16 07:00:42 2019 172.19.25.98 stm[704]: <501093> <NOTI> |AP AP105-D_Base-01@172.19.25.98 stm|  Auth success: 70:81:eb:6f:a7:92: AP 172.19.25.98-9c:1c:12:1c:12:b9-AP105-D_Base-01
Jan 16 07:00:42 2019 Aruba3600 authmgr[2326]: <522036> <INFO> <Aruba3600 172.19.0.30>  MAC=70:81:eb:6f:a7:92 Station DN: BSSID=9c:1c:12:1c:12:b1 ESSID=PSU WiFi (802.1x) @PKT VLAN=807 AP-name=AP105-D_Base-01
Jan 16 07:00:42 2019 172.19.25.98 stm[704]: <501095> <NOTI> |AP AP105-D_Base-01@172.19.25.98 stm|  Assoc request @ 07:00:42.696912: 70:81:eb:6f:a7:92 (SN 2353): AP 172.19.25.98-9c:1c:12:1c:12:b9-AP105-D_Base-01
Jan 16 07:00:42 2019 172.19.25.98 stm[704]: <501080> <NOTI> |AP AP105-D_Base-01@172.19.25.98 stm|  Deauth to sta: 70:81:eb:6f:a7:92: Ageout AP 172.19.25.98-9c:1c:12:1c:12:b1-AP105-D_Base-01 STA has roamed to another AP
Jan 16 07:00:42 2019 172.19.25.98 stm[704]: <501100> <NOTI> |AP AP105-D_Base-01@172.19.25.98 stm|  Assoc success @ 07:00:42.699576: 70:81:eb:6f:a7:92: AP 172.19.25.98-9c:1c:12:1c:12:b9-AP105-D_Base-01
Jan 16 07:00:42 2019 Aruba3600 stm[1984]: <501100> <NOTI> <Aruba3600 172.19.0.30>  Assoc success @ 07:00:42.711779: 70:81:eb:6f:a7:92: AP 172.19.25.98-9c:1c:12:1c:12:b9-AP105-D_Base-01
Jan 16 07:00:42 2019 Aruba3600 authmgr[2326]: <522035> <INFO> <Aruba3600 172.19.0.30>  MAC=70:81:eb:6f:a7:92 Station UP: BSSID=9c:1c:12:1c:12:b9 ESSID=PSU WiFi (802.1x) @PKT VLAN=807 AP-name=AP105-D_Base-01
Jan 16 07:00:42 2019 Aruba3600 authmgr[2326]: <522044> <INFO> <Aruba3600 172.19.0.30>  MAC=70:81:eb:6f:a7:92 Station authenticate(start): method=802.1x, role=authenticated/authenticated//logon, VLAN=807/807, Derivation=7/1, Value Pair=0, flags=0x8 
Jan 16 07:00:42 2019 Aruba3600 authmgr[2326]: <522049> <INFO> <Aruba3600 172.19.0.30>  MAC=70:81:eb:6f:a7:92,IP=N/A User role updated, existing Role=authenticated/none, new Role=authenticated/none, reason=station Authenticated with auth type:  802.1x
Jan 16 07:00:42 2019 Aruba3600 authmgr[2326]: <522050> <INFO> <Aruba3600 172.19.0.30>  MAC=70:81:eb:6f:a7:92,IP=N/A User data downloaded to datapath, new Role=authenticated/68, bw Contract=0/0, reason=Download driven by user role setting, idle-timeout=300
Jan 16 07:00:42 2019 Aruba3600 authmgr[2326]: <522029> <INFO> <Aruba3600 172.19.0.30>  MAC=70:81:eb:6f:a7:92 Station authenticate: method=802.1x, role=authenticated/authenticated//logon, VLAN=807/807, Derivation=7/1, Value Pair=0 
Jan 16 07:00:42 2019 Aruba3600 authmgr[2326]: <522008> <NOTI> <Aruba3600 172.19.0.30>  User Authentication Successful: username=5735512120 MAC=70:81:eb:6f:a7:92 IP=172.19.39.43 role=authenticated VLAN=807 AP=AP105-D_Base-01 SSID=PSU WiFi (802.1x) @PKT AAA profile=dot1x_aaa auth method=802.1x auth server=radius.phuket
Jan 16 07:00:45 2019 Aruba3600 authmgr[1960]: <522038> <INFO> <Aruba3600 172.19.0.30>  username=6130112102 MAC=80:ea:96:34:0d:e1 IP=172.19.29.223 Authentication result=Authentication Successful method=radius-accounting server=radius.phuket
Jan 16 07:00:46 2019 Aruba3600 authmgr[1960]: <522038> <INFO> <Aruba3600 172.19.0.30>  username=6030214010 MAC=48:a9:1c:52:69:01 IP=172.19.39.215 Authentication result=Authentication Successful method=radius-accounting server=radius.phuket
Jan 16 07:00:46 2019 Aruba3600 authmgr[1960]: <522038> <INFO> <Aruba3600 172.19.0.30>  username=6030420008 MAC=e0:66:78:96:5f:0b IP=172.19.26.213 Authentication result=Authentication Successful method=radius-accounting server=radius.phuket
Jan 16 07:00:46 2019 Aruba3600 authmgr[1960]: <522038> <INFO> <Aruba3600 172.19.0.30>  username=6130112121 MAC=f0:98:9d:ef:3a:0d IP=172.19.29.232 Authentication result=Authentication Successful method=radius-accounting server=radius.phuket
Jan 16 07:00:46 2019 Aruba3600 authmgr[1960]: <522038> <INFO> <Aruba3600 172.19.0.30>  username=5930311141 MAC=60:30:d4:85:bd:8a IP=172.19.27.218 Authentication result=Authentication Successful method=radius-accounting server=radius.phuket
Jan 16 07:00:46 2019 Aruba3600 authmgr[1960]: <522038> <INFO> <Aruba3600 172.19.0.30>  username=6030112051 MAC=cc:25:ef:53:6a:46 IP=172.19.27.37 Authentication result=Authentication Successful method=radius-accounting server=radius.phuket
Jan 16 07:00:51 2019 172.19.25.78 stm[703]: <501109> <NOTI> |AP AP105-D1D1@172.19.25.78 stm|  Auth request: e0:66:78:96:5f:0b: AP 172.19.25.78-9c:1c:12:24:7e:68-AP105-D1D1 auth_alg 0
Jan 16 07:00:51 2019 172.19.25.78 stm[703]: <501093> <NOTI> |AP AP105-D1D1@172.19.25.78 stm|  Auth success: e0:66:78:96:5f:0b: AP 172.19.25.78-9c:1c:12:24:7e:68-AP105-D1D1
Jan 16 07:00:51 2019 172.19.25.78 stm[703]: <501095> <NOTI> |AP AP105-D1D1@172.19.25.78 stm|  Assoc request @ 07:00:51.865250: e0:66:78:96:5f:0b (SN 747): AP 172.19.25.78-9c:1c:12:24:7e:68-AP105-D1D1
Jan 16 07:00:51 2019 172.19.25.78 stm[703]: <501100> <NOTI> |AP AP105-D1D1@172.19.25.78 stm|  Assoc success @ 07:00:51.866696: e0:66:78:96:5f:0b: AP 172.19.25.78-9c:1c:12:24:7e:68-AP105-D1D1
Jan 16 07:00:51 2019 Aruba3600 stm[1984]: <501100> <NOTI> <Aruba3600 172.19.0.30>  Assoc success @ 07:00:51.926160: e0:66:78:96:5f:0b: AP 172.19.25.78-9c:1c:12:24:7e:68-AP105-D1D1
Jan 16 07:00:51 2019 Aruba3600 authmgr[2326]: <522035> <INFO> <Aruba3600 172.19.0.30>  MAC=e0:66:78:96:5f:0b Station UP: BSSID=9c:1c:12:24:7e:68 ESSID=PSU WiFi (Web Login) @PKT VLAN=803 AP-name=AP105-D1D1
Jan 16 07:01:04 2019 Aruba3600 stm[1984]: <501100> <NOTI> <Aruba3600 172.19.0.30>  Assoc success @ 07:01:04.638802: 68:64:4b:5e:e6:b5: AP 172.19.25.87-9c:1c:12:29:5b:89-AP105-D1F2
Jan 16 07:01:04 2019 Aruba3600 authmgr[2326]: <522035> <INFO> <Aruba3600 172.19.0.30>  MAC=68:64:4b:5e:e6:b5 Station UP: BSSID=9c:1c:12:29:5b:89 ESSID=PSU WiFi (802.1x) @PKT VLAN=802 AP-name=AP105-D1F2
Jan 16 07:01:04 2019 172.19.25.87 stm[702]: <501109> <NOTI> |AP AP105-D1F2@172.19.25.87 stm|  Auth request: 68:64:4b:5e:e6:b5: AP 172.19.25.87-9c:1c:12:29:5b:89-AP105-D1F2 auth_alg 0
Jan 16 07:01:04 2019 172.19.25.87 stm[702]: <501093> <NOTI> |AP AP105-D1F2@172.19.25.87 stm|  Auth success: 68:64:4b:5e:e6:b5: AP 172.19.25.87-9c:1c:12:29:5b:89-AP105-D1F2
Jan 16 07:01:04 2019 172.19.25.87 stm[702]: <501095> <NOTI> |AP AP105-D1F2@172.19.25.87 stm|  Assoc request @ 07:01:04.626701: 68:64:4b:5e:e6:b5 (SN 4): AP 172.19.25.87-9c:1c:12:29:5b:89-AP105-D1F2
Jan 16 07:01:04 2019 172.19.25.87 stm[702]: <501100> <NOTI> |AP AP105-D1F2@172.19.25.87 stm|  Assoc success @ 07:01:04.627933: 68:64:4b:5e:e6:b5: AP 172.19.25.87-9c:1c:12:29:5b:89-AP105-D1F2
Jan 16 07:01:04 2019 Aruba3600 authmgr[1960]: <522038> <INFO> <Aruba3600 172.19.0.30>  username=5835512069 MAC=68:64:4b:5e:e6:b5 IP=0.0.0.0 Authentication result=Authentication Successful method=802.1x server=radius.phuket
Jan 16 07:01:04 2019 Aruba3600 authmgr[1960]: <522044> <INFO> <Aruba3600 172.19.0.30>  MAC=68:64:4b:5e:e6:b5 Station authenticate(start): method=802.1x, role=authenticated/authenticated//logon, VLAN=802/802, Derivation=7/1, Value Pair=1, flags=0x8 
Jan 16 07:01:04 2019 Aruba3600 authmgr[1960]: <522049> <INFO> <Aruba3600 172.19.0.30>  MAC=68:64:4b:5e:e6:b5,IP=N/A User role updated, existing Role=authenticated/none, new Role=authenticated/none, reason=station Authenticated with auth type:  802.1x
Jan 16 07:01:04 2019 Aruba3600 authmgr[1960]: <522050> <INFO> <Aruba3600 172.19.0.30>  MAC=68:64:4b:5e:e6:b5,IP=N/A User data downloaded to datapath, new Role=authenticated/68, bw Contract=0/0, reason=Download driven by user role setting, idle-timeout=300
Jan 16 07:01:04 2019 Aruba3600 authmgr[1960]: <522029> <INFO> <Aruba3600 172.19.0.30>  MAC=68:64:4b:5e:e6:b5 Station authenticate: method=802.1x, role=authenticated///logon, VLAN=802/802, Derivation=7/1, Value Pair=1 
Jan 16 07:01:04 2019 Aruba3600 authmgr[1960]: <522008> <NOTI> <Aruba3600 172.19.0.30>  User Authentication Successful: username=5835512069 MAC=68:64:4b:5e:e6:b5 IP=172.19.27.207 role=authenticated VLAN=802 AP=AP105-D1F2 SSID=PSU WiFi (802.1x) @PKT AAA profile=dot1x_aaa auth method=802.1x auth server=radius.phuket
Jan 16 07:01:05 2019 172.19.25.78 stm[703]: <501109> <NOTI> |AP AP105-D1D1@172.19.25.78 stm|  Auth request: e0:66:78:96:5f:0b: AP 172.19.25.78-9c:1c:12:24:7e:68-AP105-D1D1 auth_alg 0
Jan 16 07:01:05 2019 172.19.25.78 stm[703]: <501093> <NOTI> |AP AP105-D1D1@172.19.25.78 stm|  Auth success: e0:66:78:96:5f:0b: AP 172.19.25.78-9c:1c:12:24:7e:68-AP105-D1D1
Jan 16 07:01:05 2019 172.19.25.78 stm[703]: <501095> <NOTI> |AP AP105-D1D1@172.19.25.78 stm|  Assoc request @ 07:01:05.884172: e0:66:78:96:5f:0b (SN 833): AP 172.19.25.78-9c:1c:12:24:7e:68-AP105-D1D1
Jan 16 07:01:05 2019 172.19.25.78 stm[703]: <501100> <NOTI> |AP AP105-D1D1@172.19.25.78 stm|  Assoc success @ 07:01:05.886030: e0:66:78:96:5f:0b: AP 172.19.25.78-9c:1c:12:24:7e:68-AP105-D1D1
