Jan 16 06:55:24 2019 172.19.25.105 stm[701]: <501109> <NOTI> |AP AP105-D_Base-08@172.19.25.105 stm|  Auth request: e0:5f:45:3c:04:5f: AP 172.19.25.105-9c:1c:12:1c:1b:e0-AP105-D_Base-08 auth_alg 0
Jan 16 06:55:24 2019 172.19.25.105 stm[701]: <501093> <NOTI> |AP AP105-D_Base-08@172.19.25.105 stm|  Auth success: e0:5f:45:3c:04:5f: AP 172.19.25.105-9c:1c:12:1c:1b:e0-AP105-D_Base-08
Jan 16 06:55:24 2019 Aruba3600 authmgr[2326]: <522036> <INFO> <Aruba3600 172.19.0.30>  MAC=e0:5f:45:3c:04:5f Station DN: BSSID=9c:1c:12:1c:1b:e1 ESSID=PSU WiFi (802.1x) @PKT VLAN=807 AP-name=AP105-D_Base-08
Jan 16 06:55:24 2019 Aruba3600 mdns[2066]: <527004> <INFO> <Aruba3600 172.19.0.30>  mdns_parse_auth_useridle_message 169 Auth User Idle Timeout: MAC:e0:5f:45:3c:04:5f
Jan 16 06:55:24 2019 172.19.25.105 stm[701]: <501095> <NOTI> |AP AP105-D_Base-08@172.19.25.105 stm|  Assoc request @ 06:55:24.318699: e0:5f:45:3c:04:5f (SN 3001): AP 172.19.25.105-9c:1c:12:1c:1b:e0-AP105-D_Base-08
Jan 16 06:55:24 2019 172.19.25.105 stm[701]: <501080> <NOTI> |AP AP105-D_Base-08@172.19.25.105 stm|  Deauth to sta: e0:5f:45:3c:04:5f: Ageout AP 172.19.25.105-9c:1c:12:1c:1b:e1-AP105-D_Base-08 STA has roamed to another AP
Jan 16 06:55:24 2019 172.19.25.105 stm[701]: <501100> <NOTI> |AP AP105-D_Base-08@172.19.25.105 stm|  Assoc success @ 06:55:24.321130: e0:5f:45:3c:04:5f: AP 172.19.25.105-9c:1c:12:1c:1b:e0-AP105-D_Base-08
Jan 16 06:55:24 2019 Aruba3600 stm[1984]: <501100> <NOTI> <Aruba3600 172.19.0.30>  Assoc success @ 06:55:24.344085: e0:5f:45:3c:04:5f: AP 172.19.25.105-9c:1c:12:1c:1b:e0-AP105-D_Base-08
Jan 16 06:55:24 2019 Aruba3600 authmgr[2326]: <522035> <INFO> <Aruba3600 172.19.0.30>  MAC=e0:5f:45:3c:04:5f Station UP: BSSID=9c:1c:12:1c:1b:e0 ESSID=PSU WiFi (Web Login) @PKT VLAN=806 AP-name=AP105-D_Base-08
Jan 16 06:55:24 2019 Aruba3600 authmgr[2326]: <522049> <INFO> <Aruba3600 172.19.0.30>  MAC=00:00:00:00:00:00,IP=N/A User role updated, existing Role=none/none, new Role=logon/none, reason=mac user created
Jan 16 06:55:24 2019 Aruba3600 authmgr[2326]: <522049> <INFO> <Aruba3600 172.19.0.30>  MAC=e0:5f:45:3c:04:5f,IP=N/A User role updated, existing Role=logon/none, new Role=guest-logon/none, reason=Set AAA profile defaults
Jan 16 06:55:24 2019 Aruba3600 authmgr[2326]: <522050> <INFO> <Aruba3600 172.19.0.30>  MAC=e0:5f:45:3c:04:5f,IP=N/A User data downloaded to datapath, new Role=guest-logon/9, bw Contract=0/0, reason=layer 2 event driven download, idle-timeout=300
Jan 16 06:55:24 2019 172.19.25.78 stm[703]: <501109> <NOTI> |AP AP105-D1D1@172.19.25.78 stm|  Auth request: e0:66:78:96:5f:0b: AP 172.19.25.78-9c:1c:12:24:7e:68-AP105-D1D1 auth_alg 0
Jan 16 06:55:24 2019 172.19.25.78 stm[703]: <501093> <NOTI> |AP AP105-D1D1@172.19.25.78 stm|  Auth success: e0:66:78:96:5f:0b: AP 172.19.25.78-9c:1c:12:24:7e:68-AP105-D1D1
Jan 16 06:55:24 2019 172.19.25.78 stm[703]: <501095> <NOTI> |AP AP105-D1D1@172.19.25.78 stm|  Assoc request @ 06:55:24.522084: e0:66:78:96:5f:0b (SN 1229): AP 172.19.25.78-9c:1c:12:24:7e:68-AP105-D1D1
Jan 16 06:55:24 2019 172.19.25.78 stm[703]: <501100> <NOTI> |AP AP105-D1D1@172.19.25.78 stm|  Assoc success @ 06:55:24.523972: e0:66:78:96:5f:0b: AP 172.19.25.78-9c:1c:12:24:7e:68-AP105-D1D1
Jan 16 06:55:24 2019 Aruba3600 stm[1984]: <501100> <NOTI> <Aruba3600 172.19.0.30>  Assoc success @ 06:55:24.542986: e0:66:78:96:5f:0b: AP 172.19.25.78-9c:1c:12:24:7e:68-AP105-D1D1
Jan 16 06:55:24 2019 Aruba3600 authmgr[2326]: <522035> <INFO> <Aruba3600 172.19.0.30>  MAC=e0:66:78:96:5f:0b Station UP: BSSID=9c:1c:12:24:7e:68 ESSID=PSU WiFi (Web Login) @PKT VLAN=803 AP-name=AP105-D1D1
Jan 16 06:55:25 2019 Aruba3600 authmgr[1960]: <522038> <INFO> <Aruba3600 172.19.0.30>  username=6130112025 MAC=6c:96:cf:c7:4b:4c IP=172.19.27.137 Authentication result=Authentication Successful method=radius-accounting server=radius.phuket
Jan 16 06:55:25 2019 Aruba3600 authmgr[1960]: <522038> <INFO> <Aruba3600 172.19.0.30>  username=5330211005 MAC=ec:51:bc:2f:08:4b IP=172.19.38.100 Authentication result=Authentication Successful method=radius-accounting server=radius.phuket
Jan 16 06:55:26 2019 Aruba3600 authmgr[1960]: <522038> <INFO> <Aruba3600 172.19.0.30>  username=6130311039 MAC=3c:2e:ff:05:8d:69 IP=172.19.29.28 Authentication result=Authentication Successful method=radius-accounting server=radius.phuket
Jan 16 06:55:26 2019 Aruba3600 authmgr[1960]: <522038> <INFO> <Aruba3600 172.19.0.30>  username=5935512045 MAC=30:84:54:b4:01:c1 IP=172.19.27.62 Authentication result=Authentication Successful method=radius-accounting server=radius.phuket
Jan 16 06:55:34 2019 172.19.25.81 stm[700]: <501102> <NOTI> |AP AP105-D1D4@172.19.25.81 stm|  Disassoc from sta: 80:ea:96:44:81:8b: AP 172.19.25.81-9c:1c:12:24:7b:a1-AP105-D1D4 Reason STA has left and is disassociated
Jan 16 06:55:34 2019 Aruba3600 authmgr[2326]: <522036> <INFO> <Aruba3600 172.19.0.30>  MAC=80:ea:96:44:81:8b Station DN: BSSID=9c:1c:12:24:7b:a1 ESSID=PSU WiFi (802.1x) @PKT VLAN=804 AP-name=AP105-D1D4
Jan 16 06:55:38 2019 172.19.25.78 stm[703]: <501109> <NOTI> |AP AP105-D1D1@172.19.25.78 stm|  Auth request: e0:66:78:96:5f:0b: AP 172.19.25.78-9c:1c:12:24:7e:68-AP105-D1D1 auth_alg 0
Jan 16 06:55:38 2019 172.19.25.78 stm[703]: <501093> <NOTI> |AP AP105-D1D1@172.19.25.78 stm|  Auth success: e0:66:78:96:5f:0b: AP 172.19.25.78-9c:1c:12:24:7e:68-AP105-D1D1
Jan 16 06:55:38 2019 172.19.25.78 stm[703]: <501095> <NOTI> |AP AP105-D1D1@172.19.25.78 stm|  Assoc request @ 06:55:38.554736: e0:66:78:96:5f:0b (SN 1315): AP 172.19.25.78-9c:1c:12:24:7e:68-AP105-D1D1
Jan 16 06:55:38 2019 172.19.25.78 stm[703]: <501100> <NOTI> |AP AP105-D1D1@172.19.25.78 stm|  Assoc success @ 06:55:38.556013: e0:66:78:96:5f:0b: AP 172.19.25.78-9c:1c:12:24:7e:68-AP105-D1D1
Jan 16 06:55:38 2019 Aruba3600 stm[1984]: <501100> <NOTI> <Aruba3600 172.19.0.30>  Assoc success @ 06:55:38.575429: e0:66:78:96:5f:0b: AP 172.19.25.78-9c:1c:12:24:7e:68-AP105-D1D1
Jan 16 06:55:38 2019 Aruba3600 authmgr[2326]: <522035> <INFO> <Aruba3600 172.19.0.30>  MAC=e0:66:78:96:5f:0b Station UP: BSSID=9c:1c:12:24:7e:68 ESSID=PSU WiFi (Web Login) @PKT VLAN=803 AP-name=AP105-D1D1
Jan 16 06:55:52 2019 172.19.25.78 stm[703]: <501109> <NOTI> |AP AP105-D1D1@172.19.25.78 stm|  Auth request: e0:66:78:96:5f:0b: AP 172.19.25.78-9c:1c:12:24:7e:68-AP105-D1D1 auth_alg 0
Jan 16 06:55:52 2019 172.19.25.78 stm[703]: <501093> <NOTI> |AP AP105-D1D1@172.19.25.78 stm|  Auth success: e0:66:78:96:5f:0b: AP 172.19.25.78-9c:1c:12:24:7e:68-AP105-D1D1
Jan 16 06:55:52 2019 172.19.25.78 stm[703]: <501095> <NOTI> |AP AP105-D1D1@172.19.25.78 stm|  Assoc request @ 06:55:52.788815: e0:66:78:96:5f:0b (SN 1395): AP 172.19.25.78-9c:1c:12:24:7e:68-AP105-D1D1
Jan 16 06:55:52 2019 Aruba3600 stm[1984]: <501100> <NOTI> <Aruba3600 172.19.0.30>  Assoc success @ 06:55:52.809912: e0:66:78:96:5f:0b: AP 172.19.25.78-9c:1c:12:24:7e:68-AP105-D1D1
Jan 16 06:55:52 2019 172.19.25.78 stm[703]: <501100> <NOTI> |AP AP105-D1D1@172.19.25.78 stm|  Assoc success @ 06:55:52.790574: e0:66:78:96:5f:0b: AP 172.19.25.78-9c:1c:12:24:7e:68-AP105-D1D1
Jan 16 06:55:52 2019 Aruba3600 authmgr[2326]: <522035> <INFO> <Aruba3600 172.19.0.30>  MAC=e0:66:78:96:5f:0b Station UP: BSSID=9c:1c:12:24:7e:68 ESSID=PSU WiFi (Web Login) @PKT VLAN=803 AP-name=AP105-D1D1
Jan 16 06:56:01 2019 Aruba3600 authmgr[1960]: <522038> <INFO> <Aruba3600 172.19.0.30>  username=6030212022 MAC=a0:32:99:4d:18:ed IP=172.19.29.43 Authentication result=Authentication Successful method=radius-accounting server=radius.phuket
Jan 16 06:56:01 2019 Aruba3600 authmgr[1960]: <522038> <INFO> <Aruba3600 172.19.0.30>  username=5835512011 MAC=2c:61:f6:bb:d2:9e IP=172.19.39.131 Authentication result=Authentication Successful method=radius-accounting server=radius.phuket
Jan 16 06:56:01 2019 Aruba3600 authmgr[1960]: <522038> <INFO> <Aruba3600 172.19.0.30>  username=5730213092 MAC=88:63:df:62:b8:c2 IP=172.19.29.196 Authentication result=Authentication Successful method=radius-accounting server=radius.phuket
Jan 16 06:56:01 2019 Aruba3600 authmgr[1960]: <522038> <INFO> <Aruba3600 172.19.0.30>  username=6130311001 MAC=04:d6:aa:dd:f2:8c IP=172.19.39.147 Authentication result=Authentication Successful method=radius-accounting server=radius.phuket
Jan 16 06:56:01 2019 Aruba3600 authmgr[1960]: <522038> <INFO> <Aruba3600 172.19.0.30>  username=5830214009 MAC=58:40:4e:18:1e:93 IP=172.19.29.59 Authentication result=Authentication Successful method=radius-accounting server=radius.phuket
Jan 16 06:56:01 2019 Aruba3600 authmgr[1960]: <522038> <INFO> <Aruba3600 172.19.0.30>  username=5930211026 MAC=b0:70:2d:b7:67:d1 IP=172.19.27.142 Authentication result=Authentication Successful method=radius-accounting server=radius.phuket
Jan 16 06:56:01 2019 Aruba3600 authmgr[1960]: <522038> <INFO> <Aruba3600 172.19.0.30>  username=6030213047 MAC=58:e6:ba:44:22:74 IP=172.19.29.172 Authentication result=Authentication Successful method=radius-accounting server=radius.phuket
Jan 16 06:56:01 2019 172.19.25.81 stm[700]: <501105> <NOTI> |AP AP105-D1D4@172.19.25.81 stm|  Deauth from sta: f0:79:e8:ca:ee:fd: AP 172.19.25.81-9c:1c:12:24:7b:a9-AP105-D1D4 Reason STA has left and is deauthenticated
Jan 16 06:56:01 2019 Aruba3600 authmgr[2326]: <522036> <INFO> <Aruba3600 172.19.0.30>  MAC=f0:79:e8:ca:ee:fd Station DN: BSSID=9c:1c:12:24:7b:a9 ESSID=PSU WiFi (802.1x) @PKT VLAN=804 AP-name=AP105-D1D4
Jan 16 06:56:02 2019 Aruba3600 authmgr[1960]: <522038> <INFO> <Aruba3600 172.19.0.30>  username=5730112153 MAC=44:d3:ad:1c:b7:97 IP=172.19.27.65 Authentication result=Authentication Successful method=radius-accounting server=radius.phuket
Jan 16 06:56:02 2019 Aruba3600 authmgr[1960]: <522038> <INFO> <Aruba3600 172.19.0.30>  username=6035512033 MAC=48:a9:1c:21:16:3a IP=172.19.27.198 Authentication result=Authentication Successful method=radius-accounting server=radius.phuket
Jan 16 06:56:02 2019 Aruba3600 authmgr[1960]: <522038> <INFO> <Aruba3600 172.19.0.30>  username=6030214011 MAC=4c:1a:3d:76:25:d3 IP=172.19.29.228 Authentication result=Authentication Successful method=radius-accounting server=radius.phuket
Jan 16 06:56:02 2019 Aruba3600 authmgr[1960]: <522038> <INFO> <Aruba3600 172.19.0.30>  username=6035512053 MAC=24:92:0e:5f:9e:56 IP=172.19.29.244 Authentication result=Authentication Successful method=radius-accounting server=radius.phuket
Jan 16 06:56:02 2019 Aruba3600 authmgr[1960]: <522038> <INFO> <Aruba3600 172.19.0.30>  username=6130611020 MAC=04:92:26:7b:a0:32 IP=172.19.29.99 Authentication result=Authentication Successful method=radius-accounting server=radius.phuket
Jan 16 06:56:02 2019 Aruba3600 authmgr[1960]: <522038> <INFO> <Aruba3600 172.19.0.30>  username=5830112085 MAC=78:67:d7:52:9b:80 IP=172.19.27.190 Authentication result=Authentication Successful method=radius-accounting server=radius.phuket
Jan 16 06:56:02 2019 Aruba3600 authmgr[1960]: <522038> <INFO> <Aruba3600 172.19.0.30>  username=5830112063 MAC=88:e8:7f:74:75:31 IP=172.19.27.174 Authentication result=Authentication Successful method=radius-accounting server=radius.phuket
Jan 16 06:56:06 2019 172.19.25.81 stm[700]: <501109> <NOTI> |AP AP105-D1D4@172.19.25.81 stm|  Auth request: f0:79:e8:ca:ee:fd: AP 172.19.25.81-9c:1c:12:24:7b:a9-AP105-D1D4 auth_alg 0
Jan 16 06:56:06 2019 172.19.25.81 stm[700]: <501093> <NOTI> |AP AP105-D1D4@172.19.25.81 stm|  Auth success: f0:79:e8:ca:ee:fd: AP 172.19.25.81-9c:1c:12:24:7b:a9-AP105-D1D4
Jan 16 06:56:06 2019 172.19.25.81 stm[700]: <501095> <NOTI> |AP AP105-D1D4@172.19.25.81 stm|  Assoc request @ 06:56:06.459211: f0:79:e8:ca:ee:fd (SN 45): AP 172.19.25.81-9c:1c:12:24:7b:a9-AP105-D1D4
Jan 16 06:56:06 2019 172.19.25.81 stm[700]: <501100> <NOTI> |AP AP105-D1D4@172.19.25.81 stm|  Assoc success @ 06:56:06.460496: f0:79:e8:ca:ee:fd: AP 172.19.25.81-9c:1c:12:24:7b:a9-AP105-D1D4
Jan 16 06:56:06 2019 Aruba3600 stm[1984]: <501100> <NOTI> <Aruba3600 172.19.0.30>  Assoc success @ 06:56:06.472487: f0:79:e8:ca:ee:fd: AP 172.19.25.81-9c:1c:12:24:7b:a9-AP105-D1D4
Jan 16 06:56:06 2019 Aruba3600 authmgr[2326]: <522035> <INFO> <Aruba3600 172.19.0.30>  MAC=f0:79:e8:ca:ee:fd Station UP: BSSID=9c:1c:12:24:7b:a9 ESSID=PSU WiFi (802.1x) @PKT VLAN=804 AP-name=AP105-D1D4
Jan 16 06:56:06 2019 Aruba3600 authmgr[1960]: <522038> <INFO> <Aruba3600 172.19.0.30>  username=6030111039 MAC=f0:79:e8:ca:ee:fd IP=0.0.0.0 Authentication result=Authentication Successful method=802.1x server=radius.phuket
Jan 16 06:56:06 2019 Aruba3600 authmgr[1960]: <522044> <INFO> <Aruba3600 172.19.0.30>  MAC=f0:79:e8:ca:ee:fd Station authenticate(start): method=802.1x, role=authenticated/authenticated//logon, VLAN=804/804, Derivation=7/1, Value Pair=1, flags=0x8 
Jan 16 06:56:06 2019 Aruba3600 authmgr[1960]: <522049> <INFO> <Aruba3600 172.19.0.30>  MAC=f0:79:e8:ca:ee:fd,IP=N/A User role updated, existing Role=authenticated/none, new Role=authenticated/none, reason=station Authenticated with auth type:  802.1x
Jan 16 06:56:06 2019 Aruba3600 authmgr[1960]: <522050> <INFO> <Aruba3600 172.19.0.30>  MAC=f0:79:e8:ca:ee:fd,IP=N/A User data downloaded to datapath, new Role=authenticated/68, bw Contract=0/0, reason=Download driven by user role setting, idle-timeout=300
Jan 16 06:56:06 2019 Aruba3600 authmgr[1960]: <522029> <INFO> <Aruba3600 172.19.0.30>  MAC=f0:79:e8:ca:ee:fd Station authenticate: method=802.1x, role=authenticated///logon, VLAN=804/804, Derivation=7/1, Value Pair=1 
Jan 16 06:56:06 2019 Aruba3600 authmgr[1960]: <522008> <NOTI> <Aruba3600 172.19.0.30>  User Authentication Successful: username=6030111039 MAC=f0:79:e8:ca:ee:fd IP=172.19.29.120 role=authenticated VLAN=804 AP=AP105-D1D4 SSID=PSU WiFi (802.1x) @PKT AAA profile=dot1x_aaa auth method=802.1x auth server=radius.phuket
Jan 16 06:56:06 2019 172.19.25.78 stm[703]: <501109> <NOTI> |AP AP105-D1D1@172.19.25.78 stm|  Auth request: e0:66:78:96:5f:0b: AP 172.19.25.78-9c:1c:12:24:7e:68-AP105-D1D1 auth_alg 0
Jan 16 06:56:06 2019 172.19.25.78 stm[703]: <501093> <NOTI> |AP AP105-D1D1@172.19.25.78 stm|  Auth success: e0:66:78:96:5f:0b: AP 172.19.25.78-9c:1c:12:24:7e:68-AP105-D1D1
Jan 16 06:56:06 2019 172.19.25.78 stm[703]: <501095> <NOTI> |AP AP105-D1D1@172.19.25.78 stm|  Assoc request @ 06:56:06.817548: e0:66:78:96:5f:0b (SN 1481): AP 172.19.25.78-9c:1c:12:24:7e:68-AP105-D1D1
Jan 16 06:56:06 2019 172.19.25.78 stm[703]: <501100> <NOTI> |AP AP105-D1D1@172.19.25.78 stm|  Assoc success @ 06:56:06.818782: e0:66:78:96:5f:0b: AP 172.19.25.78-9c:1c:12:24:7e:68-AP105-D1D1
Jan 16 06:56:06 2019 Aruba3600 stm[1984]: <501100> <NOTI> <Aruba3600 172.19.0.30>  Assoc success @ 06:56:06.838039: e0:66:78:96:5f:0b: AP 172.19.25.78-9c:1c:12:24:7e:68-AP105-D1D1
Jan 16 06:56:06 2019 Aruba3600 authmgr[2326]: <522035> <INFO> <Aruba3600 172.19.0.30>  MAC=e0:66:78:96:5f:0b Station UP: BSSID=9c:1c:12:24:7e:68 ESSID=PSU WiFi (Web Login) @PKT VLAN=803 AP-name=AP105-D1D1
Jan 16 06:56:09 2019 172.19.25.87 stm[702]: <501109> <NOTI> |AP AP105-D1F2@172.19.25.87 stm|  Auth request: 88:63:df:62:b8:c2: AP 172.19.25.87-9c:1c:12:29:5b:81-AP105-D1F2 auth_alg 0
Jan 16 06:56:09 2019 172.19.25.87 stm[702]: <501093> <NOTI> |AP AP105-D1F2@172.19.25.87 stm|  Auth success: 88:63:df:62:b8:c2: AP 172.19.25.87-9c:1c:12:29:5b:81-AP105-D1F2
Jan 16 06:56:09 2019 Aruba3600 authmgr[2326]: <522036> <INFO> <Aruba3600 172.19.0.30>  MAC=88:63:df:62:b8:c2 Station DN: BSSID=9c:1c:12:29:5b:89 ESSID=PSU WiFi (802.1x) @PKT VLAN=802 AP-name=AP105-D1F2
Jan 16 06:56:09 2019 172.19.25.87 stm[702]: <501095> <NOTI> |AP AP105-D1F2@172.19.25.87 stm|  Assoc request @ 06:56:09.292255: 88:63:df:62:b8:c2 (SN 3047): AP 172.19.25.87-9c:1c:12:29:5b:81-AP105-D1F2
Jan 16 06:56:09 2019 172.19.25.87 stm[702]: <501080> <NOTI> |AP AP105-D1F2@172.19.25.87 stm|  Deauth to sta: 88:63:df:62:b8:c2: Ageout AP 172.19.25.87-9c:1c:12:29:5b:89-AP105-D1F2 STA has roamed to another AP
Jan 16 06:56:09 2019 172.19.25.87 stm[702]: <501100> <NOTI> |AP AP105-D1F2@172.19.25.87 stm|  Assoc success @ 06:56:09.297026: 88:63:df:62:b8:c2: AP 172.19.25.87-9c:1c:12:29:5b:81-AP105-D1F2
Jan 16 06:56:09 2019 Aruba3600 stm[1984]: <501100> <NOTI> <Aruba3600 172.19.0.30>  Assoc success @ 06:56:09.464530: 88:63:df:62:b8:c2: AP 172.19.25.87-9c:1c:12:29:5b:81-AP105-D1F2
Jan 16 06:56:09 2019 Aruba3600 authmgr[2326]: <522035> <INFO> <Aruba3600 172.19.0.30>  MAC=88:63:df:62:b8:c2 Station UP: BSSID=9c:1c:12:29:5b:81 ESSID=PSU WiFi (802.1x) @PKT VLAN=802 AP-name=AP105-D1F2
Jan 16 06:56:09 2019 Aruba3600 authmgr[2326]: <522044> <INFO> <Aruba3600 172.19.0.30>  MAC=88:63:df:62:b8:c2 Station authenticate(start): method=802.1x, role=authenticated/authenticated//logon, VLAN=802/802, Derivation=7/1, Value Pair=0, flags=0x8 
Jan 16 06:56:09 2019 Aruba3600 authmgr[2326]: <522049> <INFO> <Aruba3600 172.19.0.30>  MAC=88:63:df:62:b8:c2,IP=N/A User role updated, existing Role=authenticated/none, new Role=authenticated/none, reason=station Authenticated with auth type:  802.1x
Jan 16 06:56:09 2019 Aruba3600 authmgr[2326]: <522050> <INFO> <Aruba3600 172.19.0.30>  MAC=88:63:df:62:b8:c2,IP=N/A User data downloaded to datapath, new Role=authenticated/68, bw Contract=0/0, reason=Download driven by user role setting, idle-timeout=300
Jan 16 06:56:09 2019 Aruba3600 authmgr[2326]: <522029> <INFO> <Aruba3600 172.19.0.30>  MAC=88:63:df:62:b8:c2 Station authenticate: method=802.1x, role=authenticated/authenticated//logon, VLAN=802/802, Derivation=7/1, Value Pair=0 
Jan 16 06:56:09 2019 Aruba3600 authmgr[2326]: <522008> <NOTI> <Aruba3600 172.19.0.30>  User Authentication Successful: username=5730213092 MAC=88:63:df:62:b8:c2 IP=172.19.27.3 role=authenticated VLAN=802 AP=AP105-D1F2 SSID=PSU WiFi (802.1x) @PKT AAA profile=dot1x_aaa auth method=802.1x auth server=radius.phuket
Jan 16 06:56:09 2019 Aruba3600 authmgr[2326]: <522008> <NOTI> <Aruba3600 172.19.0.30>  User Authentication Successful: username=5730213092 MAC=88:63:df:62:b8:c2 IP=172.19.29.196 role=authenticated VLAN=802 AP=AP105-D1F2 SSID=PSU WiFi (802.1x) @PKT AAA profile=dot1x_aaa auth method=802.1x auth server=radius.phuket
Jan 16 06:56:13 2019 172.19.25.106 stm[704]: <501109> <NOTI> |AP AP105-D_Base-09@172.19.25.106 stm|  Auth request: e0:5f:45:3c:04:5f: AP 172.19.25.106-9c:1c:12:29:53:30-AP105-D_Base-09 auth_alg 0
Jan 16 06:56:13 2019 172.19.25.106 stm[704]: <501093> <NOTI> |AP AP105-D_Base-09@172.19.25.106 stm|  Auth success: e0:5f:45:3c:04:5f: AP 172.19.25.106-9c:1c:12:29:53:30-AP105-D_Base-09
Jan 16 06:56:13 2019 172.19.25.106 stm[704]: <501095> <NOTI> |AP AP105-D_Base-09@172.19.25.106 stm|  Assoc request @ 06:56:13.188224: e0:5f:45:3c:04:5f (SN 3370): AP 172.19.25.106-9c:1c:12:29:53:30-AP105-D_Base-09
Jan 16 06:56:13 2019 172.19.25.106 stm[704]: <501100> <NOTI> |AP AP105-D_Base-09@172.19.25.106 stm|  Assoc success @ 06:56:13.189780: e0:5f:45:3c:04:5f: AP 172.19.25.106-9c:1c:12:29:53:30-AP105-D_Base-09
Jan 16 06:56:13 2019 Aruba3600 authmgr[2326]: <522036> <INFO> <Aruba3600 172.19.0.30>  MAC=e0:5f:45:3c:04:5f Station DN: BSSID=9c:1c:12:1c:1b:e0 ESSID=PSU WiFi (Web Login) @PKT VLAN=806 AP-name=AP105-D_Base-08
Jan 16 06:56:13 2019 Aruba3600 mdns[2066]: <527004> <INFO> <Aruba3600 172.19.0.30>  mdns_parse_auth_useridle_message 169 Auth User Idle Timeout: MAC:e0:5f:45:3c:04:5f
Jan 16 06:56:13 2019 Aruba3600 stm[1984]: <501080> <NOTI> <Aruba3600 172.19.0.30>  Deauth to sta: e0:5f:45:3c:04:5f: Ageout AP 172.19.25.105-9c:1c:12:1c:1b:e0-AP105-D_Base-08 STA has roamed to another AP
Jan 16 06:56:13 2019 Aruba3600 stm[1984]: <501100> <NOTI> <Aruba3600 172.19.0.30>  Assoc success @ 06:56:13.204706: e0:5f:45:3c:04:5f: AP 172.19.25.106-9c:1c:12:29:53:30-AP105-D_Base-09
Jan 16 06:56:13 2019 172.19.25.105 stm[701]: <501105> <NOTI> |AP AP105-D_Base-08@172.19.25.105 stm|  Deauth from sta: e0:5f:45:3c:04:5f: AP 172.19.25.105-9c:1c:12:1c:1b:e0-AP105-D_Base-08 Reason STA has roamed to another AP
Jan 16 06:56:13 2019 Aruba3600 authmgr[2326]: <522035> <INFO> <Aruba3600 172.19.0.30>  MAC=e0:5f:45:3c:04:5f Station UP: BSSID=9c:1c:12:29:53:30 ESSID=PSU WiFi (Web Login) @PKT VLAN=806 AP-name=AP105-D_Base-09
Jan 16 06:56:13 2019 Aruba3600 authmgr[2326]: <522049> <INFO> <Aruba3600 172.19.0.30>  MAC=00:00:00:00:00:00,IP=N/A User role updated, existing Role=none/none, new Role=logon/none, reason=mac user created
Jan 16 06:56:13 2019 Aruba3600 authmgr[2326]: <522049> <INFO> <Aruba3600 172.19.0.30>  MAC=e0:5f:45:3c:04:5f,IP=N/A User role updated, existing Role=logon/none, new Role=guest-logon/none, reason=Set AAA profile defaults
Jan 16 06:56:13 2019 Aruba3600 authmgr[2326]: <522050> <INFO> <Aruba3600 172.19.0.30>  MAC=e0:5f:45:3c:04:5f,IP=N/A User data downloaded to datapath, new Role=guest-logon/9, bw Contract=0/0, reason=layer 2 event driven download, idle-timeout=300
Jan 16 06:56:15 2019 172.19.25.88 stm[703]: <501109> <NOTI> |AP AP105-D1F3@172.19.25.88 stm|  Auth request: f0:98:9d:b8:e8:05: AP 172.19.25.88-9c:1c:12:29:5b:39-AP105-D1F3 auth_alg 0
Jan 16 06:56:15 2019 172.19.25.88 stm[703]: <501093> <NOTI> |AP AP105-D1F3@172.19.25.88 stm|  Auth success: f0:98:9d:b8:e8:05: AP 172.19.25.88-9c:1c:12:29:5b:39-AP105-D1F3
Jan 16 06:56:15 2019 172.19.25.88 stm[703]: <501095> <NOTI> |AP AP105-D1F3@172.19.25.88 stm|  Assoc request @ 06:56:15.045390: f0:98:9d:b8:e8:05 (SN 4059): AP 172.19.25.88-9c:1c:12:29:5b:39-AP105-D1F3
Jan 16 06:56:15 2019 172.19.25.88 stm[703]: <501100> <NOTI> |AP AP105-D1F3@172.19.25.88 stm|  Assoc success @ 06:56:15.046599: f0:98:9d:b8:e8:05: AP 172.19.25.88-9c:1c:12:29:5b:39-AP105-D1F3
Jan 16 06:56:15 2019 Aruba3600 stm[1984]: <501100> <NOTI> <Aruba3600 172.19.0.30>  Assoc success @ 06:56:15.123827: f0:98:9d:b8:e8:05: AP 172.19.25.88-9c:1c:12:29:5b:39-AP105-D1F3
Jan 16 06:56:15 2019 Aruba3600 authmgr[2326]: <522035> <INFO> <Aruba3600 172.19.0.30>  MAC=f0:98:9d:b8:e8:05 Station UP: BSSID=9c:1c:12:29:5b:39 ESSID=PSU WiFi (802.1x) @PKT VLAN=802 AP-name=AP105-D1F3
Jan 16 06:56:15 2019 Aruba3600 authmgr[1960]: <522038> <INFO> <Aruba3600 172.19.0.30>  username=5935512049 MAC=f0:98:9d:b8:e8:05 IP=0.0.0.0 Authentication result=Authentication Successful method=802.1x server=radius.phuket
Jan 16 06:56:15 2019 Aruba3600 authmgr[1960]: <522044> <INFO> <Aruba3600 172.19.0.30>  MAC=f0:98:9d:b8:e8:05 Station authenticate(start): method=802.1x, role=authenticated/authenticated//logon, VLAN=802/802, Derivation=7/1, Value Pair=1, flags=0x8 
Jan 16 06:56:15 2019 Aruba3600 authmgr[1960]: <522049> <INFO> <Aruba3600 172.19.0.30>  MAC=f0:98:9d:b8:e8:05,IP=N/A User role updated, existing Role=authenticated/none, new Role=authenticated/none, reason=station Authenticated with auth type:  802.1x
Jan 16 06:56:15 2019 Aruba3600 authmgr[1960]: <522050> <INFO> <Aruba3600 172.19.0.30>  MAC=f0:98:9d:b8:e8:05,IP=N/A User data downloaded to datapath, new Role=authenticated/68, bw Contract=0/0, reason=Download driven by user role setting, idle-timeout=300
Jan 16 06:56:15 2019 Aruba3600 authmgr[1960]: <522029> <INFO> <Aruba3600 172.19.0.30>  MAC=f0:98:9d:b8:e8:05 Station authenticate: method=802.1x, role=authenticated///logon, VLAN=802/802, Derivation=7/1, Value Pair=1 
Jan 16 06:56:15 2019 Aruba3600 authmgr[1960]: <522008> <NOTI> <Aruba3600 172.19.0.30>  User Authentication Successful: username=5935512049 MAC=f0:98:9d:b8:e8:05 IP=172.19.27.119 role=authenticated VLAN=802 AP=AP105-D1F3 SSID=PSU WiFi (802.1x) @PKT AAA profile=dot1x_aaa auth method=802.1x auth server=radius.phuket
Jan 16 06:56:16 2019 172.19.25.106 stm[704]: <501109> <NOTI> |AP AP105-D_Base-09@172.19.25.106 stm|  Auth request: e0:5f:45:3c:04:5f: AP 172.19.25.106-9c:1c:12:29:53:38-AP105-D_Base-09 auth_alg 0
Jan 16 06:56:16 2019 172.19.25.106 stm[704]: <501093> <NOTI> |AP AP105-D_Base-09@172.19.25.106 stm|  Auth success: e0:5f:45:3c:04:5f: AP 172.19.25.106-9c:1c:12:29:53:38-AP105-D_Base-09
Jan 16 06:56:16 2019 172.19.25.106 stm[704]: <501095> <NOTI> |AP AP105-D_Base-09@172.19.25.106 stm|  Assoc request @ 06:56:16.435731: e0:5f:45:3c:04:5f (SN 3414): AP 172.19.25.106-9c:1c:12:29:53:38-AP105-D_Base-09
Jan 16 06:56:16 2019 172.19.25.106 stm[704]: <501080> <NOTI> |AP AP105-D_Base-09@172.19.25.106 stm|  Deauth to sta: e0:5f:45:3c:04:5f: Ageout AP 172.19.25.106-9c:1c:12:29:53:30-AP105-D_Base-09 STA has roamed to another AP
Jan 16 06:56:16 2019 Aruba3600 authmgr[2326]: <522036> <INFO> <Aruba3600 172.19.0.30>  MAC=e0:5f:45:3c:04:5f Station DN: BSSID=9c:1c:12:29:53:30 ESSID=PSU WiFi (Web Login) @PKT VLAN=806 AP-name=AP105-D_Base-09
Jan 16 06:56:16 2019 Aruba3600 mdns[2066]: <527004> <INFO> <Aruba3600 172.19.0.30>  mdns_parse_auth_useridle_message 169 Auth User Idle Timeout: MAC:e0:5f:45:3c:04:5f
Jan 16 06:56:16 2019 172.19.25.106 stm[704]: <501100> <NOTI> |AP AP105-D_Base-09@172.19.25.106 stm|  Assoc success @ 06:56:16.440096: e0:5f:45:3c:04:5f: AP 172.19.25.106-9c:1c:12:29:53:38-AP105-D_Base-09
Jan 16 06:56:16 2019 Aruba3600 stm[1984]: <501100> <NOTI> <Aruba3600 172.19.0.30>  Assoc success @ 06:56:16.500746: e0:5f:45:3c:04:5f: AP 172.19.25.106-9c:1c:12:29:53:38-AP105-D_Base-09
Jan 16 06:56:16 2019 Aruba3600 authmgr[2326]: <522035> <INFO> <Aruba3600 172.19.0.30>  MAC=e0:5f:45:3c:04:5f Station UP: BSSID=9c:1c:12:29:53:38 ESSID=PSU WiFi (Web Login) @PKT VLAN=806 AP-name=AP105-D_Base-09
Jan 16 06:56:16 2019 Aruba3600 authmgr[2326]: <522049> <INFO> <Aruba3600 172.19.0.30>  MAC=00:00:00:00:00:00,IP=N/A User role updated, existing Role=none/none, new Role=logon/none, reason=mac user created
Jan 16 06:56:16 2019 Aruba3600 authmgr[2326]: <522049> <INFO> <Aruba3600 172.19.0.30>  MAC=e0:5f:45:3c:04:5f,IP=N/A User role updated, existing Role=logon/none, new Role=guest-logon/none, reason=Set AAA profile defaults
Jan 16 06:56:16 2019 Aruba3600 authmgr[2326]: <522050> <INFO> <Aruba3600 172.19.0.30>  MAC=e0:5f:45:3c:04:5f,IP=N/A User data downloaded to datapath, new Role=guest-logon/9, bw Contract=0/0, reason=layer 2 event driven download, idle-timeout=300
Jan 16 06:56:20 2019 172.19.25.78 stm[703]: <501109> <NOTI> |AP AP105-D1D1@172.19.25.78 stm|  Auth request: e0:66:78:96:5f:0b: AP 172.19.25.78-9c:1c:12:24:7e:68-AP105-D1D1 auth_alg 0
Jan 16 06:56:20 2019 172.19.25.78 stm[703]: <501093> <NOTI> |AP AP105-D1D1@172.19.25.78 stm|  Auth success: e0:66:78:96:5f:0b: AP 172.19.25.78-9c:1c:12:24:7e:68-AP105-D1D1
Jan 16 06:56:20 2019 172.19.25.78 stm[703]: <501095> <NOTI> |AP AP105-D1D1@172.19.25.78 stm|  Assoc request @ 06:56:20.949177: e0:66:78:96:5f:0b (SN 1566): AP 172.19.25.78-9c:1c:12:24:7e:68-AP105-D1D1
Jan 16 06:56:20 2019 172.19.25.78 stm[703]: <501100> <NOTI> |AP AP105-D1D1@172.19.25.78 stm|  Assoc success @ 06:56:20.950380: e0:66:78:96:5f:0b: AP 172.19.25.78-9c:1c:12:24:7e:68-AP105-D1D1
Jan 16 06:56:20 2019 Aruba3600 stm[1984]: <501100> <NOTI> <Aruba3600 172.19.0.30>  Assoc success @ 06:56:20.970468: e0:66:78:96:5f:0b: AP 172.19.25.78-9c:1c:12:24:7e:68-AP105-D1D1
Jan 16 06:56:20 2019 Aruba3600 authmgr[2326]: <522035> <INFO> <Aruba3600 172.19.0.30>  MAC=e0:66:78:96:5f:0b Station UP: BSSID=9c:1c:12:24:7e:68 ESSID=PSU WiFi (Web Login) @PKT VLAN=803 AP-name=AP105-D1D1
Jan 16 06:56:24 2019 172.19.25.102 stm[704]: <501109> <NOTI> |AP AP105-D_Base-05@172.19.25.102 stm|  Auth request: e0:5f:45:3c:04:5f: AP 172.19.25.102-9c:1c:12:1c:17:f9-AP105-D_Base-05 auth_alg 0
Jan 16 06:56:24 2019 172.19.25.102 stm[704]: <501093> <NOTI> |AP AP105-D_Base-05@172.19.25.102 stm|  Auth success: e0:5f:45:3c:04:5f: AP 172.19.25.102-9c:1c:12:1c:17:f9-AP105-D_Base-05
Jan 16 06:56:24 2019 172.19.25.102 stm[704]: <501095> <NOTI> |AP AP105-D_Base-05@172.19.25.102 stm|  Assoc request @ 06:56:24.678287: e0:5f:45:3c:04:5f (SN 3528): AP 172.19.25.102-9c:1c:12:1c:17:f9-AP105-D_Base-05
Jan 16 06:56:24 2019 172.19.25.102 stm[704]: <501100> <NOTI> |AP AP105-D_Base-05@172.19.25.102 stm|  Assoc success @ 06:56:24.679910: e0:5f:45:3c:04:5f: AP 172.19.25.102-9c:1c:12:1c:17:f9-AP105-D_Base-05
Jan 16 06:56:24 2019 Aruba3600 authmgr[2326]: <522036> <INFO> <Aruba3600 172.19.0.30>  MAC=e0:5f:45:3c:04:5f Station DN: BSSID=9c:1c:12:29:53:38 ESSID=PSU WiFi (Web Login) @PKT VLAN=806 AP-name=AP105-D_Base-09
Jan 16 06:56:24 2019 Aruba3600 mdns[2066]: <527004> <INFO> <Aruba3600 172.19.0.30>  mdns_parse_auth_useridle_message 169 Auth User Idle Timeout: MAC:e0:5f:45:3c:04:5f
Jan 16 06:56:24 2019 Aruba3600 stm[1984]: <501080> <NOTI> <Aruba3600 172.19.0.30>  Deauth to sta: e0:5f:45:3c:04:5f: Ageout AP 172.19.25.106-9c:1c:12:29:53:38-AP105-D_Base-09 STA has roamed to another AP
Jan 16 06:56:24 2019 172.19.25.106 stm[704]: <501105> <NOTI> |AP AP105-D_Base-09@172.19.25.106 stm|  Deauth from sta: e0:5f:45:3c:04:5f: AP 172.19.25.106-9c:1c:12:29:53:38-AP105-D_Base-09 Reason STA has roamed to another AP
Jan 16 06:56:24 2019 Aruba3600 stm[1984]: <501100> <NOTI> <Aruba3600 172.19.0.30>  Assoc success @ 06:56:24.871030: e0:5f:45:3c:04:5f: AP 172.19.25.102-9c:1c:12:1c:17:f9-AP105-D_Base-05
Jan 16 06:56:24 2019 Aruba3600 authmgr[2326]: <522035> <INFO> <Aruba3600 172.19.0.30>  MAC=e0:5f:45:3c:04:5f Station UP: BSSID=9c:1c:12:1c:17:f9 ESSID=PSU WiFi (802.1x) @PKT VLAN=807 AP-name=AP105-D_Base-05
Jan 16 06:56:24 2019 Aruba3600 authmgr[2326]: <522049> <INFO> <Aruba3600 172.19.0.30>  MAC=00:00:00:00:00:00,IP=N/A User role updated, existing Role=none/none, new Role=logon/none, reason=mac user created
Jan 16 06:56:24 2019 Aruba3600 authmgr[2326]: <522050> <INFO> <Aruba3600 172.19.0.30>  MAC=e0:5f:45:3c:04:5f,IP=N/A User data downloaded to datapath, new Role=logon/2, bw Contract=0/0, reason=layer 2 event driven download, idle-timeout=300
Jan 16 06:56:28 2019 172.19.55.44 stm[831]: <501109> <NOTI> |AP AP105-5102A@172.19.55.44 stm|  Auth request: b8:57:d8:78:f9:a5: AP 172.19.55.44-6c:f3:7f:22:65:30-AP105-5102A auth_alg 0
Jan 16 06:56:28 2019 172.19.55.44 stm[831]: <501093> <NOTI> |AP AP105-5102A@172.19.55.44 stm|  Auth success: b8:57:d8:78:f9:a5: AP 172.19.55.44-6c:f3:7f:22:65:30-AP105-5102A
Jan 16 06:56:28 2019 172.19.55.44 stm[831]: <501095> <NOTI> |AP AP105-5102A@172.19.55.44 stm|  Assoc request @ 06:56:28.125736: b8:57:d8:78:f9:a5 (SN 1644): AP 172.19.55.44-6c:f3:7f:22:65:30-AP105-5102A
Jan 16 06:56:28 2019 172.19.55.44 stm[831]: <501100> <NOTI> |AP AP105-5102A@172.19.55.44 stm|  Assoc success @ 06:56:28.127363: b8:57:d8:78:f9:a5: AP 172.19.55.44-6c:f3:7f:22:65:30-AP105-5102A
Jan 16 06:56:28 2019 Aruba3600 stm[1984]: <501100> <NOTI> <Aruba3600 172.19.0.30>  Assoc success @ 06:56:28.208193: b8:57:d8:78:f9:a5: AP 172.19.55.44-6c:f3:7f:22:65:30-AP105-5102A
Jan 16 06:56:28 2019 Aruba3600 authmgr[2326]: <522035> <INFO> <Aruba3600 172.19.0.30>  MAC=b8:57:d8:78:f9:a5 Station UP: BSSID=6c:f3:7f:22:65:30 ESSID=PSU WiFi (Web Login) @PKT VLAN=503 AP-name=AP105-5102A
Jan 16 06:56:28 2019 Aruba3600 authmgr[2326]: <522049> <INFO> <Aruba3600 172.19.0.30>  MAC=00:00:00:00:00:00,IP=N/A User role updated, existing Role=none/none, new Role=logon/none, reason=mac user created
Jan 16 06:56:28 2019 Aruba3600 authmgr[2326]: <522049> <INFO> <Aruba3600 172.19.0.30>  MAC=b8:57:d8:78:f9:a5,IP=N/A User role updated, existing Role=logon/none, new Role=guest-logon/none, reason=Set AAA profile defaults
Jan 16 06:56:28 2019 Aruba3600 authmgr[2326]: <522050> <INFO> <Aruba3600 172.19.0.30>  MAC=b8:57:d8:78:f9:a5,IP=N/A User data downloaded to datapath, new Role=guest-logon/9, bw Contract=0/0, reason=layer 2 event driven download, idle-timeout=300
Jan 16 06:56:30 2019 Aruba3600 authmgr[1960]: <522026> <INFO> <Aruba3600 172.19.0.30>  MAC=b8:57:d8:78:f9:a5 IP=172.19.53.38 User miss: ingress=0x1001e, VLAN=503 flags=0x8040
Jan 16 06:56:30 2019 Aruba3600 authmgr[1960]: <522006> <INFO> <Aruba3600 172.19.0.30>  MAC=b8:57:d8:78:f9:a5 IP=172.19.53.38 User entry added: reason=Sibtye
Jan 16 06:56:30 2019 Aruba3600 authmgr[1960]: <522050> <INFO> <Aruba3600 172.19.0.30>  MAC=b8:57:d8:78:f9:a5,IP=172.19.53.38 User data downloaded to datapath, new Role=guest-logon/9, bw Contract=0/0, reason=New user IP processing, idle-timeout=300
Jan 16 06:56:30 2019 Aruba3600 mdns[2066]: <527004> <INFO> <Aruba3600 172.19.0.30>  mdns_parse_auth_useradd_message 226 Auth User ADD: MAC:b8:57:d8:78:f9:a5, IP:172.19.53.38, VLAN:503, Role:guest-logon Name: APName:AP105-5102A Type:1. Groups: 
Jan 16 06:56:33 2019 172.19.25.82 stm[701]: <501109> <NOTI> |AP AP105-D1E1@172.19.25.82 stm|  Auth request: 48:74:6e:94:9e:b8: AP 172.19.25.82-9c:1c:12:24:7d:c1-AP105-D1E1 auth_alg 0
Jan 16 06:56:33 2019 172.19.25.82 stm[701]: <501093> <NOTI> |AP AP105-D1E1@172.19.25.82 stm|  Auth success: 48:74:6e:94:9e:b8: AP 172.19.25.82-9c:1c:12:24:7d:c1-AP105-D1E1
Jan 16 06:56:33 2019 172.19.25.82 stm[701]: <501095> <NOTI> |AP AP105-D1E1@172.19.25.82 stm|  Assoc request @ 06:56:33.777172: 48:74:6e:94:9e:b8 (SN 4): AP 172.19.25.82-9c:1c:12:24:7d:c1-AP105-D1E1
Jan 16 06:56:33 2019 Aruba3600 stm[1984]: <501100> <NOTI> <Aruba3600 172.19.0.30>  Assoc success @ 06:56:33.790579: 48:74:6e:94:9e:b8: AP 172.19.25.82-9c:1c:12:24:7d:c1-AP105-D1E1
Jan 16 06:56:33 2019 172.19.25.82 stm[701]: <501100> <NOTI> |AP AP105-D1E1@172.19.25.82 stm|  Assoc success @ 06:56:33.778686: 48:74:6e:94:9e:b8: AP 172.19.25.82-9c:1c:12:24:7d:c1-AP105-D1E1
Jan 16 06:56:33 2019 Aruba3600 authmgr[2326]: <522035> <INFO> <Aruba3600 172.19.0.30>  MAC=48:74:6e:94:9e:b8 Station UP: BSSID=9c:1c:12:24:7d:c1 ESSID=PSU WiFi (802.1x) @PKT VLAN=802 AP-name=AP105-D1E1
Jan 16 06:56:33 2019 Aruba3600 authmgr[2326]: <522049> <INFO> <Aruba3600 172.19.0.30>  MAC=00:00:00:00:00:00,IP=N/A User role updated, existing Role=none/none, new Role=logon/none, reason=mac user created
Jan 16 06:56:33 2019 Aruba3600 authmgr[2326]: <522050> <INFO> <Aruba3600 172.19.0.30>  MAC=48:74:6e:94:9e:b8,IP=N/A User data downloaded to datapath, new Role=logon/2, bw Contract=0/0, reason=layer 2 event driven download, idle-timeout=300
Jan 16 06:56:34 2019 Aruba3600 authmgr[1960]: <522038> <INFO> <Aruba3600 172.19.0.30>  username=5735512153 MAC=48:74:6e:94:9e:b8 IP=0.0.0.0 Authentication result=Authentication Successful method=802.1x server=radius.phuket
Jan 16 06:56:34 2019 Aruba3600 authmgr[1960]: <522044> <INFO> <Aruba3600 172.19.0.30>  MAC=48:74:6e:94:9e:b8 Station authenticate(start): method=802.1x, role=logon///logon, VLAN=802/802, Derivation=0/0, Value Pair=1, flags=0x8 
Jan 16 06:56:34 2019 Aruba3600 authmgr[1960]: <522049> <INFO> <Aruba3600 172.19.0.30>  MAC=48:74:6e:94:9e:b8,IP=N/A User role updated, existing Role=logon/none, new Role=authenticated/none, reason=station Authenticated with auth type:  802.1x
Jan 16 06:56:34 2019 Aruba3600 authmgr[1960]: <522050> <INFO> <Aruba3600 172.19.0.30>  MAC=48:74:6e:94:9e:b8,IP=N/A User data downloaded to datapath, new Role=authenticated/68, bw Contract=0/0, reason=Download driven by user role setting, idle-timeout=300
Jan 16 06:56:34 2019 Aruba3600 authmgr[1960]: <522029> <INFO> <Aruba3600 172.19.0.30>  MAC=48:74:6e:94:9e:b8 Station authenticate: method=802.1x, role=authenticated///logon, VLAN=802/802, Derivation=7/1, Value Pair=1 
Jan 16 06:56:35 2019 172.19.25.78 stm[703]: <501109> <NOTI> |AP AP105-D1D1@172.19.25.78 stm|  Auth request: e0:66:78:96:5f:0b: AP 172.19.25.78-9c:1c:12:24:7e:68-AP105-D1D1 auth_alg 0
Jan 16 06:56:35 2019 172.19.25.78 stm[703]: <501093> <NOTI> |AP AP105-D1D1@172.19.25.78 stm|  Auth success: e0:66:78:96:5f:0b: AP 172.19.25.78-9c:1c:12:24:7e:68-AP105-D1D1
Jan 16 06:56:35 2019 172.19.25.78 stm[703]: <501095> <NOTI> |AP AP105-D1D1@172.19.25.78 stm|  Assoc request @ 06:56:35.080428: e0:66:78:96:5f:0b (SN 1648): AP 172.19.25.78-9c:1c:12:24:7e:68-AP105-D1D1
Jan 16 06:56:35 2019 172.19.25.78 stm[703]: <501100> <NOTI> |AP AP105-D1D1@172.19.25.78 stm|  Assoc success @ 06:56:35.081781: e0:66:78:96:5f:0b: AP 172.19.25.78-9c:1c:12:24:7e:68-AP105-D1D1
Jan 16 06:56:35 2019 Aruba3600 stm[1984]: <501100> <NOTI> <Aruba3600 172.19.0.30>  Assoc success @ 06:56:35.103016: e0:66:78:96:5f:0b: AP 172.19.25.78-9c:1c:12:24:7e:68-AP105-D1D1
Jan 16 06:56:35 2019 Aruba3600 authmgr[2326]: <522035> <INFO> <Aruba3600 172.19.0.30>  MAC=e0:66:78:96:5f:0b Station UP: BSSID=9c:1c:12:24:7e:68 ESSID=PSU WiFi (Web Login) @PKT VLAN=803 AP-name=AP105-D1D1
Jan 16 06:56:35 2019 Aruba3600 authmgr[1960]: <522038> <INFO> <Aruba3600 172.19.0.30>  username=6030213025 MAC=20:47:da:0a:50:ad IP=172.19.29.11 Authentication result=Authentication Successful method=radius-accounting server=radius.phuket
Jan 16 06:56:36 2019 Aruba3600 authmgr[1960]: <522026> <INFO> <Aruba3600 172.19.0.30>  MAC=48:74:6e:94:9e:b8 IP=172.19.27.108 User miss: ingress=0x10171, VLAN=802 flags=0x8040
Jan 16 06:56:36 2019 Aruba3600 authmgr[1960]: <522006> <INFO> <Aruba3600 172.19.0.30>  MAC=48:74:6e:94:9e:b8 IP=172.19.27.108 User entry added: reason=Sibtye
Jan 16 06:56:36 2019 Aruba3600 mdns[2066]: <527004> <INFO> <Aruba3600 172.19.0.30>  mdns_parse_auth_useradd_message 226 Auth User ADD: MAC:48:74:6e:94:9e:b8, IP:172.19.27.108, VLAN:802, Role:authenticated Name:5735512153 APName:AP105-D1E1 Type:1. Groups: 
Jan 16 06:56:36 2019 Aruba3600 authmgr[1960]: <522050> <INFO> <Aruba3600 172.19.0.30>  MAC=48:74:6e:94:9e:b8,IP=172.19.27.108 User data downloaded to datapath, new Role=authenticated/68, bw Contract=0/0, reason=New user IP processing, idle-timeout=300
Jan 16 06:56:36 2019 Aruba3600 authmgr[1960]: <522038> <INFO> <Aruba3600 172.19.0.30>  username=5735512153 MAC=48:74:6e:94:9e:b8 IP=172.19.27.108 Authentication result=Authentication Successful method=radius-accounting server=radius.phuket
Jan 16 06:56:36 2019 Aruba3600 authmgr[1960]: <522038> <INFO> <Aruba3600 172.19.0.30>  username=5735512151 MAC=48:a9:1c:51:c9:3c IP=172.19.27.150 Authentication result=Authentication Successful method=radius-accounting server=radius.phuket
Jan 16 06:56:36 2019 Aruba3600 authmgr[1960]: <522038> <INFO> <Aruba3600 172.19.0.30>  username=5635512041 MAC=84:be:52:fe:ad:f0 IP=172.19.26.153 Authentication result=Authentication Successful method=radius-accounting server=radius.phuket
Jan 16 06:56:36 2019 Aruba3600 authmgr[1960]: <522038> <INFO> <Aruba3600 172.19.0.30>  username=6030213008 MAC=04:b1:67:3f:52:70 IP=172.19.29.35 Authentication result=Authentication Successful method=radius-accounting server=radius.phuket
Jan 16 06:56:36 2019 Aruba3600 authmgr[1960]: <522038> <INFO> <Aruba3600 172.19.0.30>  username=6130613053 MAC=cc:2d:83:4f:af:22 IP=172.19.28.195 Authentication result=Authentication Successful method=radius-accounting server=radius.phuket
Jan 16 06:56:36 2019 Aruba3600 authmgr[1960]: <522038> <INFO> <Aruba3600 172.19.0.30>  username=6130613023 MAC=96:53:01:57:f2:63 IP=172.19.28.211 Authentication result=Authentication Successful method=radius-accounting server=radius.phuket
Jan 16 06:56:36 2019 Aruba3600 authmgr[1960]: <522038> <INFO> <Aruba3600 172.19.0.30>  username=5935512095 MAC=88:ad:d2:3a:c7:5c IP=172.19.29.220 Authentication result=Authentication Successful method=radius-accounting server=radius.phuket
Jan 16 06:56:40 2019 172.19.25.97 stm[698]: <501109> <NOTI> |AP AP105-D1H4@172.19.25.97 stm|  Auth request: 80:ea:96:34:0d:e1: AP 172.19.25.97-9c:1c:12:1c:17:51-AP105-D1H4 auth_alg 0
Jan 16 06:56:40 2019 172.19.25.97 stm[698]: <501093> <NOTI> |AP AP105-D1H4@172.19.25.97 stm|  Auth success: 80:ea:96:34:0d:e1: AP 172.19.25.97-9c:1c:12:1c:17:51-AP105-D1H4
Jan 16 06:56:40 2019 172.19.25.97 stm[698]: <501095> <NOTI> |AP AP105-D1H4@172.19.25.97 stm|  Assoc request @ 06:56:40.794940: 80:ea:96:34:0d:e1 (SN 4094): AP 172.19.25.97-9c:1c:12:1c:17:51-AP105-D1H4
Jan 16 06:56:40 2019 172.19.25.97 stm[698]: <501100> <NOTI> |AP AP105-D1H4@172.19.25.97 stm|  Assoc success @ 06:56:40.796324: 80:ea:96:34:0d:e1: AP 172.19.25.97-9c:1c:12:1c:17:51-AP105-D1H4
Jan 16 06:56:40 2019 Aruba3600 authmgr[2326]: <522036> <INFO> <Aruba3600 172.19.0.30>  MAC=80:ea:96:34:0d:e1 Station DN: BSSID=9c:1c:12:24:7e:e1 ESSID=PSU WiFi (802.1x) @PKT VLAN=802 AP-name=AP105-D1E4
Jan 16 06:56:40 2019 Aruba3600 stm[1984]: <501080> <NOTI> <Aruba3600 172.19.0.30>  Deauth to sta: 80:ea:96:34:0d:e1: Ageout AP 172.19.25.85-9c:1c:12:24:7e:e1-AP105-D1E4 STA has roamed to another AP
Jan 16 06:56:40 2019 Aruba3600 stm[1984]: <501100> <NOTI> <Aruba3600 172.19.0.30>  Assoc success @ 06:56:40.958924: 80:ea:96:34:0d:e1: AP 172.19.25.97-9c:1c:12:1c:17:51-AP105-D1H4
Jan 16 06:56:40 2019 172.19.25.85 stm[699]: <501105> <NOTI> |AP AP105-D1E4@172.19.25.85 stm|  Deauth from sta: 80:ea:96:34:0d:e1: AP 172.19.25.85-9c:1c:12:24:7e:e1-AP105-D1E4 Reason STA has roamed to another AP
Jan 16 06:56:40 2019 Aruba3600 authmgr[2326]: <522035> <INFO> <Aruba3600 172.19.0.30>  MAC=80:ea:96:34:0d:e1 Station UP: BSSID=9c:1c:12:1c:17:51 ESSID=PSU WiFi (802.1x) @PKT VLAN=804 AP-name=AP105-D1H4
Jan 16 06:56:40 2019 Aruba3600 authmgr[2326]: <522044> <INFO> <Aruba3600 172.19.0.30>  MAC=80:ea:96:34:0d:e1 Station authenticate(start): method=802.1x, role=authenticated/authenticated//logon, VLAN=804/804, Derivation=7/1, Value Pair=0, flags=0x8 
Jan 16 06:56:40 2019 Aruba3600 authmgr[2326]: <522049> <INFO> <Aruba3600 172.19.0.30>  MAC=80:ea:96:34:0d:e1,IP=N/A User role updated, existing Role=authenticated/none, new Role=authenticated/none, reason=station Authenticated with auth type:  802.1x
Jan 16 06:56:40 2019 Aruba3600 authmgr[2326]: <522050> <INFO> <Aruba3600 172.19.0.30>  MAC=80:ea:96:34:0d:e1,IP=N/A User data downloaded to datapath, new Role=authenticated/68, bw Contract=0/0, reason=Download driven by user role setting, idle-timeout=300
Jan 16 06:56:40 2019 Aruba3600 authmgr[2326]: <522029> <INFO> <Aruba3600 172.19.0.30>  MAC=80:ea:96:34:0d:e1 Station authenticate: method=802.1x, role=authenticated/authenticated//logon, VLAN=804/804, Derivation=7/1, Value Pair=0 
Jan 16 06:56:40 2019 Aruba3600 authmgr[2326]: <522008> <NOTI> <Aruba3600 172.19.0.30>  User Authentication Successful: username=6130112102 MAC=80:ea:96:34:0d:e1 IP=172.19.29.223 role=authenticated VLAN=804 AP=AP105-D1H4 SSID=PSU WiFi (802.1x) @PKT AAA profile=dot1x_aaa auth method=802.1x auth server=radius.phuket
Jan 16 06:56:40 2019 Aruba3600 authmgr[2326]: <522008> <NOTI> <Aruba3600 172.19.0.30>  User Authentication Successful: username=6130112102 MAC=80:ea:96:34:0d:e1 IP=172.19.27.186 role=authenticated VLAN=804 AP=AP105-D1H4 SSID=PSU WiFi (802.1x) @PKT AAA profile=dot1x_aaa auth method=802.1x auth server=radius.phuket
Jan 16 06:56:44 2019 172.19.25.98 stm[704]: <501109> <NOTI> |AP AP105-D_Base-01@172.19.25.98 stm|  Auth request: e0:5f:45:3c:04:5f: AP 172.19.25.98-9c:1c:12:1c:12:b0-AP105-D_Base-01 auth_alg 0
Jan 16 06:56:44 2019 172.19.25.98 stm[704]: <501093> <NOTI> |AP AP105-D_Base-01@172.19.25.98 stm|  Auth success: e0:5f:45:3c:04:5f: AP 172.19.25.98-9c:1c:12:1c:12:b0-AP105-D_Base-01
Jan 16 06:56:44 2019 172.19.25.98 stm[704]: <501095> <NOTI> |AP AP105-D_Base-01@172.19.25.98 stm|  Assoc request @ 06:56:44.494688: e0:5f:45:3c:04:5f (SN 3577): AP 172.19.25.98-9c:1c:12:1c:12:b0-AP105-D_Base-01
Jan 16 06:56:44 2019 172.19.25.98 stm[704]: <501100> <NOTI> |AP AP105-D_Base-01@172.19.25.98 stm|  Assoc success @ 06:56:44.498104: e0:5f:45:3c:04:5f: AP 172.19.25.98-9c:1c:12:1c:12:b0-AP105-D_Base-01
Jan 16 06:56:44 2019 Aruba3600 authmgr[2326]: <522036> <INFO> <Aruba3600 172.19.0.30>  MAC=e0:5f:45:3c:04:5f Station DN: BSSID=9c:1c:12:1c:17:f9 ESSID=PSU WiFi (802.1x) @PKT VLAN=807 AP-name=AP105-D_Base-05
Jan 16 06:56:44 2019 Aruba3600 mdns[2066]: <527004> <INFO> <Aruba3600 172.19.0.30>  mdns_parse_auth_useridle_message 169 Auth User Idle Timeout: MAC:e0:5f:45:3c:04:5f
Jan 16 06:56:44 2019 Aruba3600 stm[1984]: <501080> <NOTI> <Aruba3600 172.19.0.30>  Deauth to sta: e0:5f:45:3c:04:5f: Ageout AP 172.19.25.102-9c:1c:12:1c:17:f9-AP105-D_Base-05 STA has roamed to another AP
Jan 16 06:56:44 2019 Aruba3600 stm[1984]: <501100> <NOTI> <Aruba3600 172.19.0.30>  Assoc success @ 06:56:44.571779: e0:5f:45:3c:04:5f: AP 172.19.25.98-9c:1c:12:1c:12:b0-AP105-D_Base-01
Jan 16 06:56:44 2019 Aruba3600 authmgr[2326]: <522035> <INFO> <Aruba3600 172.19.0.30>  MAC=e0:5f:45:3c:04:5f Station UP: BSSID=9c:1c:12:1c:12:b0 ESSID=PSU WiFi (Web Login) @PKT VLAN=806 AP-name=AP105-D_Base-01
Jan 16 06:56:44 2019 Aruba3600 authmgr[2326]: <522049> <INFO> <Aruba3600 172.19.0.30>  MAC=00:00:00:00:00:00,IP=N/A User role updated, existing Role=none/none, new Role=logon/none, reason=mac user created
Jan 16 06:56:44 2019 172.19.25.102 stm[704]: <501105> <NOTI> |AP AP105-D_Base-05@172.19.25.102 stm|  Deauth from sta: e0:5f:45:3c:04:5f: AP 172.19.25.102-9c:1c:12:1c:17:f9-AP105-D_Base-05 Reason STA has roamed to another AP
Jan 16 06:56:44 2019 Aruba3600 authmgr[2326]: <522049> <INFO> <Aruba3600 172.19.0.30>  MAC=e0:5f:45:3c:04:5f,IP=N/A User role updated, existing Role=logon/none, new Role=guest-logon/none, reason=Set AAA profile defaults
Jan 16 06:56:44 2019 Aruba3600 authmgr[2326]: <522050> <INFO> <Aruba3600 172.19.0.30>  MAC=e0:5f:45:3c:04:5f,IP=N/A User data downloaded to datapath, new Role=guest-logon/9, bw Contract=0/0, reason=layer 2 event driven download, idle-timeout=300
Jan 16 06:56:49 2019 172.19.25.78 stm[703]: <501109> <NOTI> |AP AP105-D1D1@172.19.25.78 stm|  Auth request: e0:66:78:96:5f:0b: AP 172.19.25.78-9c:1c:12:24:7e:68-AP105-D1D1 auth_alg 0
Jan 16 06:56:49 2019 172.19.25.78 stm[703]: <501093> <NOTI> |AP AP105-D1D1@172.19.25.78 stm|  Auth success: e0:66:78:96:5f:0b: AP 172.19.25.78-9c:1c:12:24:7e:68-AP105-D1D1
Jan 16 06:56:49 2019 172.19.25.78 stm[703]: <501095> <NOTI> |AP AP105-D1D1@172.19.25.78 stm|  Assoc request @ 06:56:49.109021: e0:66:78:96:5f:0b (SN 1731): AP 172.19.25.78-9c:1c:12:24:7e:68-AP105-D1D1
Jan 16 06:56:49 2019 172.19.25.78 stm[703]: <501100> <NOTI> |AP AP105-D1D1@172.19.25.78 stm|  Assoc success @ 06:56:49.110293: e0:66:78:96:5f:0b: AP 172.19.25.78-9c:1c:12:24:7e:68-AP105-D1D1
Jan 16 06:56:49 2019 Aruba3600 stm[1984]: <501100> <NOTI> <Aruba3600 172.19.0.30>  Assoc success @ 06:56:49.130222: e0:66:78:96:5f:0b: AP 172.19.25.78-9c:1c:12:24:7e:68-AP105-D1D1
Jan 16 06:56:49 2019 Aruba3600 authmgr[2326]: <522035> <INFO> <Aruba3600 172.19.0.30>  MAC=e0:66:78:96:5f:0b Station UP: BSSID=9c:1c:12:24:7e:68 ESSID=PSU WiFi (Web Login) @PKT VLAN=803 AP-name=AP105-D1D1
Jan 16 06:56:50 2019 172.19.25.94 stm[701]: <501109> <NOTI> |AP AP105-D1H1@172.19.25.94 stm|  Auth request: 48:a9:1c:14:02:a8: AP 172.19.25.94-9c:1c:12:29:5b:51-AP105-D1H1 auth_alg 0
Jan 16 06:56:50 2019 172.19.25.94 stm[701]: <501093> <NOTI> |AP AP105-D1H1@172.19.25.94 stm|  Auth success: 48:a9:1c:14:02:a8: AP 172.19.25.94-9c:1c:12:29:5b:51-AP105-D1H1
Jan 16 06:56:50 2019 172.19.25.94 stm[701]: <501095> <NOTI> |AP AP105-D1H1@172.19.25.94 stm|  Assoc request @ 06:56:50.865200: 48:a9:1c:14:02:a8 (SN 1164): AP 172.19.25.94-9c:1c:12:29:5b:51-AP105-D1H1
Jan 16 06:56:50 2019 172.19.25.94 stm[701]: <501100> <NOTI> |AP AP105-D1H1@172.19.25.94 stm|  Assoc success @ 06:56:50.866563: 48:a9:1c:14:02:a8: AP 172.19.25.94-9c:1c:12:29:5b:51-AP105-D1H1
Jan 16 06:56:50 2019 Aruba3600 authmgr[2326]: <522036> <INFO> <Aruba3600 172.19.0.30>  MAC=48:a9:1c:14:02:a8 Station DN: BSSID=9c:1c:12:29:5b:29 ESSID=PSU WiFi (802.1x) @PKT VLAN=804 AP-name=AP105-D1H2
Jan 16 06:56:50 2019 Aruba3600 stm[1984]: <501080> <NOTI> <Aruba3600 172.19.0.30>  Deauth to sta: 48:a9:1c:14:02:a8: Ageout AP 172.19.25.95-9c:1c:12:29:5b:29-AP105-D1H2 STA has roamed to another AP
Jan 16 06:56:50 2019 Aruba3600 stm[1984]: <501100> <NOTI> <Aruba3600 172.19.0.30>  Assoc success @ 06:56:50.904136: 48:a9:1c:14:02:a8: AP 172.19.25.94-9c:1c:12:29:5b:51-AP105-D1H1
Jan 16 06:56:50 2019 172.19.25.95 stm[701]: <501105> <NOTI> |AP AP105-D1H2@172.19.25.95 stm|  Deauth from sta: 48:a9:1c:14:02:a8: AP 172.19.25.95-9c:1c:12:29:5b:29-AP105-D1H2 Reason STA has roamed to another AP
Jan 16 06:56:50 2019 Aruba3600 authmgr[2326]: <522035> <INFO> <Aruba3600 172.19.0.30>  MAC=48:a9:1c:14:02:a8 Station UP: BSSID=9c:1c:12:29:5b:51 ESSID=PSU WiFi (802.1x) @PKT VLAN=804 AP-name=AP105-D1H1
Jan 16 06:56:50 2019 Aruba3600 authmgr[2326]: <522044> <INFO> <Aruba3600 172.19.0.30>  MAC=48:a9:1c:14:02:a8 Station authenticate(start): method=802.1x, role=authenticated/authenticated//logon, VLAN=804/804, Derivation=7/1, Value Pair=0, flags=0x8 
Jan 16 06:56:50 2019 Aruba3600 authmgr[2326]: <522049> <INFO> <Aruba3600 172.19.0.30>  MAC=48:a9:1c:14:02:a8,IP=N/A User role updated, existing Role=authenticated/none, new Role=authenticated/none, reason=station Authenticated with auth type:  802.1x
Jan 16 06:56:50 2019 Aruba3600 authmgr[2326]: <522050> <INFO> <Aruba3600 172.19.0.30>  MAC=48:a9:1c:14:02:a8,IP=N/A User data downloaded to datapath, new Role=authenticated/68, bw Contract=0/0, reason=Download driven by user role setting, idle-timeout=300
Jan 16 06:56:50 2019 Aruba3600 authmgr[2326]: <522029> <INFO> <Aruba3600 172.19.0.30>  MAC=48:a9:1c:14:02:a8 Station authenticate: method=802.1x, role=authenticated/authenticated//logon, VLAN=804/804, Derivation=7/1, Value Pair=0 
Jan 16 06:56:50 2019 Aruba3600 authmgr[2326]: <522008> <NOTI> <Aruba3600 172.19.0.30>  User Authentication Successful: username=6135512045 MAC=48:a9:1c:14:02:a8 IP=172.19.29.236 role=authenticated VLAN=804 AP=AP105-D1H1 SSID=PSU WiFi (802.1x) @PKT AAA profile=dot1x_aaa auth method=802.1x auth server=radius.phuket
Jan 16 06:57:03 2019 172.19.25.78 stm[703]: <501109> <NOTI> |AP AP105-D1D1@172.19.25.78 stm|  Auth request: e0:66:78:96:5f:0b: AP 172.19.25.78-9c:1c:12:24:7e:68-AP105-D1D1 auth_alg 0
Jan 16 06:57:03 2019 172.19.25.78 stm[703]: <501093> <NOTI> |AP AP105-D1D1@172.19.25.78 stm|  Auth success: e0:66:78:96:5f:0b: AP 172.19.25.78-9c:1c:12:24:7e:68-AP105-D1D1
Jan 16 06:57:03 2019 172.19.25.78 stm[703]: <501095> <NOTI> |AP AP105-D1D1@172.19.25.78 stm|  Assoc request @ 06:57:03.240280: e0:66:78:96:5f:0b (SN 1811): AP 172.19.25.78-9c:1c:12:24:7e:68-AP105-D1D1
Jan 16 06:57:03 2019 172.19.25.78 stm[703]: <501100> <NOTI> |AP AP105-D1D1@172.19.25.78 stm|  Assoc success @ 06:57:03.242383: e0:66:78:96:5f:0b: AP 172.19.25.78-9c:1c:12:24:7e:68-AP105-D1D1
Jan 16 06:57:03 2019 Aruba3600 stm[1984]: <501100> <NOTI> <Aruba3600 172.19.0.30>  Assoc success @ 06:57:03.262836: e0:66:78:96:5f:0b: AP 172.19.25.78-9c:1c:12:24:7e:68-AP105-D1D1
Jan 16 06:57:03 2019 Aruba3600 authmgr[2326]: <522035> <INFO> <Aruba3600 172.19.0.30>  MAC=e0:66:78:96:5f:0b Station UP: BSSID=9c:1c:12:24:7e:68 ESSID=PSU WiFi (Web Login) @PKT VLAN=803 AP-name=AP105-D1D1
