Jan 16 06:57:05 2019 172.19.25.93 stm[702]: <501109> <NOTI> |AP AP105-D1G4@172.19.25.93 stm|  Auth request: 48:4b:aa:c5:0a:a5: AP 172.19.25.93-9c:1c:12:29:59:38-AP105-D1G4 auth_alg 0
Jan 16 06:57:05 2019 172.19.25.93 stm[702]: <501093> <NOTI> |AP AP105-D1G4@172.19.25.93 stm|  Auth success: 48:4b:aa:c5:0a:a5: AP 172.19.25.93-9c:1c:12:29:59:38-AP105-D1G4
Jan 16 06:57:05 2019 172.19.25.93 stm[702]: <501095> <NOTI> |AP AP105-D1G4@172.19.25.93 stm|  Assoc request @ 06:57:05.637057: 48:4b:aa:c5:0a:a5 (SN 3081): AP 172.19.25.93-9c:1c:12:29:59:38-AP105-D1G4
Jan 16 06:57:05 2019 172.19.25.93 stm[702]: <501100> <NOTI> |AP AP105-D1G4@172.19.25.93 stm|  Assoc success @ 06:57:05.638839: 48:4b:aa:c5:0a:a5: AP 172.19.25.93-9c:1c:12:29:59:38-AP105-D1G4
Jan 16 06:57:05 2019 Aruba3600 stm[1984]: <501100> <NOTI> <Aruba3600 172.19.0.30>  Assoc success @ 06:57:05.646211: 48:4b:aa:c5:0a:a5: AP 172.19.25.93-9c:1c:12:29:59:38-AP105-D1G4
Jan 16 06:57:05 2019 Aruba3600 authmgr[2326]: <522035> <INFO> <Aruba3600 172.19.0.30>  MAC=48:4b:aa:c5:0a:a5 Station UP: BSSID=9c:1c:12:29:59:38 ESSID=PSU WiFi (Web Login) @PKT VLAN=803 AP-name=AP105-D1G4
Jan 16 06:57:05 2019 Aruba3600 authmgr[2326]: <522049> <INFO> <Aruba3600 172.19.0.30>  MAC=00:00:00:00:00:00,IP=N/A User role updated, existing Role=none/none, new Role=logon/none, reason=mac user created
Jan 16 06:57:05 2019 Aruba3600 authmgr[2326]: <522049> <INFO> <Aruba3600 172.19.0.30>  MAC=48:4b:aa:c5:0a:a5,IP=N/A User role updated, existing Role=logon/none, new Role=guest-logon/none, reason=Set AAA profile defaults
Jan 16 06:57:05 2019 Aruba3600 authmgr[2326]: <522050> <INFO> <Aruba3600 172.19.0.30>  MAC=48:4b:aa:c5:0a:a5,IP=N/A User data downloaded to datapath, new Role=guest-logon/9, bw Contract=0/0, reason=layer 2 event driven download, idle-timeout=300
Jan 16 06:57:05 2019 Aruba3600 authmgr[1960]: <522026> <INFO> <Aruba3600 172.19.0.30>  MAC=48:4b:aa:c5:0a:a5 IP=172.19.28.169 User miss: ingress=0x10132, VLAN=803 flags=0x8040
Jan 16 06:57:05 2019 Aruba3600 authmgr[1960]: <522006> <INFO> <Aruba3600 172.19.0.30>  MAC=48:4b:aa:c5:0a:a5 IP=172.19.28.169 User entry added: reason=Sibtye
Jan 16 06:57:05 2019 Aruba3600 mdns[2066]: <527004> <INFO> <Aruba3600 172.19.0.30>  mdns_parse_auth_useradd_message 226 Auth User ADD: MAC:48:4b:aa:c5:0a:a5, IP:172.19.28.169, VLAN:803, Role:guest-logon Name: APName:AP105-D1G4 Type:1. Groups: 
Jan 16 06:57:05 2019 Aruba3600 authmgr[1960]: <522050> <INFO> <Aruba3600 172.19.0.30>  MAC=48:4b:aa:c5:0a:a5,IP=172.19.28.169 User data downloaded to datapath, new Role=guest-logon/9, bw Contract=0/0, reason=New user IP processing, idle-timeout=300
Jan 16 06:57:08 2019 172.19.25.103 stm[704]: <501109> <NOTI> |AP AP105-D_Base-06@172.19.25.103 stm|  Auth request: d4:a3:3d:8c:91:f5: AP 172.19.25.103-9c:1c:12:1c:18:91-AP105-D_Base-06 auth_alg 0
Jan 16 06:57:08 2019 172.19.25.103 stm[704]: <501093> <NOTI> |AP AP105-D_Base-06@172.19.25.103 stm|  Auth success: d4:a3:3d:8c:91:f5: AP 172.19.25.103-9c:1c:12:1c:18:91-AP105-D_Base-06
Jan 16 06:57:09 2019 Aruba3600 authmgr[1960]: <522038> <INFO> <Aruba3600 172.19.0.30>  username=saipin.ch MAC=b8:57:d8:78:f9:a5 IP=172.19.53.38 Authentication result=Authentication Successful method=Web server=radius.phuket
Jan 16 06:57:09 2019 Aruba3600 authmgr[1960]: <522049> <INFO> <Aruba3600 172.19.0.30>  MAC=b8:57:d8:78:f9:a5,IP=172.19.53.38 User role updated, existing Role=guest-logon/none, new Role=guest-logon/authenticated, reason=User authenticated with auth type:captive portal role derivation:15
Jan 16 06:57:09 2019 Aruba3600 authmgr[1960]: <522050> <INFO> <Aruba3600 172.19.0.30>  MAC=b8:57:d8:78:f9:a5,IP=172.19.53.38 User data downloaded to datapath, new Role=authenticated/68, bw Contract=0/0, reason=Download driven by user role setting, idle-timeout=300
Jan 16 06:57:09 2019 Aruba3600 authmgr[1960]: <522008> <NOTI> <Aruba3600 172.19.0.30>  User Authentication Successful: username=saipin.ch MAC=b8:57:d8:78:f9:a5 IP=172.19.53.38 role=authenticated VLAN=503 AP=AP105-5102A SSID=PSU WiFi (Web Login) @PKT AAA profile=captive_aaa auth method=Web auth server=radius.phuket
Jan 16 06:57:09 2019 Aruba3600 authmgr[1960]: <522038> <INFO> <Aruba3600 172.19.0.30>  username=saipin.ch MAC=b8:57:d8:78:f9:a5 IP=172.19.53.38 Authentication result=Authentication Successful method=radius-accounting server=radius.phuket
Jan 16 06:57:10 2019 172.19.25.82 stm[701]: <501102> <NOTI> |AP AP105-D1E1@172.19.25.82 stm|  Disassoc from sta: 48:74:6e:94:9e:b8: AP 172.19.25.82-9c:1c:12:24:7d:c1-AP105-D1E1 Reason STA has left and is disassociated
Jan 16 06:57:10 2019 Aruba3600 authmgr[2326]: <522036> <INFO> <Aruba3600 172.19.0.30>  MAC=48:74:6e:94:9e:b8 Station DN: BSSID=9c:1c:12:24:7d:c1 ESSID=PSU WiFi (802.1x) @PKT VLAN=802 AP-name=AP105-D1E1
Jan 16 06:57:10 2019 172.19.25.94 stm[701]: <501109> <NOTI> |AP AP105-D1H1@172.19.25.94 stm|  Auth request: 74:b5:87:27:37:8f: AP 172.19.25.94-9c:1c:12:29:5b:51-AP105-D1H1 auth_alg 0
Jan 16 06:57:10 2019 172.19.25.94 stm[701]: <501093> <NOTI> |AP AP105-D1H1@172.19.25.94 stm|  Auth success: 74:b5:87:27:37:8f: AP 172.19.25.94-9c:1c:12:29:5b:51-AP105-D1H1
Jan 16 06:57:10 2019 172.19.25.94 stm[701]: <501095> <NOTI> |AP AP105-D1H1@172.19.25.94 stm|  Assoc request @ 06:57:10.576367: 74:b5:87:27:37:8f (SN 3322): AP 172.19.25.94-9c:1c:12:29:5b:51-AP105-D1H1
Jan 16 06:57:10 2019 172.19.25.94 stm[701]: <501100> <NOTI> |AP AP105-D1H1@172.19.25.94 stm|  Assoc success @ 06:57:10.577628: 74:b5:87:27:37:8f: AP 172.19.25.94-9c:1c:12:29:5b:51-AP105-D1H1
Jan 16 06:57:10 2019 Aruba3600 stm[1984]: <501100> <NOTI> <Aruba3600 172.19.0.30>  Assoc success @ 06:57:10.585525: 74:b5:87:27:37:8f: AP 172.19.25.94-9c:1c:12:29:5b:51-AP105-D1H1
Jan 16 06:57:10 2019 Aruba3600 authmgr[2326]: <522035> <INFO> <Aruba3600 172.19.0.30>  MAC=74:b5:87:27:37:8f Station UP: BSSID=9c:1c:12:29:5b:51 ESSID=PSU WiFi (802.1x) @PKT VLAN=804 AP-name=AP105-D1H1
Jan 16 06:57:11 2019 Aruba3600 authmgr[1960]: <522038> <INFO> <Aruba3600 172.19.0.30>  username=6135512059 MAC=74:b5:87:27:37:8f IP=0.0.0.0 Authentication result=Authentication Successful method=802.1x server=radius.phuket
Jan 16 06:57:11 2019 Aruba3600 authmgr[1960]: <522044> <INFO> <Aruba3600 172.19.0.30>  MAC=74:b5:87:27:37:8f Station authenticate(start): method=802.1x, role=authenticated/authenticated//logon, VLAN=804/804, Derivation=7/1, Value Pair=1, flags=0x8 
Jan 16 06:57:11 2019 Aruba3600 authmgr[1960]: <522049> <INFO> <Aruba3600 172.19.0.30>  MAC=74:b5:87:27:37:8f,IP=N/A User role updated, existing Role=authenticated/none, new Role=authenticated/none, reason=station Authenticated with auth type:  802.1x
Jan 16 06:57:11 2019 Aruba3600 authmgr[1960]: <522050> <INFO> <Aruba3600 172.19.0.30>  MAC=74:b5:87:27:37:8f,IP=N/A User data downloaded to datapath, new Role=authenticated/68, bw Contract=0/0, reason=Download driven by user role setting, idle-timeout=300
Jan 16 06:57:11 2019 Aruba3600 authmgr[1960]: <522029> <INFO> <Aruba3600 172.19.0.30>  MAC=74:b5:87:27:37:8f Station authenticate: method=802.1x, role=authenticated///logon, VLAN=804/804, Derivation=7/1, Value Pair=1 
Jan 16 06:57:11 2019 Aruba3600 authmgr[1960]: <522008> <NOTI> <Aruba3600 172.19.0.30>  User Authentication Successful: username=6135512059 MAC=74:b5:87:27:37:8f IP=172.19.29.136 role=authenticated VLAN=804 AP=AP105-D1H1 SSID=PSU WiFi (802.1x) @PKT AAA profile=dot1x_aaa auth method=802.1x auth server=radius.phuket
Jan 16 06:57:11 2019 Aruba3600 authmgr[1960]: <522038> <INFO> <Aruba3600 172.19.0.30>  username=6135512045 MAC=48:a9:1c:14:02:a8 IP=172.19.29.236 Authentication result=Authentication Successful method=radius-accounting server=radius.phuket
Jan 16 06:57:11 2019 Aruba3600 authmgr[1960]: <522038> <INFO> <Aruba3600 172.19.0.30>  username=6035512013 MAC=4c:74:bf:b4:07:9e IP=172.19.29.3 Authentication result=Authentication Successful method=radius-accounting server=radius.phuket
Jan 16 06:57:11 2019 172.19.25.104 stm[702]: <501109> <NOTI> |AP AP105-D_Base-07@172.19.25.104 stm|  Auth request: d4:a3:3d:8c:91:f5: AP 172.19.25.104-9c:1c:12:1c:18:31-AP105-D_Base-07 auth_alg 0
Jan 16 06:57:11 2019 172.19.25.104 stm[702]: <501093> <NOTI> |AP AP105-D_Base-07@172.19.25.104 stm|  Auth success: d4:a3:3d:8c:91:f5: AP 172.19.25.104-9c:1c:12:1c:18:31-AP105-D_Base-07
Jan 16 06:57:11 2019 Aruba3600 authmgr[1960]: <522038> <INFO> <Aruba3600 172.19.0.30>  username=5830112131 MAC=00:cd:fe:b7:e8:07 IP=172.19.39.195 Authentication result=Authentication Successful method=radius-accounting server=radius.phuket
Jan 16 06:57:11 2019 Aruba3600 authmgr[1960]: <522038> <INFO> <Aruba3600 172.19.0.30>  username=6130612020 MAC=0c:3e:9f:09:7c:7b IP=172.19.27.182 Authentication result=Authentication Successful method=radius-accounting server=radius.phuket
Jan 16 06:57:11 2019 172.19.25.104 stm[702]: <501095> <NOTI> |AP AP105-D_Base-07@172.19.25.104 stm|  Assoc request @ 06:57:11.478930: d4:a3:3d:8c:91:f5 (SN 3683): AP 172.19.25.104-9c:1c:12:1c:18:31-AP105-D_Base-07
Jan 16 06:57:11 2019 172.19.25.104 stm[702]: <501100> <NOTI> |AP AP105-D_Base-07@172.19.25.104 stm|  Assoc success @ 06:57:11.480176: d4:a3:3d:8c:91:f5: AP 172.19.25.104-9c:1c:12:1c:18:31-AP105-D_Base-07
Jan 16 06:57:11 2019 Aruba3600 stm[1984]: <501100> <NOTI> <Aruba3600 172.19.0.30>  Assoc success @ 06:57:11.490040: d4:a3:3d:8c:91:f5: AP 172.19.25.104-9c:1c:12:1c:18:31-AP105-D_Base-07
Jan 16 06:57:11 2019 Aruba3600 authmgr[1960]: <522038> <INFO> <Aruba3600 172.19.0.30>  username=6030212020 MAC=b4:8b:19:7e:bd:fe IP=172.19.29.148 Authentication result=Authentication Successful method=radius-accounting server=radius.phuket
Jan 16 06:57:11 2019 Aruba3600 authmgr[2326]: <522035> <INFO> <Aruba3600 172.19.0.30>  MAC=d4:a3:3d:8c:91:f5 Station UP: BSSID=9c:1c:12:1c:18:31 ESSID=PSU WiFi (802.1x) @PKT VLAN=807 AP-name=AP105-D_Base-07
Jan 16 06:57:11 2019 Aruba3600 authmgr[1960]: <522038> <INFO> <Aruba3600 172.19.0.30>  username=5930213010 MAC=d4:a3:3d:8c:91:f5 IP=0.0.0.0 Authentication result=Authentication Successful method=802.1x server=radius.phuket
Jan 16 06:57:11 2019 Aruba3600 authmgr[1960]: <522044> <INFO> <Aruba3600 172.19.0.30>  MAC=d4:a3:3d:8c:91:f5 Station authenticate(start): method=802.1x, role=authenticated/authenticated//logon, VLAN=807/807, Derivation=7/1, Value Pair=1, flags=0x8 
Jan 16 06:57:11 2019 Aruba3600 authmgr[1960]: <522049> <INFO> <Aruba3600 172.19.0.30>  MAC=d4:a3:3d:8c:91:f5,IP=N/A User role updated, existing Role=authenticated/none, new Role=authenticated/none, reason=station Authenticated with auth type:  802.1x
Jan 16 06:57:11 2019 Aruba3600 authmgr[1960]: <522050> <INFO> <Aruba3600 172.19.0.30>  MAC=d4:a3:3d:8c:91:f5,IP=N/A User data downloaded to datapath, new Role=authenticated/68, bw Contract=0/0, reason=Download driven by user role setting, idle-timeout=300
Jan 16 06:57:11 2019 Aruba3600 authmgr[1960]: <522029> <INFO> <Aruba3600 172.19.0.30>  MAC=d4:a3:3d:8c:91:f5 Station authenticate: method=802.1x, role=authenticated///logon, VLAN=807/807, Derivation=7/1, Value Pair=1 
Jan 16 06:57:11 2019 Aruba3600 authmgr[1960]: <522008> <NOTI> <Aruba3600 172.19.0.30>  User Authentication Successful: username=5930213010 MAC=d4:a3:3d:8c:91:f5 IP=172.19.39.87 role=authenticated VLAN=807 AP=AP105-D_Base-07 SSID=PSU WiFi (802.1x) @PKT AAA profile=dot1x_aaa auth method=802.1x auth server=radius.phuket
Jan 16 06:57:12 2019 Aruba3600 authmgr[1960]: <522038> <INFO> <Aruba3600 172.19.0.30>  username=6030311082 MAC=6c:96:cf:71:f1:ef IP=172.19.29.173 Authentication result=Authentication Successful method=radius-accounting server=radius.phuket
Jan 16 06:57:12 2019 Aruba3600 authmgr[1960]: <522038> <INFO> <Aruba3600 172.19.0.30>  username=5730211076 MAC=88:66:a5:47:e3:60 IP=172.19.39.250 Authentication result=Authentication Successful method=radius-accounting server=radius.phuket
Jan 16 06:57:12 2019 Aruba3600 authmgr[1960]: <522038> <INFO> <Aruba3600 172.19.0.30>  username=6030420008 MAC=e0:66:78:96:5f:0b IP=172.19.28.53 Authentication result=Authentication Successful method=radius-accounting server=radius.phuket
Jan 16 06:57:12 2019 Aruba3600 authmgr[1960]: <522038> <INFO> <Aruba3600 172.19.0.30>  username=5835512011 MAC=2c:61:f6:bb:d2:9e IP=172.19.27.143 Authentication result=Authentication Successful method=radius-accounting server=radius.phuket
Jan 16 06:57:12 2019 Aruba3600 authmgr[1960]: <522038> <INFO> <Aruba3600 172.19.0.30>  username=5835512104 MAC=c0:ce:cd:33:f3:d7 IP=172.19.27.112 Authentication result=Authentication Successful method=radius-accounting server=radius.phuket
Jan 16 06:57:13 2019 Aruba3600 authmgr[1960]: <522038> <INFO> <Aruba3600 172.19.0.30>  username=5935512076 MAC=6c:4d:73:dd:e8:c6 IP=172.19.29.10 Authentication result=Authentication Successful method=radius-accounting server=radius.phuket
Jan 16 06:57:13 2019 Aruba3600 authmgr[1960]: <522038> <INFO> <Aruba3600 172.19.0.30>  username=6030420006 MAC=d4:1a:3f:8f:02:15 IP=172.19.39.178 Authentication result=Authentication Successful method=radius-accounting server=radius.phuket
Jan 16 06:57:18 2019 172.19.25.78 stm[703]: <501109> <NOTI> |AP AP105-D1D1@172.19.25.78 stm|  Auth request: e0:66:78:96:5f:0b: AP 172.19.25.78-9c:1c:12:24:7e:68-AP105-D1D1 auth_alg 0
Jan 16 06:57:18 2019 172.19.25.78 stm[703]: <501093> <NOTI> |AP AP105-D1D1@172.19.25.78 stm|  Auth success: e0:66:78:96:5f:0b: AP 172.19.25.78-9c:1c:12:24:7e:68-AP105-D1D1
Jan 16 06:57:18 2019 172.19.25.78 stm[703]: <501095> <NOTI> |AP AP105-D1D1@172.19.25.78 stm|  Assoc request @ 06:57:18.190894: e0:66:78:96:5f:0b (SN 1896): AP 172.19.25.78-9c:1c:12:24:7e:68-AP105-D1D1
Jan 16 06:57:18 2019 172.19.25.78 stm[703]: <501100> <NOTI> |AP AP105-D1D1@172.19.25.78 stm|  Assoc success @ 06:57:18.192121: e0:66:78:96:5f:0b: AP 172.19.25.78-9c:1c:12:24:7e:68-AP105-D1D1
Jan 16 06:57:18 2019 Aruba3600 stm[1984]: <501100> <NOTI> <Aruba3600 172.19.0.30>  Assoc success @ 06:57:18.212927: e0:66:78:96:5f:0b: AP 172.19.25.78-9c:1c:12:24:7e:68-AP105-D1D1
Jan 16 06:57:18 2019 Aruba3600 authmgr[2326]: <522035> <INFO> <Aruba3600 172.19.0.30>  MAC=e0:66:78:96:5f:0b Station UP: BSSID=9c:1c:12:24:7e:68 ESSID=PSU WiFi (Web Login) @PKT VLAN=803 AP-name=AP105-D1D1
Jan 16 06:57:21 2019 172.19.25.93 stm[702]: <501102> <NOTI> |AP AP105-D1G4@172.19.25.93 stm|  Disassoc from sta: 48:4b:aa:c5:0a:a5: AP 172.19.25.93-9c:1c:12:29:59:38-AP105-D1G4 Reason STA has left and is disassociated
Jan 16 06:57:21 2019 Aruba3600 authmgr[2326]: <522036> <INFO> <Aruba3600 172.19.0.30>  MAC=48:4b:aa:c5:0a:a5 Station DN: BSSID=9c:1c:12:29:59:38 ESSID=PSU WiFi (Web Login) @PKT VLAN=803 AP-name=AP105-D1G4
Jan 16 06:57:32 2019 172.19.25.78 stm[703]: <501109> <NOTI> |AP AP105-D1D1@172.19.25.78 stm|  Auth request: e0:66:78:96:5f:0b: AP 172.19.25.78-9c:1c:12:24:7e:68-AP105-D1D1 auth_alg 0
Jan 16 06:57:32 2019 172.19.25.78 stm[703]: <501093> <NOTI> |AP AP105-D1D1@172.19.25.78 stm|  Auth success: e0:66:78:96:5f:0b: AP 172.19.25.78-9c:1c:12:24:7e:68-AP105-D1D1
Jan 16 06:57:32 2019 172.19.25.78 stm[703]: <501095> <NOTI> |AP AP105-D1D1@172.19.25.78 stm|  Assoc request @ 06:57:32.322076: e0:66:78:96:5f:0b (SN 1980): AP 172.19.25.78-9c:1c:12:24:7e:68-AP105-D1D1
Jan 16 06:57:32 2019 172.19.25.78 stm[703]: <501100> <NOTI> |AP AP105-D1D1@172.19.25.78 stm|  Assoc success @ 06:57:32.324018: e0:66:78:96:5f:0b: AP 172.19.25.78-9c:1c:12:24:7e:68-AP105-D1D1
Jan 16 06:57:32 2019 Aruba3600 stm[1984]: <501100> <NOTI> <Aruba3600 172.19.0.30>  Assoc success @ 06:57:32.346294: e0:66:78:96:5f:0b: AP 172.19.25.78-9c:1c:12:24:7e:68-AP105-D1D1
Jan 16 06:57:32 2019 Aruba3600 authmgr[2326]: <522035> <INFO> <Aruba3600 172.19.0.30>  MAC=e0:66:78:96:5f:0b Station UP: BSSID=9c:1c:12:24:7e:68 ESSID=PSU WiFi (Web Login) @PKT VLAN=803 AP-name=AP105-D1D1
Jan 16 06:57:39 2019 172.19.25.86 stm[702]: <501109> <NOTI> |AP AP105-D1F1@172.19.25.86 stm|  Auth request: ac:56:2c:73:22:fd: AP 172.19.25.86-9c:1c:12:29:59:81-AP105-D1F1 auth_alg 0
Jan 16 06:57:39 2019 172.19.25.86 stm[702]: <501093> <NOTI> |AP AP105-D1F1@172.19.25.86 stm|  Auth success: ac:56:2c:73:22:fd: AP 172.19.25.86-9c:1c:12:29:59:81-AP105-D1F1
Jan 16 06:57:39 2019 172.19.25.86 stm[702]: <501095> <NOTI> |AP AP105-D1F1@172.19.25.86 stm|  Assoc request @ 06:57:39.435828: ac:56:2c:73:22:fd (SN 3101): AP 172.19.25.86-9c:1c:12:29:59:81-AP105-D1F1
Jan 16 06:57:39 2019 172.19.25.86 stm[702]: <501100> <NOTI> |AP AP105-D1F1@172.19.25.86 stm|  Assoc success @ 06:57:39.437228: ac:56:2c:73:22:fd: AP 172.19.25.86-9c:1c:12:29:59:81-AP105-D1F1
Jan 16 06:57:39 2019 Aruba3600 stm[1984]: <501100> <NOTI> <Aruba3600 172.19.0.30>  Assoc success @ 06:57:39.446909: ac:56:2c:73:22:fd: AP 172.19.25.86-9c:1c:12:29:59:81-AP105-D1F1
Jan 16 06:57:39 2019 Aruba3600 authmgr[2326]: <522035> <INFO> <Aruba3600 172.19.0.30>  MAC=ac:56:2c:73:22:fd Station UP: BSSID=9c:1c:12:29:59:81 ESSID=PSU WiFi (802.1x) @PKT VLAN=802 AP-name=AP105-D1F1
Jan 16 06:57:39 2019 Aruba3600 authmgr[2326]: <522049> <INFO> <Aruba3600 172.19.0.30>  MAC=00:00:00:00:00:00,IP=N/A User role updated, existing Role=none/none, new Role=logon/none, reason=mac user created
Jan 16 06:57:39 2019 Aruba3600 authmgr[2326]: <522050> <INFO> <Aruba3600 172.19.0.30>  MAC=ac:56:2c:73:22:fd,IP=N/A User data downloaded to datapath, new Role=logon/2, bw Contract=0/0, reason=layer 2 event driven download, idle-timeout=300
Jan 16 06:57:39 2019 Aruba3600 authmgr[1960]: <522038> <INFO> <Aruba3600 172.19.0.30>  username=5930215014 MAC=ac:56:2c:73:22:fd IP=0.0.0.0 Authentication result=Authentication Successful method=802.1x server=radius.phuket
Jan 16 06:57:39 2019 Aruba3600 authmgr[1960]: <522044> <INFO> <Aruba3600 172.19.0.30>  MAC=ac:56:2c:73:22:fd Station authenticate(start): method=802.1x, role=logon///logon, VLAN=802/802, Derivation=0/0, Value Pair=1, flags=0x8 
Jan 16 06:57:39 2019 Aruba3600 authmgr[1960]: <522049> <INFO> <Aruba3600 172.19.0.30>  MAC=ac:56:2c:73:22:fd,IP=N/A User role updated, existing Role=logon/none, new Role=authenticated/none, reason=station Authenticated with auth type:  802.1x
Jan 16 06:57:39 2019 Aruba3600 authmgr[1960]: <522050> <INFO> <Aruba3600 172.19.0.30>  MAC=ac:56:2c:73:22:fd,IP=N/A User data downloaded to datapath, new Role=authenticated/68, bw Contract=0/0, reason=Download driven by user role setting, idle-timeout=300
Jan 16 06:57:39 2019 Aruba3600 authmgr[1960]: <522029> <INFO> <Aruba3600 172.19.0.30>  MAC=ac:56:2c:73:22:fd Station authenticate: method=802.1x, role=authenticated///logon, VLAN=802/802, Derivation=7/1, Value Pair=1 
Jan 16 06:57:41 2019 Aruba3600 authmgr[1960]: <522026> <INFO> <Aruba3600 172.19.0.30>  MAC=ac:56:2c:73:22:fd IP=172.19.27.211 User miss: ingress=0x10122, VLAN=802 flags=0x8040
Jan 16 06:57:41 2019 Aruba3600 authmgr[1960]: <522006> <INFO> <Aruba3600 172.19.0.30>  MAC=ac:56:2c:73:22:fd IP=172.19.27.211 User entry added: reason=Sibtye
Jan 16 06:57:41 2019 Aruba3600 mdns[2066]: <527004> <INFO> <Aruba3600 172.19.0.30>  mdns_parse_auth_useradd_message 226 Auth User ADD: MAC:ac:56:2c:73:22:fd, IP:172.19.27.211, VLAN:802, Role:authenticated Name:5930215014 APName:AP105-D1F1 Type:1. Groups: 
Jan 16 06:57:41 2019 Aruba3600 authmgr[1960]: <522050> <INFO> <Aruba3600 172.19.0.30>  MAC=ac:56:2c:73:22:fd,IP=172.19.27.211 User data downloaded to datapath, new Role=authenticated/68, bw Contract=0/0, reason=New user IP processing, idle-timeout=300
Jan 16 06:57:41 2019 Aruba3600 authmgr[1960]: <522038> <INFO> <Aruba3600 172.19.0.30>  username=5930215014 MAC=ac:56:2c:73:22:fd IP=172.19.27.211 Authentication result=Authentication Successful method=radius-accounting server=radius.phuket
Jan 16 06:57:47 2019 Aruba3600 authmgr[1960]: <522038> <INFO> <Aruba3600 172.19.0.30>  username=6030214010 MAC=48:a9:1c:52:69:01 IP=172.19.29.114 Authentication result=Authentication Successful method=radius-accounting server=radius.phuket
Jan 16 06:57:47 2019 Aruba3600 authmgr[1960]: <522038> <INFO> <Aruba3600 172.19.0.30>  username=6035512026 MAC=7c:6b:9c:e2:1f:48 IP=172.19.27.175 Authentication result=Authentication Successful method=radius-accounting server=radius.phuket
Jan 16 06:57:47 2019 Aruba3600 authmgr[1960]: <522038> <INFO> <Aruba3600 172.19.0.30>  username=6130112055 MAC=c8:f6:50:3b:0f:52 IP=172.19.39.202 Authentication result=Authentication Successful method=radius-accounting server=radius.phuket
Jan 16 06:57:47 2019 Aruba3600 authmgr[1960]: <522038> <INFO> <Aruba3600 172.19.0.30>  username=5930311118 MAC=24:18:1d:e3:7b:a0 IP=172.19.27.80 Authentication result=Authentication Successful method=radius-accounting server=radius.phuket
Jan 16 06:57:47 2019 Aruba3600 authmgr[1960]: <522038> <INFO> <Aruba3600 172.19.0.30>  username=6030213032 MAC=80:35:c1:3e:19:a6 IP=172.19.26.160 Authentication result=Authentication Successful method=radius-accounting server=radius.phuket
Jan 16 06:57:48 2019 Aruba3600 authmgr[1960]: <522038> <INFO> <Aruba3600 172.19.0.30>  username=5930311050 MAC=38:94:96:ec:6a:7d IP=172.19.27.151 Authentication result=Authentication Successful method=radius-accounting server=radius.phuket
Jan 16 06:57:48 2019 Aruba3600 authmgr[1960]: <522038> <INFO> <Aruba3600 172.19.0.30>  username=6030213035 MAC=38:71:de:7b:51:18 IP=172.19.39.13 Authentication result=Authentication Successful method=radius-accounting server=radius.phuket
Jan 16 06:57:48 2019 Aruba3600 authmgr[1960]: <522038> <INFO> <Aruba3600 172.19.0.30>  username=6130612014 MAC=88:e9:fe:d2:a5:54 IP=172.19.29.221 Authentication result=Authentication Successful method=radius-accounting server=radius.phuket
Jan 16 06:57:48 2019 Aruba3600 authmgr[1960]: <522038> <INFO> <Aruba3600 172.19.0.30>  username=5930112124 MAC=ec:9b:f3:8c:f9:d9 IP=172.19.29.90 Authentication result=Authentication Successful method=radius-accounting server=radius.phuket
Jan 16 06:57:48 2019 Aruba3600 authmgr[1960]: <522038> <INFO> <Aruba3600 172.19.0.30>  username=6030312055 MAC=f0:79:e8:c4:c0:2f IP=172.19.39.29 Authentication result=Authentication Successful method=radius-accounting server=radius.phuket
Jan 16 06:57:48 2019 Aruba3600 authmgr[1960]: <522038> <INFO> <Aruba3600 172.19.0.30>  username=6130112122 MAC=30:d9:d9:1f:56:87 IP=172.19.29.34 Authentication result=Authentication Successful method=radius-accounting server=radius.phuket
Jan 16 06:57:48 2019 Aruba3600 authmgr[1960]: <522038> <INFO> <Aruba3600 172.19.0.30>  username=6130613042 MAC=c8:38:70:3a:af:94 IP=10.99.84.101 Authentication result=Authentication Successful method=radius-accounting server=radius.phuket
Jan 16 06:57:48 2019 Aruba3600 authmgr[1960]: <522038> <INFO> <Aruba3600 172.19.0.30>  username=5735512093 MAC=c8:f2:30:40:33:a6 IP=172.19.29.205 Authentication result=Authentication Successful method=radius-accounting server=radius.phuket
Jan 16 06:57:53 2019 172.19.25.103 stm[704]: <501106> <NOTI> |AP AP105-D_Base-06@172.19.25.103 stm|  Deauth to sta: d4:a3:3d:8c:91:f5: Ageout AP 172.19.25.103-9c:1c:12:1c:18:91-AP105-D_Base-06 handle_sapcp
Jan 16 06:57:53 2019 172.19.25.103 stm[704]: <501080> <NOTI> |AP AP105-D_Base-06@172.19.25.103 stm|  Deauth to sta: d4:a3:3d:8c:91:f5: Ageout AP 172.19.25.103-9c:1c:12:1c:18:91-AP105-D_Base-06 Sapcp Ageout (internal ageout) 
Jan 16 06:57:58 2019 Aruba3600 authmgr[1960]: <522005> <INFO> <Aruba3600 172.19.0.30>  MAC=68:64:4b:5e:e6:b5 IP=172.19.27.207 User entry deleted: reason=user request
Jan 16 06:57:58 2019 Aruba3600 authmgr[1960]: <522050> <INFO> <Aruba3600 172.19.0.30>  MAC=68:64:4b:5e:e6:b5,IP=N/A User data downloaded to datapath, new Role=authenticated/68, bw Contract=0/0, reason=Station resetting role, idle-timeout=300
Jan 16 06:57:58 2019 Aruba3600 mdns[2066]: <527004> <INFO> <Aruba3600 172.19.0.30>  mdns_parse_auth_useridle_message 169 Auth User Idle Timeout: MAC:68:64:4b:5e:e6:b5
Jan 16 06:57:58 2019 Aruba3600 authmgr[1960]: <522038> <INFO> <Aruba3600 172.19.0.30>  username=5835512069 MAC=68:64:4b:5e:e6:b5 IP=172.19.27.207 Authentication result=Authentication Successful method=radius-accounting server=radius.phuket
Jan 16 06:58:00 2019 172.19.25.78 stm[703]: <501109> <NOTI> |AP AP105-D1D1@172.19.25.78 stm|  Auth request: e0:66:78:96:5f:0b: AP 172.19.25.78-9c:1c:12:24:7e:68-AP105-D1D1 auth_alg 0
Jan 16 06:58:00 2019 172.19.25.78 stm[703]: <501093> <NOTI> |AP AP105-D1D1@172.19.25.78 stm|  Auth success: e0:66:78:96:5f:0b: AP 172.19.25.78-9c:1c:12:24:7e:68-AP105-D1D1
Jan 16 06:58:00 2019 172.19.25.78 stm[703]: <501095> <NOTI> |AP AP105-D1D1@172.19.25.78 stm|  Assoc request @ 06:58:00.482300: e0:66:78:96:5f:0b (SN 2085): AP 172.19.25.78-9c:1c:12:24:7e:68-AP105-D1D1
Jan 16 06:58:00 2019 172.19.25.78 stm[703]: <501100> <NOTI> |AP AP105-D1D1@172.19.25.78 stm|  Assoc success @ 06:58:00.484218: e0:66:78:96:5f:0b: AP 172.19.25.78-9c:1c:12:24:7e:68-AP105-D1D1
Jan 16 06:58:00 2019 Aruba3600 stm[1984]: <501100> <NOTI> <Aruba3600 172.19.0.30>  Assoc success @ 06:58:00.505588: e0:66:78:96:5f:0b: AP 172.19.25.78-9c:1c:12:24:7e:68-AP105-D1D1
Jan 16 06:58:00 2019 Aruba3600 authmgr[2326]: <522035> <INFO> <Aruba3600 172.19.0.30>  MAC=e0:66:78:96:5f:0b Station UP: BSSID=9c:1c:12:24:7e:68 ESSID=PSU WiFi (Web Login) @PKT VLAN=803 AP-name=AP105-D1D1
Jan 16 06:58:09 2019 172.19.25.75 stm[700]: <501109> <NOTI> |AP AP105-D1C2@172.19.25.75 stm|  Auth request: 70:56:81:65:f9:73: AP 172.19.25.75-9c:1c:12:24:8c:01-AP105-D1C2 auth_alg 0
Jan 16 06:58:09 2019 172.19.25.75 stm[700]: <501093> <NOTI> |AP AP105-D1C2@172.19.25.75 stm|  Auth success: 70:56:81:65:f9:73: AP 172.19.25.75-9c:1c:12:24:8c:01-AP105-D1C2
Jan 16 06:58:09 2019 172.19.25.75 stm[700]: <501095> <NOTI> |AP AP105-D1C2@172.19.25.75 stm|  Assoc request @ 06:58:09.571085: 70:56:81:65:f9:73 (SN 579): AP 172.19.25.75-9c:1c:12:24:8c:01-AP105-D1C2
Jan 16 06:58:09 2019 172.19.25.75 stm[700]: <501100> <NOTI> |AP AP105-D1C2@172.19.25.75 stm|  Assoc success @ 06:58:09.572405: 70:56:81:65:f9:73: AP 172.19.25.75-9c:1c:12:24:8c:01-AP105-D1C2
Jan 16 06:58:09 2019 Aruba3600 stm[1984]: <501100> <NOTI> <Aruba3600 172.19.0.30>  Assoc success @ 06:58:09.579429: 70:56:81:65:f9:73: AP 172.19.25.75-9c:1c:12:24:8c:01-AP105-D1C2
Jan 16 06:58:09 2019 Aruba3600 authmgr[2326]: <522035> <INFO> <Aruba3600 172.19.0.30>  MAC=70:56:81:65:f9:73 Station UP: BSSID=9c:1c:12:24:8c:01 ESSID=PSU WiFi (802.1x) @PKT VLAN=804 AP-name=AP105-D1C2
Jan 16 06:58:09 2019 Aruba3600 authmgr[2326]: <522049> <INFO> <Aruba3600 172.19.0.30>  MAC=00:00:00:00:00:00,IP=N/A User role updated, existing Role=none/none, new Role=logon/none, reason=mac user created
Jan 16 06:58:09 2019 Aruba3600 authmgr[2326]: <522050> <INFO> <Aruba3600 172.19.0.30>  MAC=70:56:81:65:f9:73,IP=N/A User data downloaded to datapath, new Role=logon/2, bw Contract=0/0, reason=layer 2 event driven download, idle-timeout=300
Jan 16 06:58:09 2019 Aruba3600 authmgr[1960]: <522038> <INFO> <Aruba3600 172.19.0.30>  username=5935512076 MAC=70:56:81:65:f9:73 IP=0.0.0.0 Authentication result=Authentication Successful method=802.1x server=radius.phuket
Jan 16 06:58:09 2019 Aruba3600 authmgr[1960]: <522044> <INFO> <Aruba3600 172.19.0.30>  MAC=70:56:81:65:f9:73 Station authenticate(start): method=802.1x, role=logon///logon, VLAN=804/804, Derivation=0/0, Value Pair=1, flags=0x8 
Jan 16 06:58:09 2019 Aruba3600 authmgr[1960]: <522049> <INFO> <Aruba3600 172.19.0.30>  MAC=70:56:81:65:f9:73,IP=N/A User role updated, existing Role=logon/none, new Role=authenticated/none, reason=station Authenticated with auth type:  802.1x
Jan 16 06:58:09 2019 Aruba3600 authmgr[1960]: <522050> <INFO> <Aruba3600 172.19.0.30>  MAC=70:56:81:65:f9:73,IP=N/A User data downloaded to datapath, new Role=authenticated/68, bw Contract=0/0, reason=Download driven by user role setting, idle-timeout=300
Jan 16 06:58:09 2019 Aruba3600 authmgr[1960]: <522029> <INFO> <Aruba3600 172.19.0.30>  MAC=70:56:81:65:f9:73 Station authenticate: method=802.1x, role=authenticated///logon, VLAN=804/804, Derivation=7/1, Value Pair=1 
Jan 16 06:58:13 2019 172.19.25.93 stm[702]: <501109> <NOTI> |AP AP105-D1G4@172.19.25.93 stm|  Auth request: 48:4b:aa:c5:0a:a5: AP 172.19.25.93-9c:1c:12:29:59:38-AP105-D1G4 auth_alg 0
Jan 16 06:58:13 2019 172.19.25.93 stm[702]: <501093> <NOTI> |AP AP105-D1G4@172.19.25.93 stm|  Auth success: 48:4b:aa:c5:0a:a5: AP 172.19.25.93-9c:1c:12:29:59:38-AP105-D1G4
Jan 16 06:58:13 2019 172.19.25.93 stm[702]: <501095> <NOTI> |AP AP105-D1G4@172.19.25.93 stm|  Assoc request @ 06:58:13.023704: 48:4b:aa:c5:0a:a5 (SN 3158): AP 172.19.25.93-9c:1c:12:29:59:38-AP105-D1G4
Jan 16 06:58:13 2019 172.19.25.93 stm[702]: <501100> <NOTI> |AP AP105-D1G4@172.19.25.93 stm|  Assoc success @ 06:58:13.025460: 48:4b:aa:c5:0a:a5: AP 172.19.25.93-9c:1c:12:29:59:38-AP105-D1G4
Jan 16 06:58:13 2019 Aruba3600 stm[1984]: <501100> <NOTI> <Aruba3600 172.19.0.30>  Assoc success @ 06:58:13.033091: 48:4b:aa:c5:0a:a5: AP 172.19.25.93-9c:1c:12:29:59:38-AP105-D1G4
Jan 16 06:58:13 2019 Aruba3600 authmgr[2326]: <522035> <INFO> <Aruba3600 172.19.0.30>  MAC=48:4b:aa:c5:0a:a5 Station UP: BSSID=9c:1c:12:29:59:38 ESSID=PSU WiFi (Web Login) @PKT VLAN=803 AP-name=AP105-D1G4
Jan 16 06:58:13 2019 Aruba3600 authmgr[1960]: <522026> <INFO> <Aruba3600 172.19.0.30>  MAC=70:56:81:65:f9:73 IP=172.19.29.137 User miss: ingress=0x100c7, VLAN=804 flags=0xc040
Jan 16 06:58:13 2019 Aruba3600 authmgr[1960]: <522006> <INFO> <Aruba3600 172.19.0.30>  MAC=70:56:81:65:f9:73 IP=172.19.29.137 User entry added: reason=Sibtye
Jan 16 06:58:13 2019 Aruba3600 mdns[2066]: <527004> <INFO> <Aruba3600 172.19.0.30>  mdns_parse_auth_useradd_message 226 Auth User ADD: MAC:70:56:81:65:f9:73, IP:172.19.29.137, VLAN:804, Role:authenticated Name:5935512076 APName:AP105-D1C2 Type:1. Groups: 
Jan 16 06:58:13 2019 Aruba3600 authmgr[1960]: <522050> <INFO> <Aruba3600 172.19.0.30>  MAC=70:56:81:65:f9:73,IP=172.19.29.137 User data downloaded to datapath, new Role=authenticated/68, bw Contract=0/0, reason=New user IP processing, idle-timeout=300
Jan 16 06:58:13 2019 Aruba3600 authmgr[1960]: <522038> <INFO> <Aruba3600 172.19.0.30>  username=5935512076 MAC=70:56:81:65:f9:73 IP=172.19.29.137 Authentication result=Authentication Successful method=radius-accounting server=radius.phuket
Jan 16 06:58:14 2019 172.19.25.78 stm[703]: <501109> <NOTI> |AP AP105-D1D1@172.19.25.78 stm|  Auth request: e0:66:78:96:5f:0b: AP 172.19.25.78-9c:1c:12:24:7e:68-AP105-D1D1 auth_alg 0
Jan 16 06:58:14 2019 172.19.25.78 stm[703]: <501093> <NOTI> |AP AP105-D1D1@172.19.25.78 stm|  Auth success: e0:66:78:96:5f:0b: AP 172.19.25.78-9c:1c:12:24:7e:68-AP105-D1D1
Jan 16 06:58:14 2019 172.19.25.78 stm[703]: <501095> <NOTI> |AP AP105-D1D1@172.19.25.78 stm|  Assoc request @ 06:58:14.398686: e0:66:78:96:5f:0b (SN 2176): AP 172.19.25.78-9c:1c:12:24:7e:68-AP105-D1D1
Jan 16 06:58:14 2019 Aruba3600 stm[1984]: <501100> <NOTI> <Aruba3600 172.19.0.30>  Assoc success @ 06:58:14.420667: e0:66:78:96:5f:0b: AP 172.19.25.78-9c:1c:12:24:7e:68-AP105-D1D1
Jan 16 06:58:14 2019 172.19.25.78 stm[703]: <501100> <NOTI> |AP AP105-D1D1@172.19.25.78 stm|  Assoc success @ 06:58:14.399955: e0:66:78:96:5f:0b: AP 172.19.25.78-9c:1c:12:24:7e:68-AP105-D1D1
Jan 16 06:58:14 2019 Aruba3600 authmgr[2326]: <522035> <INFO> <Aruba3600 172.19.0.30>  MAC=e0:66:78:96:5f:0b Station UP: BSSID=9c:1c:12:24:7e:68 ESSID=PSU WiFi (Web Login) @PKT VLAN=803 AP-name=AP105-D1D1
Jan 16 06:58:15 2019 172.19.25.80 stm[699]: <501109> <NOTI> |AP AP105-D1D3@172.19.25.80 stm|  Auth request: f0:79:e8:ca:ee:fd: AP 172.19.25.80-9c:1c:12:24:7c:b1-AP105-D1D3 auth_alg 0
Jan 16 06:58:15 2019 172.19.25.80 stm[699]: <501093> <NOTI> |AP AP105-D1D3@172.19.25.80 stm|  Auth success: f0:79:e8:ca:ee:fd: AP 172.19.25.80-9c:1c:12:24:7c:b1-AP105-D1D3
Jan 16 06:58:15 2019 172.19.25.80 stm[699]: <501095> <NOTI> |AP AP105-D1D3@172.19.25.80 stm|  Assoc request @ 06:58:15.282229: f0:79:e8:ca:ee:fd (SN 294): AP 172.19.25.80-9c:1c:12:24:7c:b1-AP105-D1D3
Jan 16 06:58:15 2019 172.19.25.80 stm[699]: <501100> <NOTI> |AP AP105-D1D3@172.19.25.80 stm|  Assoc success @ 06:58:15.283643: f0:79:e8:ca:ee:fd: AP 172.19.25.80-9c:1c:12:24:7c:b1-AP105-D1D3
Jan 16 06:58:15 2019 Aruba3600 authmgr[2326]: <522036> <INFO> <Aruba3600 172.19.0.30>  MAC=f0:79:e8:ca:ee:fd Station DN: BSSID=9c:1c:12:24:7b:a9 ESSID=PSU WiFi (802.1x) @PKT VLAN=804 AP-name=AP105-D1D4
Jan 16 06:58:15 2019 Aruba3600 stm[1984]: <501080> <NOTI> <Aruba3600 172.19.0.30>  Deauth to sta: f0:79:e8:ca:ee:fd: Ageout AP 172.19.25.81-9c:1c:12:24:7b:a9-AP105-D1D4 STA has roamed to another AP
Jan 16 06:58:15 2019 Aruba3600 stm[1984]: <501100> <NOTI> <Aruba3600 172.19.0.30>  Assoc success @ 06:58:15.351952: f0:79:e8:ca:ee:fd: AP 172.19.25.80-9c:1c:12:24:7c:b1-AP105-D1D3
Jan 16 06:58:15 2019 172.19.25.81 stm[700]: <501105> <NOTI> |AP AP105-D1D4@172.19.25.81 stm|  Deauth from sta: f0:79:e8:ca:ee:fd: AP 172.19.25.81-9c:1c:12:24:7b:a9-AP105-D1D4 Reason STA has roamed to another AP
Jan 16 06:58:15 2019 Aruba3600 authmgr[2326]: <522035> <INFO> <Aruba3600 172.19.0.30>  MAC=f0:79:e8:ca:ee:fd Station UP: BSSID=9c:1c:12:24:7c:b1 ESSID=PSU WiFi (802.1x) @PKT VLAN=804 AP-name=AP105-D1D3
Jan 16 06:58:15 2019 Aruba3600 authmgr[2326]: <522044> <INFO> <Aruba3600 172.19.0.30>  MAC=f0:79:e8:ca:ee:fd Station authenticate(start): method=802.1x, role=authenticated/authenticated//logon, VLAN=804/804, Derivation=7/1, Value Pair=0, flags=0x8 
Jan 16 06:58:15 2019 Aruba3600 authmgr[2326]: <522049> <INFO> <Aruba3600 172.19.0.30>  MAC=f0:79:e8:ca:ee:fd,IP=N/A User role updated, existing Role=authenticated/none, new Role=authenticated/none, reason=station Authenticated with auth type:  802.1x
Jan 16 06:58:15 2019 Aruba3600 authmgr[2326]: <522050> <INFO> <Aruba3600 172.19.0.30>  MAC=f0:79:e8:ca:ee:fd,IP=N/A User data downloaded to datapath, new Role=authenticated/68, bw Contract=0/0, reason=Download driven by user role setting, idle-timeout=300
Jan 16 06:58:15 2019 Aruba3600 authmgr[2326]: <522029> <INFO> <Aruba3600 172.19.0.30>  MAC=f0:79:e8:ca:ee:fd Station authenticate: method=802.1x, role=authenticated/authenticated//logon, VLAN=804/804, Derivation=7/1, Value Pair=0 
Jan 16 06:58:15 2019 Aruba3600 authmgr[2326]: <522008> <NOTI> <Aruba3600 172.19.0.30>  User Authentication Successful: username=6030111039 MAC=f0:79:e8:ca:ee:fd IP=172.19.29.120 role=authenticated VLAN=804 AP=AP105-D1D3 SSID=PSU WiFi (802.1x) @PKT AAA profile=dot1x_aaa auth method=802.1x auth server=radius.phuket
Jan 16 06:58:16 2019 Aruba3600 authmgr[2326]: <522036> <INFO> <Aruba3600 172.19.0.30>  MAC=48:4b:aa:c5:0a:a5 Station DN: BSSID=9c:1c:12:29:59:38 ESSID=PSU WiFi (Web Login) @PKT VLAN=803 AP-name=AP105-D1G4
Jan 16 06:58:16 2019 172.19.25.93 stm[702]: <501102> <NOTI> |AP AP105-D1G4@172.19.25.93 stm|  Disassoc from sta: 48:4b:aa:c5:0a:a5: AP 172.19.25.93-9c:1c:12:29:59:38-AP105-D1G4 Reason STA has left and is disassociated
Jan 16 06:58:22 2019 Aruba3600 authmgr[1960]: <522038> <INFO> <Aruba3600 172.19.0.30>  username=6035512055 MAC=48:e9:f1:ec:7b:f3 IP=172.19.27.32 Authentication result=Authentication Successful method=radius-accounting server=radius.phuket
Jan 16 06:58:22 2019 Aruba3600 authmgr[1960]: <522038> <INFO> <Aruba3600 172.19.0.30>  username=5830312050 MAC=2c:5b:b8:a9:2b:28 IP=172.19.29.106 Authentication result=Authentication Successful method=radius-accounting server=radius.phuket
Jan 16 06:58:22 2019 Aruba3600 authmgr[1960]: <522038> <INFO> <Aruba3600 172.19.0.30>  username=5830112063 MAC=00:ee:bd:a8:66:f6 IP=172.19.29.2 Authentication result=Authentication Successful method=radius-accounting server=radius.phuket
Jan 16 06:58:22 2019 Aruba3600 authmgr[1960]: <522038> <INFO> <Aruba3600 172.19.0.30>  username=6030213025 MAC=20:47:da:0a:50:ad IP=172.19.27.88 Authentication result=Authentication Successful method=radius-accounting server=radius.phuket
Jan 16 06:58:22 2019 Aruba3600 authmgr[1960]: <522038> <INFO> <Aruba3600 172.19.0.30>  username=6030214011 MAC=4c:1a:3d:76:25:d3 IP=172.19.27.48 Authentication result=Authentication Successful method=radius-accounting server=radius.phuket
Jan 16 06:58:22 2019 Aruba3600 authmgr[1960]: <522038> <INFO> <Aruba3600 172.19.0.30>  username=6030213042 MAC=b4:8b:19:25:09:70 IP=172.19.29.18 Authentication result=Authentication Successful method=radius-accounting server=radius.phuket
Jan 16 06:58:24 2019 172.19.25.75 stm[700]: <501102> <NOTI> |AP AP105-D1C2@172.19.25.75 stm|  Disassoc from sta: 70:56:81:65:f9:73: AP 172.19.25.75-9c:1c:12:24:8c:01-AP105-D1C2 Reason STA has left and is disassociated
Jan 16 06:58:24 2019 Aruba3600 authmgr[2326]: <522036> <INFO> <Aruba3600 172.19.0.30>  MAC=70:56:81:65:f9:73 Station DN: BSSID=9c:1c:12:24:8c:01 ESSID=PSU WiFi (802.1x) @PKT VLAN=804 AP-name=AP105-D1C2
Jan 16 06:58:28 2019 172.19.25.78 stm[703]: <501109> <NOTI> |AP AP105-D1D1@172.19.25.78 stm|  Auth request: e0:66:78:96:5f:0b: AP 172.19.25.78-9c:1c:12:24:7e:68-AP105-D1D1 auth_alg 0
Jan 16 06:58:28 2019 172.19.25.78 stm[703]: <501093> <NOTI> |AP AP105-D1D1@172.19.25.78 stm|  Auth success: e0:66:78:96:5f:0b: AP 172.19.25.78-9c:1c:12:24:7e:68-AP105-D1D1
Jan 16 06:58:28 2019 172.19.25.78 stm[703]: <501095> <NOTI> |AP AP105-D1D1@172.19.25.78 stm|  Assoc request @ 06:58:28.233339: e0:66:78:96:5f:0b (SN 2266): AP 172.19.25.78-9c:1c:12:24:7e:68-AP105-D1D1
Jan 16 06:58:28 2019 172.19.25.78 stm[703]: <501100> <NOTI> |AP AP105-D1D1@172.19.25.78 stm|  Assoc success @ 06:58:28.234658: e0:66:78:96:5f:0b: AP 172.19.25.78-9c:1c:12:24:7e:68-AP105-D1D1
Jan 16 06:58:28 2019 Aruba3600 stm[1984]: <501100> <NOTI> <Aruba3600 172.19.0.30>  Assoc success @ 06:58:28.257917: e0:66:78:96:5f:0b: AP 172.19.25.78-9c:1c:12:24:7e:68-AP105-D1D1
Jan 16 06:58:28 2019 Aruba3600 authmgr[2326]: <522035> <INFO> <Aruba3600 172.19.0.30>  MAC=e0:66:78:96:5f:0b Station UP: BSSID=9c:1c:12:24:7e:68 ESSID=PSU WiFi (Web Login) @PKT VLAN=803 AP-name=AP105-D1D1
Jan 16 06:58:42 2019 172.19.25.78 stm[703]: <501109> <NOTI> |AP AP105-D1D1@172.19.25.78 stm|  Auth request: e0:66:78:96:5f:0b: AP 172.19.25.78-9c:1c:12:24:7e:68-AP105-D1D1 auth_alg 0
Jan 16 06:58:42 2019 172.19.25.78 stm[703]: <501093> <NOTI> |AP AP105-D1D1@172.19.25.78 stm|  Auth success: e0:66:78:96:5f:0b: AP 172.19.25.78-9c:1c:12:24:7e:68-AP105-D1D1
Jan 16 06:58:42 2019 172.19.25.78 stm[703]: <501095> <NOTI> |AP AP105-D1D1@172.19.25.78 stm|  Assoc request @ 06:58:42.259732: e0:66:78:96:5f:0b (SN 2356): AP 172.19.25.78-9c:1c:12:24:7e:68-AP105-D1D1
Jan 16 06:58:42 2019 172.19.25.78 stm[703]: <501100> <NOTI> |AP AP105-D1D1@172.19.25.78 stm|  Assoc success @ 06:58:42.261700: e0:66:78:96:5f:0b: AP 172.19.25.78-9c:1c:12:24:7e:68-AP105-D1D1
Jan 16 06:58:42 2019 Aruba3600 stm[1984]: <501100> <NOTI> <Aruba3600 172.19.0.30>  Assoc success @ 06:58:42.286008: e0:66:78:96:5f:0b: AP 172.19.25.78-9c:1c:12:24:7e:68-AP105-D1D1
Jan 16 06:58:42 2019 Aruba3600 authmgr[2326]: <522035> <INFO> <Aruba3600 172.19.0.30>  MAC=e0:66:78:96:5f:0b Station UP: BSSID=9c:1c:12:24:7e:68 ESSID=PSU WiFi (Web Login) @PKT VLAN=803 AP-name=AP105-D1D1
Jan 16 06:58:52 2019 172.19.25.66 stm[702]: <501109> <NOTI> |AP AP105-D1A1@172.19.25.66 stm|  Auth request: cc:25:ef:53:6a:46: AP 172.19.25.66-9c:1c:12:24:8a:51-AP105-D1A1 auth_alg 0
Jan 16 06:58:52 2019 172.19.25.66 stm[702]: <501093> <NOTI> |AP AP105-D1A1@172.19.25.66 stm|  Auth success: cc:25:ef:53:6a:46: AP 172.19.25.66-9c:1c:12:24:8a:51-AP105-D1A1
Jan 16 06:58:52 2019 Aruba3600 authmgr[2326]: <522036> <INFO> <Aruba3600 172.19.0.30>  MAC=cc:25:ef:53:6a:46 Station DN: BSSID=9c:1c:12:24:8a:59 ESSID=PSU WiFi (802.1x) @PKT VLAN=802 AP-name=AP105-D1A1
Jan 16 06:58:52 2019 172.19.25.66 stm[702]: <501095> <NOTI> |AP AP105-D1A1@172.19.25.66 stm|  Assoc request @ 06:58:52.757622: cc:25:ef:53:6a:46 (SN 3172): AP 172.19.25.66-9c:1c:12:24:8a:51-AP105-D1A1
Jan 16 06:58:52 2019 172.19.25.66 stm[702]: <501080> <NOTI> |AP AP105-D1A1@172.19.25.66 stm|  Deauth to sta: cc:25:ef:53:6a:46: Ageout AP 172.19.25.66-9c:1c:12:24:8a:59-AP105-D1A1 STA has roamed to another AP
Jan 16 06:58:52 2019 172.19.25.66 stm[702]: <501100> <NOTI> |AP AP105-D1A1@172.19.25.66 stm|  Assoc success @ 06:58:52.762924: cc:25:ef:53:6a:46: AP 172.19.25.66-9c:1c:12:24:8a:51-AP105-D1A1
Jan 16 06:58:52 2019 Aruba3600 stm[1984]: <501100> <NOTI> <Aruba3600 172.19.0.30>  Assoc success @ 06:58:52.827220: cc:25:ef:53:6a:46: AP 172.19.25.66-9c:1c:12:24:8a:51-AP105-D1A1
Jan 16 06:58:52 2019 Aruba3600 authmgr[2326]: <522035> <INFO> <Aruba3600 172.19.0.30>  MAC=cc:25:ef:53:6a:46 Station UP: BSSID=9c:1c:12:24:8a:51 ESSID=PSU WiFi (802.1x) @PKT VLAN=802 AP-name=AP105-D1A1
Jan 16 06:58:52 2019 Aruba3600 authmgr[2326]: <522044> <INFO> <Aruba3600 172.19.0.30>  MAC=cc:25:ef:53:6a:46 Station authenticate(start): method=802.1x, role=authenticated/authenticated//logon, VLAN=802/802, Derivation=7/1, Value Pair=0, flags=0x8 
Jan 16 06:58:52 2019 Aruba3600 authmgr[2326]: <522049> <INFO> <Aruba3600 172.19.0.30>  MAC=cc:25:ef:53:6a:46,IP=N/A User role updated, existing Role=authenticated/none, new Role=authenticated/none, reason=station Authenticated with auth type:  802.1x
Jan 16 06:58:52 2019 Aruba3600 authmgr[2326]: <522050> <INFO> <Aruba3600 172.19.0.30>  MAC=cc:25:ef:53:6a:46,IP=N/A User data downloaded to datapath, new Role=authenticated/68, bw Contract=0/0, reason=Download driven by user role setting, idle-timeout=300
Jan 16 06:58:52 2019 Aruba3600 authmgr[2326]: <522029> <INFO> <Aruba3600 172.19.0.30>  MAC=cc:25:ef:53:6a:46 Station authenticate: method=802.1x, role=authenticated/authenticated//logon, VLAN=802/802, Derivation=7/1, Value Pair=0 
Jan 16 06:58:52 2019 Aruba3600 authmgr[2326]: <522008> <NOTI> <Aruba3600 172.19.0.30>  User Authentication Successful: username=6030112051 MAC=cc:25:ef:53:6a:46 IP=172.19.27.37 role=authenticated VLAN=802 AP=AP105-D1A1 SSID=PSU WiFi (802.1x) @PKT AAA profile=dot1x_aaa auth method=802.1x auth server=radius.phuket
Jan 16 06:58:56 2019 172.19.25.78 stm[703]: <501109> <NOTI> |AP AP105-D1D1@172.19.25.78 stm|  Auth request: e0:66:78:96:5f:0b: AP 172.19.25.78-9c:1c:12:24:7e:68-AP105-D1D1 auth_alg 0
Jan 16 06:58:56 2019 172.19.25.78 stm[703]: <501093> <NOTI> |AP AP105-D1D1@172.19.25.78 stm|  Auth success: e0:66:78:96:5f:0b: AP 172.19.25.78-9c:1c:12:24:7e:68-AP105-D1D1
Jan 16 06:58:56 2019 172.19.25.78 stm[703]: <501095> <NOTI> |AP AP105-D1D1@172.19.25.78 stm|  Assoc request @ 06:58:56.084247: e0:66:78:96:5f:0b (SN 45): AP 172.19.25.78-9c:1c:12:24:7e:68-AP105-D1D1
Jan 16 06:58:56 2019 172.19.25.78 stm[703]: <501100> <NOTI> |AP AP105-D1D1@172.19.25.78 stm|  Assoc success @ 06:58:56.085937: e0:66:78:96:5f:0b: AP 172.19.25.78-9c:1c:12:24:7e:68-AP105-D1D1
Jan 16 06:58:56 2019 Aruba3600 stm[1984]: <501100> <NOTI> <Aruba3600 172.19.0.30>  Assoc success @ 06:58:56.111210: e0:66:78:96:5f:0b: AP 172.19.25.78-9c:1c:12:24:7e:68-AP105-D1D1
Jan 16 06:58:56 2019 Aruba3600 authmgr[2326]: <522035> <INFO> <Aruba3600 172.19.0.30>  MAC=e0:66:78:96:5f:0b Station UP: BSSID=9c:1c:12:24:7e:68 ESSID=PSU WiFi (Web Login) @PKT VLAN=803 AP-name=AP105-D1D1
Jan 16 06:58:58 2019 Aruba3600 authmgr[1960]: <522038> <INFO> <Aruba3600 172.19.0.30>  username=5835512107 MAC=fc:2a:9c:6b:ab:ea IP=172.19.27.55 Authentication result=Authentication Successful method=radius-accounting server=radius.phuket
Jan 16 06:58:58 2019 Aruba3600 authmgr[1960]: <522038> <INFO> <Aruba3600 172.19.0.30>  username=5930213049 MAC=90:e1:7b:80:e3:f2 IP=172.19.39.213 Authentication result=Authentication Successful method=radius-accounting server=radius.phuket
Jan 16 06:58:59 2019 Aruba3600 authmgr[1960]: <522038> <INFO> <Aruba3600 172.19.0.30>  username=5935512073 MAC=3c:b6:b7:0a:68:82 IP=172.19.29.210 Authentication result=Authentication Successful method=radius-accounting server=radius.phuket
Jan 16 06:58:59 2019 Aruba3600 authmgr[1960]: <522038> <INFO> <Aruba3600 172.19.0.30>  username=5830212023 MAC=60:45:cb:02:bd:ce IP=172.19.26.16 Authentication result=Authentication Successful method=radius-accounting server=radius.phuket
Jan 16 06:59:00 2019 172.19.25.91 stm[700]: <501109> <NOTI> |AP AP105-D1G2@172.19.25.91 stm|  Auth request: a0:c9:a0:ac:0c:ed: AP 172.19.25.91-9c:1c:12:29:59:61-AP105-D1G2 auth_alg 0
Jan 16 06:59:00 2019 172.19.25.91 stm[700]: <501093> <NOTI> |AP AP105-D1G2@172.19.25.91 stm|  Auth success: a0:c9:a0:ac:0c:ed: AP 172.19.25.91-9c:1c:12:29:59:61-AP105-D1G2
Jan 16 06:59:00 2019 Aruba3600 authmgr[2326]: <522036> <INFO> <Aruba3600 172.19.0.30>  MAC=a0:c9:a0:ac:0c:ed Station DN: BSSID=9c:1c:12:29:59:69 ESSID=PSU WiFi (802.1x) @PKT VLAN=804 AP-name=AP105-D1G2
Jan 16 06:59:00 2019 172.19.25.91 stm[700]: <501095> <NOTI> |AP AP105-D1G2@172.19.25.91 stm|  Assoc request @ 06:59:00.084705: a0:c9:a0:ac:0c:ed (SN 2112): AP 172.19.25.91-9c:1c:12:29:59:61-AP105-D1G2
Jan 16 06:59:00 2019 172.19.25.91 stm[700]: <501080> <NOTI> |AP AP105-D1G2@172.19.25.91 stm|  Deauth to sta: a0:c9:a0:ac:0c:ed: Ageout AP 172.19.25.91-9c:1c:12:29:59:69-AP105-D1G2 STA has roamed to another AP
Jan 16 06:59:00 2019 172.19.25.91 stm[700]: <501100> <NOTI> |AP AP105-D1G2@172.19.25.91 stm|  Assoc success @ 06:59:00.088048: a0:c9:a0:ac:0c:ed: AP 172.19.25.91-9c:1c:12:29:59:61-AP105-D1G2
Jan 16 06:59:00 2019 Aruba3600 stm[1984]: <501100> <NOTI> <Aruba3600 172.19.0.30>  Assoc success @ 06:59:00.149730: a0:c9:a0:ac:0c:ed: AP 172.19.25.91-9c:1c:12:29:59:61-AP105-D1G2
Jan 16 06:59:00 2019 Aruba3600 authmgr[2326]: <522035> <INFO> <Aruba3600 172.19.0.30>  MAC=a0:c9:a0:ac:0c:ed Station UP: BSSID=9c:1c:12:29:59:61 ESSID=PSU WiFi (802.1x) @PKT VLAN=804 AP-name=AP105-D1G2
Jan 16 06:59:10 2019 172.19.25.78 stm[703]: <501109> <NOTI> |AP AP105-D1D1@172.19.25.78 stm|  Auth request: e0:66:78:96:5f:0b: AP 172.19.25.78-9c:1c:12:24:7e:68-AP105-D1D1 auth_alg 0
Jan 16 06:59:10 2019 172.19.25.78 stm[703]: <501093> <NOTI> |AP AP105-D1D1@172.19.25.78 stm|  Auth success: e0:66:78:96:5f:0b: AP 172.19.25.78-9c:1c:12:24:7e:68-AP105-D1D1
Jan 16 06:59:10 2019 172.19.25.78 stm[703]: <501095> <NOTI> |AP AP105-D1D1@172.19.25.78 stm|  Assoc request @ 06:59:10.317892: e0:66:78:96:5f:0b (SN 137): AP 172.19.25.78-9c:1c:12:24:7e:68-AP105-D1D1
Jan 16 06:59:10 2019 172.19.25.78 stm[703]: <501100> <NOTI> |AP AP105-D1D1@172.19.25.78 stm|  Assoc success @ 06:59:10.319242: e0:66:78:96:5f:0b: AP 172.19.25.78-9c:1c:12:24:7e:68-AP105-D1D1
Jan 16 06:59:10 2019 Aruba3600 stm[1984]: <501100> <NOTI> <Aruba3600 172.19.0.30>  Assoc success @ 06:59:10.343142: e0:66:78:96:5f:0b: AP 172.19.25.78-9c:1c:12:24:7e:68-AP105-D1D1
Jan 16 06:59:10 2019 Aruba3600 authmgr[2326]: <522035> <INFO> <Aruba3600 172.19.0.30>  MAC=e0:66:78:96:5f:0b Station UP: BSSID=9c:1c:12:24:7e:68 ESSID=PSU WiFi (Web Login) @PKT VLAN=803 AP-name=AP105-D1D1
Jan 16 06:59:13 2019 172.19.25.75 stm[700]: <501109> <NOTI> |AP AP105-D1C2@172.19.25.75 stm|  Auth request: 6c:40:08:48:b4:8a: AP 172.19.25.75-9c:1c:12:24:8c:01-AP105-D1C2 auth_alg 0
Jan 16 06:59:13 2019 172.19.25.75 stm[700]: <501093> <NOTI> |AP AP105-D1C2@172.19.25.75 stm|  Auth success: 6c:40:08:48:b4:8a: AP 172.19.25.75-9c:1c:12:24:8c:01-AP105-D1C2
Jan 16 06:59:13 2019 172.19.25.75 stm[700]: <501095> <NOTI> |AP AP105-D1C2@172.19.25.75 stm|  Assoc request @ 06:59:13.102819: 6c:40:08:48:b4:8a (SN 3): AP 172.19.25.75-9c:1c:12:24:8c:01-AP105-D1C2
Jan 16 06:59:13 2019 172.19.25.75 stm[700]: <501100> <NOTI> |AP AP105-D1C2@172.19.25.75 stm|  Assoc success @ 06:59:13.104092: 6c:40:08:48:b4:8a: AP 172.19.25.75-9c:1c:12:24:8c:01-AP105-D1C2
Jan 16 06:59:13 2019 Aruba3600 stm[1984]: <501100> <NOTI> <Aruba3600 172.19.0.30>  Assoc success @ 06:59:13.113316: 6c:40:08:48:b4:8a: AP 172.19.25.75-9c:1c:12:24:8c:01-AP105-D1C2
Jan 16 06:59:13 2019 Aruba3600 authmgr[2326]: <522035> <INFO> <Aruba3600 172.19.0.30>  MAC=6c:40:08:48:b4:8a Station UP: BSSID=9c:1c:12:24:8c:01 ESSID=PSU WiFi (802.1x) @PKT VLAN=804 AP-name=AP105-D1C2
Jan 16 06:59:13 2019 Aruba3600 authmgr[2326]: <522049> <INFO> <Aruba3600 172.19.0.30>  MAC=00:00:00:00:00:00,IP=N/A User role updated, existing Role=none/none, new Role=logon/none, reason=mac user created
Jan 16 06:59:13 2019 Aruba3600 authmgr[2326]: <522050> <INFO> <Aruba3600 172.19.0.30>  MAC=6c:40:08:48:b4:8a,IP=N/A User data downloaded to datapath, new Role=logon/2, bw Contract=0/0, reason=layer 2 event driven download, idle-timeout=300
Jan 16 06:59:13 2019 Aruba3600 authmgr[1960]: <522038> <INFO> <Aruba3600 172.19.0.30>  username=6035512016 MAC=6c:40:08:48:b4:8a IP=0.0.0.0 Authentication result=Authentication Successful method=802.1x server=radius.phuket
Jan 16 06:59:13 2019 Aruba3600 authmgr[1960]: <522044> <INFO> <Aruba3600 172.19.0.30>  MAC=6c:40:08:48:b4:8a Station authenticate(start): method=802.1x, role=logon///logon, VLAN=804/804, Derivation=0/0, Value Pair=1, flags=0x8 
Jan 16 06:59:13 2019 Aruba3600 authmgr[1960]: <522049> <INFO> <Aruba3600 172.19.0.30>  MAC=6c:40:08:48:b4:8a,IP=N/A User role updated, existing Role=logon/none, new Role=authenticated/none, reason=station Authenticated with auth type:  802.1x
Jan 16 06:59:13 2019 Aruba3600 authmgr[1960]: <522050> <INFO> <Aruba3600 172.19.0.30>  MAC=6c:40:08:48:b4:8a,IP=N/A User data downloaded to datapath, new Role=authenticated/68, bw Contract=0/0, reason=Download driven by user role setting, idle-timeout=300
Jan 16 06:59:13 2019 Aruba3600 authmgr[1960]: <522029> <INFO> <Aruba3600 172.19.0.30>  MAC=6c:40:08:48:b4:8a Station authenticate: method=802.1x, role=authenticated///logon, VLAN=804/804, Derivation=7/1, Value Pair=1 
Jan 16 06:59:17 2019 Aruba3600 authmgr[1960]: <522026> <INFO> <Aruba3600 172.19.0.30>  MAC=6c:40:08:48:b4:8a IP=172.19.29.175 User miss: ingress=0x100c7, VLAN=804 flags=0x8040
Jan 16 06:59:17 2019 Aruba3600 authmgr[1960]: <522006> <INFO> <Aruba3600 172.19.0.30>  MAC=6c:40:08:48:b4:8a IP=172.19.29.175 User entry added: reason=Sibtye
Jan 16 06:59:17 2019 Aruba3600 mdns[2066]: <527004> <INFO> <Aruba3600 172.19.0.30>  mdns_parse_auth_useradd_message 226 Auth User ADD: MAC:6c:40:08:48:b4:8a, IP:172.19.29.175, VLAN:804, Role:authenticated Name:6035512016 APName:AP105-D1C2 Type:1. Groups: 
Jan 16 06:59:17 2019 Aruba3600 authmgr[1960]: <522050> <INFO> <Aruba3600 172.19.0.30>  MAC=6c:40:08:48:b4:8a,IP=172.19.29.175 User data downloaded to datapath, new Role=authenticated/68, bw Contract=0/0, reason=New user IP processing, idle-timeout=300
